Archive member included to satisfy reference by file (symbol)

/Applications/ArmGNUToolchain/13.2.Rel1/arm-none-eabi/bin/../lib/gcc/arm-none-eabi/13.2.1/thumb/v6-m/nofp/libgcc.a(_dvmd_tls.o)
                              CMakeFiles/OLED.dir/Users/siddp/Pico/pico-sdk/src/rp2_common/pico_divider/divider.S.obj (__aeabi_idiv0)
/Applications/ArmGNUToolchain/13.2.Rel1/arm-none-eabi/bin/../lib/gcc/arm-none-eabi/13.2.1/../../../../arm-none-eabi/lib/thumb/v6-m/nofp/libc.a(libc_a-calloc.o)
                              CMakeFiles/OLED.dir/Users/siddp/Pico/pico-sdk/src/rp2_common/pico_malloc/pico_malloc.c.obj (calloc)
/Applications/ArmGNUToolchain/13.2.Rel1/arm-none-eabi/bin/../lib/gcc/arm-none-eabi/13.2.1/../../../../arm-none-eabi/lib/thumb/v6-m/nofp/libc.a(libc_a-callocr.o)
                              /Applications/ArmGNUToolchain/13.2.Rel1/arm-none-eabi/bin/../lib/gcc/arm-none-eabi/13.2.1/../../../../arm-none-eabi/lib/thumb/v6-m/nofp/libc.a(libc_a-calloc.o) (_calloc_r)
/Applications/ArmGNUToolchain/13.2.Rel1/arm-none-eabi/bin/../lib/gcc/arm-none-eabi/13.2.1/../../../../arm-none-eabi/lib/thumb/v6-m/nofp/libc.a(libc_a-malloc.o)
                              CMakeFiles/OLED.dir/Users/siddp/Pico/pico-sdk/src/rp2_common/pico_malloc/pico_malloc.c.obj (malloc)
/Applications/ArmGNUToolchain/13.2.Rel1/arm-none-eabi/bin/../lib/gcc/arm-none-eabi/13.2.1/../../../../arm-none-eabi/lib/thumb/v6-m/nofp/libc.a(libc_a-mallocr.o)
                              /Applications/ArmGNUToolchain/13.2.Rel1/arm-none-eabi/bin/../lib/gcc/arm-none-eabi/13.2.1/../../../../arm-none-eabi/lib/thumb/v6-m/nofp/libc.a(libc_a-callocr.o) (_malloc_r)
/Applications/ArmGNUToolchain/13.2.Rel1/arm-none-eabi/bin/../lib/gcc/arm-none-eabi/13.2.1/../../../../arm-none-eabi/lib/thumb/v6-m/nofp/libc.a(libc_a-mlock.o)
                              /Applications/ArmGNUToolchain/13.2.Rel1/arm-none-eabi/bin/../lib/gcc/arm-none-eabi/13.2.1/../../../../arm-none-eabi/lib/thumb/v6-m/nofp/libc.a(libc_a-mallocr.o) (__malloc_lock)
/Applications/ArmGNUToolchain/13.2.Rel1/arm-none-eabi/bin/../lib/gcc/arm-none-eabi/13.2.1/../../../../arm-none-eabi/lib/thumb/v6-m/nofp/libc.a(libc_a-realloc.o)
                              CMakeFiles/OLED.dir/Users/siddp/Pico/pico-sdk/src/rp2_common/pico_malloc/pico_malloc.c.obj (realloc)
/Applications/ArmGNUToolchain/13.2.Rel1/arm-none-eabi/bin/../lib/gcc/arm-none-eabi/13.2.1/../../../../arm-none-eabi/lib/thumb/v6-m/nofp/libc.a(libc_a-reallocr.o)
                              /Applications/ArmGNUToolchain/13.2.Rel1/arm-none-eabi/bin/../lib/gcc/arm-none-eabi/13.2.1/../../../../arm-none-eabi/lib/thumb/v6-m/nofp/libc.a(libc_a-realloc.o) (_realloc_r)
/Applications/ArmGNUToolchain/13.2.Rel1/arm-none-eabi/bin/../lib/gcc/arm-none-eabi/13.2.1/../../../../arm-none-eabi/lib/thumb/v6-m/nofp/libc.a(libc_a-memmove.o)
                              /Applications/ArmGNUToolchain/13.2.Rel1/arm-none-eabi/bin/../lib/gcc/arm-none-eabi/13.2.1/../../../../arm-none-eabi/lib/thumb/v6-m/nofp/libc.a(libc_a-reallocr.o) (memmove)
/Applications/ArmGNUToolchain/13.2.Rel1/arm-none-eabi/bin/../lib/gcc/arm-none-eabi/13.2.1/../../../../arm-none-eabi/lib/thumb/v6-m/nofp/libc.a(libc_a-impure.o)
                              /Applications/ArmGNUToolchain/13.2.Rel1/arm-none-eabi/bin/../lib/gcc/arm-none-eabi/13.2.1/../../../../arm-none-eabi/lib/thumb/v6-m/nofp/libc.a(libc_a-calloc.o) (_impure_ptr)
/Applications/ArmGNUToolchain/13.2.Rel1/arm-none-eabi/bin/../lib/gcc/arm-none-eabi/13.2.1/../../../../arm-none-eabi/lib/thumb/v6-m/nofp/libc.a(libc_a-sbrkr.o)
                              /Applications/ArmGNUToolchain/13.2.Rel1/arm-none-eabi/bin/../lib/gcc/arm-none-eabi/13.2.1/../../../../arm-none-eabi/lib/thumb/v6-m/nofp/libc.a(libc_a-mallocr.o) (_sbrk_r)
/Applications/ArmGNUToolchain/13.2.Rel1/arm-none-eabi/bin/../lib/gcc/arm-none-eabi/13.2.1/../../../../arm-none-eabi/lib/thumb/v6-m/nofp/libc.a(libc_a-errno.o)
                              /Applications/ArmGNUToolchain/13.2.Rel1/arm-none-eabi/bin/../lib/gcc/arm-none-eabi/13.2.1/../../../../arm-none-eabi/lib/thumb/v6-m/nofp/libc.a(libc_a-callocr.o) (__errno)
/Applications/ArmGNUToolchain/13.2.Rel1/arm-none-eabi/bin/../lib/gcc/arm-none-eabi/13.2.1/../../../../arm-none-eabi/lib/thumb/v6-m/nofp/libc.a(libc_a-sysconf.o)
                              /Applications/ArmGNUToolchain/13.2.Rel1/arm-none-eabi/bin/../lib/gcc/arm-none-eabi/13.2.1/../../../../arm-none-eabi/lib/thumb/v6-m/nofp/libc.a(libc_a-mallocr.o) (sysconf)
/Applications/ArmGNUToolchain/13.2.Rel1/arm-none-eabi/bin/../lib/gcc/arm-none-eabi/13.2.1/../../../../arm-none-eabi/lib/thumb/v6-m/nofp/libc.a(libc_a-init.o)
                              /Applications/ArmGNUToolchain/13.2.Rel1/arm-none-eabi/bin/../lib/gcc/arm-none-eabi/13.2.1/../../../../arm-none-eabi/lib/thumb/v6-m/nofp/crt0.o (__libc_init_array)
/Applications/ArmGNUToolchain/13.2.Rel1/arm-none-eabi/bin/../lib/gcc/arm-none-eabi/13.2.1/../../../../arm-none-eabi/lib/thumb/v6-m/nofp/libc.a(libc_a-lock.o)
[...]
Memory Configuration

Name             Origin             Length             Attributes
FLASH            0x10000000         0x00200000         xr
RAM              0x20000000         0x00040000         xrw
SCRATCH_X        0x20040000         0x00001000         xrw
SCRATCH_Y        0x20041000         0x00001000         xrw
*default*        0x00000000         0xffffffff

Linker script and memory map

LOAD /Applications/ArmGNUToolchain/13.2.Rel1/arm-none-eabi/bin/../lib/gcc/arm-none-eabi/13.2.1/thumb/v6-m/nofp/crti.o
LOAD /Applications/ArmGNUToolchain/13.2.Rel1/arm-none-eabi/bin/../lib/gcc/arm-none-eabi/13.2.1/thumb/v6-m/nofp/crtbegin.o
LOAD /Applications/ArmGNUToolchain/13.2.Rel1/arm-none-eabi/bin/../lib/gcc/arm-none-eabi/13.2.1/../../../../arm-none-eabi/lib/thumb/v6-m/nofp/crt0.o

.flash_begin    0x10000000        0x0
                0x10000000                        __flash_binary_start = .

.boot2          0x10000000      0x100
                0x10000000                        __boot2_start__ = .
 *(.boot2)
 .boot2         0x10000000      0x100 /var/folders/jb/v8rdwny12k3gxrm3k8wkm36h0000gn/T//ccEtqnjP.o
                0x10000100                        __boot2_end__ = .
                0x00000001                        ASSERT (((__boot2_end__ - __boot2_start__) == 0x100), ERROR: Pico second stage bootloader must be 256 bytes in size)

.text           0x10000100     0x7048
                0x10000100                        __logical_binary_start = .
 *(.vectors)
 .vectors       0x10000100       0xd4 CMakeFiles/OLED.dir/Users/siddp/Pico/pico-sdk/src/rp2_common/pico_standard_link/crt0.S.obj
                0x10000100                __VECTOR_TABLE
                0x10000100                __vectors
                0x100001c0                __default_isrs_start
                0x100001c0                isr_invalid
                0x100001c2                isr_nmi
                0x100001c4                isr_hardfault
                0x100001c6                isr_svcall
                0x100001c8                isr_pendsv
                0x100001ca                isr_systick
                0x100001cc                isr_irq28
                0x100001cc                isr_irq19
                0x100001cc                isr_irq0
                0x100001cc                isr_irq6
                0x100001cc                isr_irq22
                0x100001cc                isr_irq17
                0x100001cc                isr_irq14
                0x100001cc                isr_irq2
                0x100001cc                isr_irq10
                0x100001cc                isr_irq8
                0x100001cc                isr_irq24
                0x100001cc                isr_irq1
                0x100001cc                isr_irq7
                0x100001cc                isr_irq21
                0x100001cc                isr_irq20
                0x100001cc                isr_irq15
                0x100001cc                isr_irq25
                0x100001cc                isr_irq4
                0x100001cc                isr_irq16
                0x100001cc                isr_irq29
                0x100001cc                isr_irq26
                0x100001cc                __default_isrs_end
                0x100001cc                isr_irq3
                0x100001cc                isr_irq9
                0x100001cc                __unhandled_user_irq
                0x100001cc                isr_irq13
                0x100001cc                isr_irq27
                0x100001cc                isr_irq31
                0x100001cc                isr_irq5
                0x100001cc                isr_irq11
                0x100001cc                isr_irq23
                0x100001cc                isr_irq18
                0x100001cc                isr_irq30
                0x100001cc                isr_irq12
                0x100001d2                unhandled_user_irq_num_in_r0
 *(.binary_info_header)
 .binary_info_header
                0x100001d4       0x14 CMakeFiles/OLED.dir/Users/siddp/Pico/pico-sdk/src/rp2_common/pico_standard_link/crt0.S.obj
                0x100001e8                        __binary_info_header_end = .
 *(.reset)
 .reset         0x100001e8       0xa0 CMakeFiles/OLED.dir/Users/siddp/Pico/pico-sdk/src/rp2_common/pico_standard_link/crt0.S.obj
                0x100001e8                _entry_point
 .reset         0x10000288       0x30 CMakeFiles/OLED.dir/Users/siddp/Pico/pico-sdk/src/rp2_common/pico_standard_link/binary_info.c.obj
 *(.init)
 .init          0x100002b8        0x4 /Applications/ArmGNUToolchain/13.2.Rel1/arm-none-eabi/bin/../lib/gcc/arm-none-eabi/13.2.1/thumb/v6-m/nofp/crti.o
                0x100002b8                _init
 *(EXCLUDE_FILE(*libm.a: *libc.a:*lib_a-mem*.o *libgcc.a:) .text*)
 .text.register_tm_clones
                0x100002bc       0x28 /Applications/ArmGNUToolchain/13.2.Rel1/arm-none-eabi/bin/../lib/gcc/arm-none-eabi/13.2.1/thumb/v6-m/nofp/crtbegin.o
 .text.frame_dummy
                0x100002e4       0x24 /Applications/ArmGNUToolchain/13.2.Rel1/arm-none-eabi/bin/../lib/gcc/arm-none-eabi/13.2.1/thumb/v6-m/nofp/crtbegin.o
 .text.startup.main
                0x10000308      0x21c CMakeFiles/OLED.dir/OLED.c.obj
                0x10000308                main
 .text.ssd1306_update
                0x10000524       0xa4 CMakeFiles/OLED.dir/ssd1306.c.obj
                0x10000524                ssd1306_update
 .text.ssd1306_setup
                0x100005c8      0x23c CMakeFiles/OLED.dir/ssd1306.c.obj
                0x100005c8                ssd1306_setup
 .text.ssd1306_drawPixel
                0x10000804       0x34 CMakeFiles/OLED.dir/ssd1306.c.obj
                0x10000804                ssd1306_drawPixel
 .text.gpio_set_function
                0x10000838       0x30 CMakeFiles/OLED.dir/Users/siddp/Pico/pico-sdk/src/rp2_common/hardware_gpio/gpio.c.obj
                0x10000838                gpio_set_function
 .text.gpio_set_pulls
                0x10000868       0x24 CMakeFiles/OLED.dir/Users/siddp/Pico/pico-sdk/src/rp2_common/hardware_gpio/gpio.c.obj
                0x10000868                gpio_set_pulls
 .text.gpio_set_input_enabled
                0x1000088c       0x28 CMakeFiles/OLED.dir/Users/siddp/Pico/pico-sdk/src/rp2_common/hardware_gpio/gpio.c.obj
                0x1000088c                gpio_set_input_enabled
 .text.running_on_fpga
                0x100008b4       0x10 CMakeFiles/OLED.dir/Users/siddp/Pico/pico-sdk/src/rp2_common/pico_platform/platform.c.obj
                0x100008b4                running_on_fpga
 .text.hw_claim_or_assert
                0x100008c4       0x44 CMakeFiles/OLED.dir/Users/siddp/Pico/pico-sdk/src/rp2_common/hardware_claim/claim.c.obj
                0x100008c4                hw_claim_or_assert
 .text.hw_claim_unused_from_range
                0x10000908       0x9c CMakeFiles/OLED.dir/Users/siddp/Pico/pico-sdk/src/rp2_common/hardware_claim/claim.c.obj
                0x10000908                hw_claim_unused_from_range
 .text.spin_locks_reset
                0x100009a4       0x1c CMakeFiles/OLED.dir/Users/siddp/Pico/pico-sdk/src/rp2_common/hardware_sync/sync.c.obj
                0x100009a4                spin_locks_reset
 .text.next_striped_spin_lock_num
                0x100009c0       0x18 CMakeFiles/OLED.dir/Users/siddp/Pico/pico-sdk/src/rp2_common/hardware_sync/sync.c.obj
                0x100009c0                next_striped_spin_lock_num
 .text.spin_lock_claim_unused
                0x100009d8       0x24 CMakeFiles/OLED.dir/Users/siddp/Pico/pico-sdk/src/rp2_common/hardware_sync/sync.c.obj
                0x100009d8                spin_lock_claim_unused
 .text.irq_set_enabled
                0x100009fc       0x24 CMakeFiles/OLED.dir/Users/siddp/Pico/pico-sdk/src/rp2_common/hardware_irq/irq.c.obj
                0x100009fc                irq_set_enabled
 .text.irq_set_pending
                0x10000a20       0x10 CMakeFiles/OLED.dir/Users/siddp/Pico/pico-sdk/src/rp2_common/hardware_irq/irq.c.obj
                0x10000a20                irq_set_pending
 .text.irq_has_shared_handler
                0x10000a30       0x2c CMakeFiles/OLED.dir/Users/siddp/Pico/pico-sdk/src/rp2_common/hardware_irq/irq.c.obj
                0x10000a30                irq_has_shared_handler
 .text.irq_get_vtable_handler
                0x10000a5c       0x10 CMakeFiles/OLED.dir/Users/siddp/Pico/pico-sdk/src/rp2_common/hardware_irq/irq.c.obj
                0x10000a5c                irq_get_vtable_handler
 .text.irq_set_exclusive_handler
                0x10000a6c       0x54 CMakeFiles/OLED.dir/Users/siddp/Pico/pico-sdk/src/rp2_common/hardware_irq/irq.c.obj
                0x10000a6c                irq_set_exclusive_handler
 .text.irq_add_shared_handler
                0x10000ac0      0x1f4 CMakeFiles/OLED.dir/Users/siddp/Pico/pico-sdk/src/rp2_common/hardware_irq/irq.c.obj
                0x10000ac0                irq_add_shared_handler
 .text.irq_remove_handler
                0x10000cb4      0x1c4 CMakeFiles/OLED.dir/Users/siddp/Pico/pico-sdk/src/rp2_common/hardware_irq/irq.c.obj
                0x10000cb4                irq_remove_handler
 .text.irq_add_tail_to_free_list
                0x10000e78       0xb4 CMakeFiles/OLED.dir/Users/siddp/Pico/pico-sdk/src/rp2_common/hardware_irq/irq.c.obj
                0x10000e78                irq_add_tail_to_free_list
 .text.irq_init_priorities
                0x10000f2c       0x24 CMakeFiles/OLED.dir/Users/siddp/Pico/pico-sdk/src/rp2_common/hardware_irq/irq.c.obj
                0x10000f2c                irq_init_priorities
 .text.user_irq_claim_unused
                0x10000f50       0x2c CMakeFiles/OLED.dir/Users/siddp/Pico/pico-sdk/src/rp2_common/hardware_irq/irq.c.obj
                0x10000f50                user_irq_claim_unused
 .text.lock_init
                0x10000f7c       0x10 CMakeFiles/OLED.dir/Users/siddp/Pico/pico-sdk/src/common/pico_sync/lock_core.c.obj
                0x10000f7c                lock_init
 .text.mutex_init
                0x10000f8c       0x1c CMakeFiles/OLED.dir/Users/siddp/Pico/pico-sdk/src/common/pico_sync/mutex.c.obj
                0x10000f8c                mutex_init
 .text.recursive_mutex_init
                0x10000fa8       0x1c CMakeFiles/OLED.dir/Users/siddp/Pico/pico-sdk/src/common/pico_sync/mutex.c.obj
                0x10000fa8                recursive_mutex_init
 .text.critical_section_init
                0x10000fc4       0x1c CMakeFiles/OLED.dir/Users/siddp/Pico/pico-sdk/src/common/pico_sync/critical_section.c.obj
                0x10000fc4                critical_section_init
 .text.critical_section_init_with_lock_num
                0x10000fe0       0x14 CMakeFiles/OLED.dir/Users/siddp/Pico/pico-sdk/src/common/pico_sync/critical_section.c.obj
                0x10000fe0                critical_section_init_with_lock_num
 .text.timer_pool_entry_comparator
                0x10000ff4       0x34 CMakeFiles/OLED.dir/Users/siddp/Pico/pico-sdk/src/common/pico_time/time.c.obj
                0x10000ff4                timer_pool_entry_comparator
 .text.sleep_until_callback
                0x10001028       0x30 CMakeFiles/OLED.dir/Users/siddp/Pico/pico-sdk/src/common/pico_time/time.c.obj
 .text.add_alarm_under_lock.isra.0
                0x10001058      0x100 CMakeFiles/OLED.dir/Users/siddp/Pico/pico-sdk/src/common/pico_time/time.c.obj
 .text.alarm_pool_alarm_callback
                0x10001158      0x1c0 CMakeFiles/OLED.dir/Users/siddp/Pico/pico-sdk/src/common/pico_time/time.c.obj
 .text.alarm_pool_init_default
                0x10001318       0x6c CMakeFiles/OLED.dir/Users/siddp/Pico/pico-sdk/src/common/pico_time/time.c.obj
                0x10001318                alarm_pool_init_default
 .text.alarm_pool_get_default
                0x10001384        0x8 CMakeFiles/OLED.dir/Users/siddp/Pico/pico-sdk/src/common/pico_time/time.c.obj
                0x10001384                alarm_pool_get_default
 .text.alarm_pool_add_alarm_at
                0x1000138c      0x17c CMakeFiles/OLED.dir/Users/siddp/Pico/pico-sdk/src/common/pico_time/time.c.obj
                0x1000138c                alarm_pool_add_alarm_at
 .text.alarm_pool_core_num
                0x10001508        0x4 CMakeFiles/OLED.dir/Users/siddp/Pico/pico-sdk/src/common/pico_time/time.c.obj
                0x10001508                alarm_pool_core_num
 .text.sleep_until
                0x1000150c       0xc4 CMakeFiles/OLED.dir/Users/siddp/Pico/pico-sdk/src/common/pico_time/time.c.obj
                0x1000150c                sleep_until
 .text.sleep_ms
                0x100015d0       0x38 CMakeFiles/OLED.dir/Users/siddp/Pico/pico-sdk/src/common/pico_time/time.c.obj
                0x100015d0                sleep_ms
 .text.best_effort_wfe_or_timeout
                0x10001608       0xcc CMakeFiles/OLED.dir/Users/siddp/Pico/pico-sdk/src/common/pico_time/time.c.obj
                0x10001608                best_effort_wfe_or_timeout
 .text.hardware_alarm_irq_handler
                0x100016d4       0xbc CMakeFiles/OLED.dir/Users/siddp/Pico/pico-sdk/src/rp2_common/hardware_timer/timer.c.obj
 .text.hardware_alarm_claim
                0x10001790       0x18 CMakeFiles/OLED.dir/Users/siddp/Pico/pico-sdk/src/rp2_common/hardware_timer/timer.c.obj
                0x10001790                hardware_alarm_claim
 .text.time_us_64
                0x100017a8       0x14 CMakeFiles/OLED.dir/Users/siddp/Pico/pico-sdk/src/rp2_common/hardware_timer/timer.c.obj
                0x100017a8                time_us_64
 .text.busy_wait_until
                0x100017bc       0x20 CMakeFiles/OLED.dir/Users/siddp/Pico/pico-sdk/src/rp2_common/hardware_timer/timer.c.obj
                0x100017bc                busy_wait_until
 .text.hardware_alarm_set_callback
                0x100017dc       0x8c CMakeFiles/OLED.dir/Users/siddp/Pico/pico-sdk/src/rp2_common/hardware_timer/timer.c.obj
                0x100017dc                hardware_alarm_set_callback
 .text.hardware_alarm_set_target
                0x10001868       0xd0 CMakeFiles/OLED.dir/Users/siddp/Pico/pico-sdk/src/rp2_common/hardware_timer/timer.c.obj
                0x10001868                hardware_alarm_set_target
 .text.hardware_alarm_cancel
                0x10001938       0x3c CMakeFiles/OLED.dir/Users/siddp/Pico/pico-sdk/src/rp2_common/hardware_timer/timer.c.obj
                0x10001938                hardware_alarm_cancel
 .text.ph_merge_nodes
                0x10001974       0x58 CMakeFiles/OLED.dir/Users/siddp/Pico/pico-sdk/src/common/pico_util/pheap.c.obj
 .text.ph_post_alloc_init
                0x100019cc       0x3c CMakeFiles/OLED.dir/Users/siddp/Pico/pico-sdk/src/common/pico_util/pheap.c.obj
                0x100019cc                ph_post_alloc_init
 .text.ph_merge_two_pass
                0x10001a08       0x8c CMakeFiles/OLED.dir/Users/siddp/Pico/pico-sdk/src/common/pico_util/pheap.c.obj
                0x10001a08                ph_merge_two_pass
 .text.ph_remove_any_head
                0x10001a94      0x100 CMakeFiles/OLED.dir/Users/siddp/Pico/pico-sdk/src/common/pico_util/pheap.c.obj
 .text.ph_remove_head
                0x10001b94      0x104 CMakeFiles/OLED.dir/Users/siddp/Pico/pico-sdk/src/common/pico_util/pheap.c.obj
                0x10001b94                ph_remove_head
 .text.ph_remove_and_free_node
                0x10001c98       0x78 CMakeFiles/OLED.dir/Users/siddp/Pico/pico-sdk/src/common/pico_util/pheap.c.obj
                0x10001c98                ph_remove_and_free_node
 .text.clocks_init
                0x10001d10      0x2c8 CMakeFiles/OLED.dir/Users/siddp/Pico/pico-sdk/src/rp2_common/hardware_clocks/clocks.c.obj
                0x10001d10                clocks_init
 .text.clock_get_hz
                0x10001fd8        0xc CMakeFiles/OLED.dir/Users/siddp/Pico/pico-sdk/src/rp2_common/hardware_clocks/clocks.c.obj
                0x10001fd8                clock_get_hz
 .text.pll_init
                0x10001fe4       0xa4 CMakeFiles/OLED.dir/Users/siddp/Pico/pico-sdk/src/rp2_common/hardware_pll/pll.c.obj
                0x10001fe4                pll_init
 .text.watchdog_start_tick
                0x10002088       0x10 CMakeFiles/OLED.dir/Users/siddp/Pico/pico-sdk/src/rp2_common/hardware_watchdog/watchdog.c.obj
                0x10002088                watchdog_start_tick
 .text.watchdog_reboot
                0x10002098       0x9c CMakeFiles/OLED.dir/Users/siddp/Pico/pico-sdk/src/rp2_common/hardware_watchdog/watchdog.c.obj
                0x10002098                watchdog_reboot
 .text.xosc_init
                0x10002134       0x28 CMakeFiles/OLED.dir/Users/siddp/Pico/pico-sdk/src/rp2_common/hardware_xosc/xosc.c.obj
                0x10002134                xosc_init
 .text.runtime_init
                0x1000215c       0xf0 CMakeFiles/OLED.dir/Users/siddp/Pico/pico-sdk/src/rp2_common/pico_runtime/runtime.c.obj
                0x1000215c                runtime_init
 .text._exit    0x1000224c        0x4 CMakeFiles/OLED.dir/Users/siddp/Pico/pico-sdk/src/rp2_common/pico_runtime/runtime.c.obj
                0x1000224c                _exit
 .text.exit     0x10002250        0x8 CMakeFiles/OLED.dir/Users/siddp/Pico/pico-sdk/src/rp2_common/pico_runtime/runtime.c.obj
                0x10002250                exit
 .text.panic    0x10002258       0x30 CMakeFiles/OLED.dir/Users/siddp/Pico/pico-sdk/src/rp2_common/pico_runtime/runtime.c.obj
                0x10002258                panic
 .text.hard_assertion_failure
                0x10002288        0xc CMakeFiles/OLED.dir/Users/siddp/Pico/pico-sdk/src/rp2_common/pico_runtime/runtime.c.obj
                0x10002288                hard_assertion_failure
 .text._out_buffer
                0x10002294        0x8 CMakeFiles/OLED.dir/Users/siddp/Pico/pico-sdk/src/rp2_common/pico_printf/printf.c.obj
 .text._out_null
                0x1000229c        0x4 CMakeFiles/OLED.dir/Users/siddp/Pico/pico-sdk/src/rp2_common/pico_printf/printf.c.obj
 .text._out_rev
                0x100022a0       0xac CMakeFiles/OLED.dir/Users/siddp/Pico/pico-sdk/src/rp2_common/pico_printf/printf.c.obj
 .text._ntoa_format
                0x1000234c      0x250 CMakeFiles/OLED.dir/Users/siddp/Pico/pico-sdk/src/rp2_common/pico_printf/printf.c.obj
 .text._out_char
                0x1000259c       0x10 CMakeFiles/OLED.dir/Users/siddp/Pico/pico-sdk/src/rp2_common/pico_printf/printf.c.obj
 .text._etoa    0x100025ac      0x464 CMakeFiles/OLED.dir/Users/siddp/Pico/pico-sdk/src/rp2_common/pico_printf/printf.c.obj
 .text._ftoa    0x10002a10      0x3c0 CMakeFiles/OLED.dir/Users/siddp/Pico/pico-sdk/src/rp2_common/pico_printf/printf.c.obj
 .text._vsnprintf
                0x10002dd0      0xbc8 CMakeFiles/OLED.dir/Users/siddp/Pico/pico-sdk/src/rp2_common/pico_printf/printf.c.obj
 .text.__wrap_sprintf
                0x10003998       0x2c CMakeFiles/OLED.dir/Users/siddp/Pico/pico-sdk/src/rp2_common/pico_printf/printf.c.obj
                0x10003998                __wrap_sprintf
 .text.weak_raw_vprintf
                0x100039c4       0x30 CMakeFiles/OLED.dir/Users/siddp/Pico/pico-sdk/src/rp2_common/pico_printf/printf.c.obj
                0x100039c4                weak_raw_vprintf
 .text          0x100039f4       0x10 CMakeFiles/OLED.dir/Users/siddp/Pico/pico-sdk/src/rp2_common/pico_bit_ops/bit_ops_aeabi.S.obj
 .text.rom_func_lookup
                0x10003a04       0x10 CMakeFiles/OLED.dir/Users/siddp/Pico/pico-sdk/src/rp2_common/pico_bootrom/bootrom.c.obj
                0x10003a04                rom_func_lookup
 .text.rom_data_lookup
                0x10003a14       0x10 CMakeFiles/OLED.dir/Users/siddp/Pico/pico-sdk/src/rp2_common/pico_bootrom/bootrom.c.obj
                0x10003a14                rom_data_lookup
 .text.rom_funcs_lookup
                0x10003a24       0x44 CMakeFiles/OLED.dir/Users/siddp/Pico/pico-sdk/src/rp2_common/pico_bootrom/bootrom.c.obj
                0x10003a24                rom_funcs_lookup
 .text.__wrap___aeabi_idiv
                0x10003a68       0x50 CMakeFiles/OLED.dir/Users/siddp/Pico/pico-sdk/src/rp2_common/pico_divider/divider.S.obj
                0x10003a68                __wrap___aeabi_idivmod
                0x10003a68                divmod_s32s32
                0x10003a68                div_s32s32
                0x10003a68                __wrap___aeabi_idiv
                0x10003a70                divmod_s32s32_unsafe
                0x10003a9c                divmod_s32s32_savestate
 .text.__wrap___aeabi_uidiv
                0x10003ab8       0x4c CMakeFiles/OLED.dir/Users/siddp/Pico/pico-sdk/src/rp2_common/pico_divider/divider.S.obj
                0x10003ab8                __wrap___aeabi_uidiv
                0x10003ab8                __wrap___aeabi_uidivmod
                0x10003ab8                div_u32u32
                0x10003ab8                divmod_u32u32
                0x10003ac0                divmod_u32u32_unsafe
                0x10003ae8                divmod_u32u32_savestate
 .text.__wrap___aeabi_ldiv
                0x10003b04      0x424 CMakeFiles/OLED.dir/Users/siddp/Pico/pico-sdk/src/rp2_common/pico_divider/divider.S.obj
                0x10003b04                __wrap___aeabi_ldivmod
                0x10003b04                div_s64s64
                0x10003b04                divmod_s64s64
                0x10003b34                divmod_u64u64
                0x10003b34                div_u64u64
                0x10003b34                __wrap___aeabi_uldivmod
                0x10003b44                divmod_u64u64_savestate
                0x10003b64                divmod_s64s64_unsafe
                0x10003bec                divmod_u64u64_unsafe
 .text.__wrap___aeabi_darithmetic
                0x10003f28       0x80 CMakeFiles/OLED.dir/Users/siddp/Pico/pico-sdk/src/rp2_common/pico_double/double_aeabi.S.obj
                0x10003f28                __wrap___aeabi_drsub
                0x10003f2e                __wrap___aeabi_dsub
                0x10003f40                __wrap___aeabi_dadd
                0x10003f52                __wrap___aeabi_ddiv
                0x10003f8e                __wrap___aeabi_dmul
 .text.__wrap___aeabi_cdcmple
                0x10003fa8       0x6c CMakeFiles/OLED.dir/Users/siddp/Pico/pico-sdk/src/rp2_common/pico_double/double_aeabi.S.obj
                0x10003fa8                __wrap___aeabi_cdrcmple
                0x10003fb8                __wrap___aeabi_cdcmple
                0x10003fb8                __wrap___aeabi_cdcmpeq
 .text.__wrap___aeabi_dcmplt
                0x10004014        0xc CMakeFiles/OLED.dir/Users/siddp/Pico/pico-sdk/src/rp2_common/pico_double/double_aeabi.S.obj
                0x10004014                __wrap___aeabi_dcmplt
 .text.__wrap___aeabi_dcmpge
                0x10004020       0x10 CMakeFiles/OLED.dir/Users/siddp/Pico/pico-sdk/src/rp2_common/pico_double/double_aeabi.S.obj
                0x10004020                __wrap___aeabi_dcmpge
 .text.__wrap___aeabi_dcmpgt
                0x10004030        0xa CMakeFiles/OLED.dir/Users/siddp/Pico/pico-sdk/src/rp2_common/pico_double/double_aeabi.S.obj
                0x10004030                __wrap___aeabi_dcmpgt
 .text.__wrap___aeabi_dcmpun
                0x1000403a       0x1c CMakeFiles/OLED.dir/Users/siddp/Pico/pico-sdk/src/rp2_common/pico_double/double_aeabi.S.obj
                0x1000403a                __wrap___aeabi_dcmpun
 *fill*         0x10004056        0x2 
 .text.__wrap___aeabi_i2d
                0x10004058       0x38 CMakeFiles/OLED.dir/Users/siddp/Pico/pico-sdk/src/rp2_common/pico_double/double_aeabi.S.obj
                0x10004058                __wrap___aeabi_ui2d
                0x10004060                __wrap___aeabi_i2d
 .text.__wrap___aeabi_d2iz
                0x10004090       0x48 CMakeFiles/OLED.dir/Users/siddp/Pico/pico-sdk/src/rp2_common/pico_double/double_aeabi.S.obj
                0x10004090                __wrap___aeabi_d2iz
                0x10004090                double2int_z
 .text.__wrap___aeabi_d2uiz
                0x100040d8       0x18 CMakeFiles/OLED.dir/Users/siddp/Pico/pico-sdk/src/rp2_common/pico_double/double_aeabi.S.obj
                0x100040d8                double2uint
                0x100040d8                __wrap___aeabi_d2uiz
 .text.__wrap___aeabi_d2f
                0x100040f0       0x18 CMakeFiles/OLED.dir/Users/siddp/Pico/pico-sdk/src/rp2_common/pico_double/double_aeabi.S.obj
                0x100040f0                __wrap___aeabi_d2f
 .text.__aeabi_double_init
                0x10004108       0x98 CMakeFiles/OLED.dir/Users/siddp/Pico/pico-sdk/src/rp2_common/pico_double/double_init_rom.c.obj
                0x10004108                __aeabi_double_init
 .text.double_table_shim_on_use_helper
                0x100041a0       0x2c CMakeFiles/OLED.dir/Users/siddp/Pico/pico-sdk/src/rp2_common/pico_double/double_v1_rom_shim.S.obj
                0x100041a0                double_table_shim_on_use_helper
 .text.__wrap___aeabi_dsub
                0x100041cc       0x10 CMakeFiles/OLED.dir/Users/siddp/Pico/pico-sdk/src/rp2_common/pico_double/double_v1_rom_shim.S.obj
                0x100041cc                drsub_shim
                0x100041d2                dsub_shim
 .text.dadd_shim
                0x100041dc      0x15c CMakeFiles/OLED.dir/Users/siddp/Pico/pico-sdk/src/rp2_common/pico_double/double_v1_rom_shim.S.obj
                0x100041dc                dadd_shim
 .text.dmul_shim
                0x10004338      0x15c CMakeFiles/OLED.dir/Users/siddp/Pico/pico-sdk/src/rp2_common/pico_double/double_v1_rom_shim.S.obj
                0x10004338                dmul_shim
 .text.ddiv_shim
                0x10004494      0x1b0 CMakeFiles/OLED.dir/Users/siddp/Pico/pico-sdk/src/rp2_common/pico_double/double_v1_rom_shim.S.obj
                0x10004494                ddiv_shim
 .text.double2uint_shim
                0x10004644        0xe CMakeFiles/OLED.dir/Users/siddp/Pico/pico-sdk/src/rp2_common/pico_double/double_v1_rom_shim.S.obj
                0x10004644                double2uint_shim
                0x10004646                double2ufix_shim
 *fill*         0x10004652        0x2 
 .text.double2uint64_shim
                0x10004654       0x70 CMakeFiles/OLED.dir/Users/siddp/Pico/pico-sdk/src/rp2_common/pico_double/double_v1_rom_shim.S.obj
                0x10004654                double2uint64_shim
                0x10004656                double2ufix64_shim
                0x10004676                d2fix_a
 .text.double2float_shim
                0x100046c4       0x5c CMakeFiles/OLED.dir/Users/siddp/Pico/pico-sdk/src/rp2_common/pico_double/double_v1_rom_shim.S.obj
                0x100046c4                double2float_shim
 .text.dunpacks
                0x10004720       0x3c CMakeFiles/OLED.dir/Users/siddp/Pico/pico-sdk/src/rp2_common/pico_double/double_v1_rom_shim.S.obj
                0x10004720                dunpacks
 .text.__aeabi_lmul
                0x1000475c       0x32 CMakeFiles/OLED.dir/Users/siddp/Pico/pico-sdk/src/rp2_common/pico_int64_ops/pico_int64_ops_aeabi.S.obj
                0x1000475c                __wrap___aeabi_lmul
 *fill*         0x1000478e        0x2 
 .text.__wrap___aeabi_farithmetic
                0x10004790       0x48 CMakeFiles/OLED.dir/Users/siddp/Pico/pico-sdk/src/rp2_common/pico_float/float_aeabi.S.obj
                0x10004790                __wrap___aeabi_frsub
                0x10004796                __wrap___aeabi_fsub
                0x1000479c                __wrap___aeabi_fadd
                0x100047a2                __wrap___aeabi_fdiv
                0x100047ca                __wrap___aeabi_fmul
 .text.__wrap___aeabi_ui2f
                0x100047d8        0xa CMakeFiles/OLED.dir/Users/siddp/Pico/pico-sdk/src/rp2_common/pico_float/float_aeabi.S.obj
                0x100047d8                __wrap___aeabi_ui2f
 *fill*         0x100047e2        0x2 
 .text.__wrap___aeabi_i2f
                0x100047e4       0x44 CMakeFiles/OLED.dir/Users/siddp/Pico/pico-sdk/src/rp2_common/pico_float/float_aeabi.S.obj
                0x100047e4                __wrap___aeabi_i2f
 .text.__wrap___aeabi_f2d
                0x10004828       0x14 CMakeFiles/OLED.dir/Users/siddp/Pico/pico-sdk/src/rp2_common/pico_float/float_aeabi.S.obj
                0x10004828                __wrap___aeabi_f2d
 .text.__aeabi_float_init
                0x1000483c       0x64 CMakeFiles/OLED.dir/Users/siddp/Pico/pico-sdk/src/rp2_common/pico_float/float_init_rom.c.obj
                0x1000483c                __aeabi_float_init
 .text.float_table_shim_on_use_helper
                0x100048a0       0x2c CMakeFiles/OLED.dir/Users/siddp/Pico/pico-sdk/src/rp2_common/pico_float/float_v1_rom_shim.S.obj
                0x100048a0                float_table_shim_on_use_helper
 .text.float2double_shim
                0x100048cc       0x30 CMakeFiles/OLED.dir/Users/siddp/Pico/pico-sdk/src/rp2_common/pico_float/float_v1_rom_shim.S.obj
                0x100048cc                float2double_shim
 .text          0x100048fc       0x10 CMakeFiles/OLED.dir/Users/siddp/Pico/pico-sdk/src/rp2_common/pico_mem_ops/mem_ops_aeabi.S.obj
                0x100048fc                __aeabi_mem_init
 .text.memset   0x1000490c        0xc CMakeFiles/OLED.dir/Users/siddp/Pico/pico-sdk/src/rp2_common/pico_mem_ops/mem_ops_aeabi.S.obj
                0x1000490c                __wrap_memset
 .text.memcpy   0x10004918        0xc CMakeFiles/OLED.dir/Users/siddp/Pico/pico-sdk/src/rp2_common/pico_mem_ops/mem_ops_aeabi.S.obj
                0x10004918                __wrap___aeabi_memcpy
                0x10004918                __wrap_memcpy
 .text.stdio_out_chars_crlf
                0x10004924       0x94 CMakeFiles/OLED.dir/Users/siddp/Pico/pico-sdk/src/rp2_common/pico_stdio/stdio.c.obj
 .text.__wrap_putchar
                0x100049b8       0x98 CMakeFiles/OLED.dir/Users/siddp/Pico/pico-sdk/src/rp2_common/pico_stdio/stdio.c.obj
                0x100049b8                __wrap_putchar
 .text.__wrap_puts
                0x10004a50       0xe0 CMakeFiles/OLED.dir/Users/siddp/Pico/pico-sdk/src/rp2_common/pico_stdio/stdio.c.obj
                0x10004a50                __wrap_puts
 .text.stdio_set_driver_enabled
                0x10004b30       0x30 CMakeFiles/OLED.dir/Users/siddp/Pico/pico-sdk/src/rp2_common/pico_stdio/stdio.c.obj
                0x10004b30                stdio_set_driver_enabled
 .text.stdio_init_all
                0x10004b60        0x8 CMakeFiles/OLED.dir/Users/siddp/Pico/pico-sdk/src/rp2_common/pico_stdio/stdio.c.obj
                0x10004b60                stdio_init_all
 .text.resetd_init
                0x10004b68        0x4 CMakeFiles/OLED.dir/Users/siddp/Pico/pico-sdk/src/rp2_common/pico_stdio_usb/reset_interface.c.obj
 .text.resetd_reset
                0x10004b6c        0xc CMakeFiles/OLED.dir/Users/siddp/Pico/pico-sdk/src/rp2_common/pico_stdio_usb/reset_interface.c.obj
 .text.resetd_open
                0x10004b78       0x28 CMakeFiles/OLED.dir/Users/siddp/Pico/pico-sdk/src/rp2_common/pico_stdio_usb/reset_interface.c.obj
 .text.resetd_xfer_cb
                0x10004ba0        0x4 CMakeFiles/OLED.dir/Users/siddp/Pico/pico-sdk/src/rp2_common/pico_stdio_usb/reset_interface.c.obj
 .text.resetd_control_xfer_cb
                0x10004ba4       0x60 CMakeFiles/OLED.dir/Users/siddp/Pico/pico-sdk/src/rp2_common/pico_stdio_usb/reset_interface.c.obj
 .text.usbd_app_driver_get_cb
                0x10004c04        0xc CMakeFiles/OLED.dir/Users/siddp/Pico/pico-sdk/src/rp2_common/pico_stdio_usb/reset_interface.c.obj
                0x10004c04                usbd_app_driver_get_cb
 .text.tud_cdc_line_coding_cb
                0x10004c10       0x34 CMakeFiles/OLED.dir/Users/siddp/Pico/pico-sdk/src/rp2_common/pico_stdio_usb/reset_interface.c.obj
                0x10004c10                tud_cdc_line_coding_cb
 .text.stdio_usb_set_chars_available_callback
                0x10004c44       0x14 CMakeFiles/OLED.dir/Users/siddp/Pico/pico-sdk/src/rp2_common/pico_stdio_usb/stdio_usb.c.obj
                0x10004c44                stdio_usb_set_chars_available_callback
 .text.usb_irq  0x10004c58       0x10 CMakeFiles/OLED.dir/Users/siddp/Pico/pico-sdk/src/rp2_common/pico_stdio_usb/stdio_usb.c.obj
 .text.timer_task
                0x10004c68       0x54 CMakeFiles/OLED.dir/Users/siddp/Pico/pico-sdk/src/rp2_common/pico_stdio_usb/stdio_usb.c.obj
 .text.stdio_usb_in_chars
                0x10004cbc       0x90 CMakeFiles/OLED.dir/Users/siddp/Pico/pico-sdk/src/rp2_common/pico_stdio_usb/stdio_usb.c.obj
                0x10004cbc                stdio_usb_in_chars
 .text.stdio_usb_out_chars
                0x10004d4c      0x104 CMakeFiles/OLED.dir/Users/siddp/Pico/pico-sdk/src/rp2_common/pico_stdio_usb/stdio_usb.c.obj
 .text.low_priority_worker_irq
                0x10004e50       0xa8 CMakeFiles/OLED.dir/Users/siddp/Pico/pico-sdk/src/rp2_common/pico_stdio_usb/stdio_usb.c.obj
 .text.tud_cdc_rx_cb
                0x10004ef8       0x20 CMakeFiles/OLED.dir/Users/siddp/Pico/pico-sdk/src/rp2_common/pico_stdio_usb/stdio_usb.c.obj
                0x10004ef8                tud_cdc_rx_cb
 .text.stdio_usb_init
                0x10004f18       0xe0 CMakeFiles/OLED.dir/Users/siddp/Pico/pico-sdk/src/rp2_common/pico_stdio_usb/stdio_usb.c.obj
                0x10004f18                stdio_usb_init
 .text.tud_descriptor_device_cb
                0x10004ff8        0x8 CMakeFiles/OLED.dir/Users/siddp/Pico/pico-sdk/src/rp2_common/pico_stdio_usb/stdio_usb_descriptors.c.obj
                0x10004ff8                tud_descriptor_device_cb
 .text.tud_descriptor_configuration_cb
                0x10005000        0x8 CMakeFiles/OLED.dir/Users/siddp/Pico/pico-sdk/src/rp2_common/pico_stdio_usb/stdio_usb_descriptors.c.obj
                0x10005000                tud_descriptor_configuration_cb
 .text.tud_descriptor_string_cb
                0x10005008       0x78 CMakeFiles/OLED.dir/Users/siddp/Pico/pico-sdk/src/rp2_common/pico_stdio_usb/stdio_usb_descriptors.c.obj
                0x10005008                tud_descriptor_string_cb
 .text.startup._retrieve_unique_id_on_boot
                0x10005080       0x10 CMakeFiles/OLED.dir/Users/siddp/Pico/pico-sdk/src/rp2_common/pico_unique_id/unique_id.c.obj
 .text.pico_get_unique_board_id_string
                0x10005090      0x1a8 CMakeFiles/OLED.dir/Users/siddp/Pico/pico-sdk/src/rp2_common/pico_unique_id/unique_id.c.obj
                0x10005090                pico_get_unique_board_id_string
 .text.flash_get_unique_id
                0x10005238       0x3c CMakeFiles/OLED.dir/Users/siddp/Pico/pico-sdk/src/rp2_common/hardware_flash/flash.c.obj
                0x10005238                flash_get_unique_id
 .text.dcd_int_enable
                0x10005274        0xc CMakeFiles/OLED.dir/Users/siddp/Pico/pico-sdk/lib/tinyusb/src/portable/raspberrypi/rp2040/dcd_rp2040.c.obj
                0x10005274                dcd_int_enable
 .text.dcd_set_address
                0x10005280       0x14 CMakeFiles/OLED.dir/Users/siddp/Pico/pico-sdk/lib/tinyusb/src/portable/raspberrypi/rp2040/dcd_rp2040.c.obj
                0x10005280                dcd_set_address
 .text.dcd_connect
                0x10005294       0x10 CMakeFiles/OLED.dir/Users/siddp/Pico/pico-sdk/lib/tinyusb/src/portable/raspberrypi/rp2040/dcd_rp2040.c.obj
                0x10005294                dcd_connect
 .text.dcd_init
                0x100052a4       0x98 CMakeFiles/OLED.dir/Users/siddp/Pico/pico-sdk/lib/tinyusb/src/portable/raspberrypi/rp2040/dcd_rp2040.c.obj
                0x100052a4                dcd_init
 .text.dcd_edpt0_status_complete
                0x1000533c       0x1c CMakeFiles/OLED.dir/Users/siddp/Pico/pico-sdk/lib/tinyusb/src/portable/raspberrypi/rp2040/dcd_rp2040.c.obj
                0x1000533c                dcd_edpt0_status_complete
 .text.dcd_edpt_open
                0x10005358      0x108 CMakeFiles/OLED.dir/Users/siddp/Pico/pico-sdk/lib/tinyusb/src/portable/raspberrypi/rp2040/dcd_rp2040.c.obj
                0x10005358                dcd_edpt_open
 .text.dcd_edpt_close_all
                0x10005460        0x8 CMakeFiles/OLED.dir/Users/siddp/Pico/pico-sdk/lib/tinyusb/src/portable/raspberrypi/rp2040/dcd_rp2040.c.obj
                0x10005460                dcd_edpt_close_all
 .text.dcd_edpt_xfer
                0x10005468       0x24 CMakeFiles/OLED.dir/Users/siddp/Pico/pico-sdk/lib/tinyusb/src/portable/raspberrypi/rp2040/dcd_rp2040.c.obj
                0x10005468                dcd_edpt_xfer
 .text.dcd_edpt_stall
                0x1000548c       0x34 CMakeFiles/OLED.dir/Users/siddp/Pico/pico-sdk/lib/tinyusb/src/portable/raspberrypi/rp2040/dcd_rp2040.c.obj
                0x1000548c                dcd_edpt_stall
 .text.dcd_edpt_clear_stall
                0x100054c0       0x30 CMakeFiles/OLED.dir/Users/siddp/Pico/pico-sdk/lib/tinyusb/src/portable/raspberrypi/rp2040/dcd_rp2040.c.obj
                0x100054c0                dcd_edpt_clear_stall
 .text.rp2040_usb_init
                0x100054f0       0x4c CMakeFiles/OLED.dir/Users/siddp/Pico/pico-sdk/lib/tinyusb/src/portable/raspberrypi/rp2040/rp2040_usb.c.obj
                0x100054f0                rp2040_usb_init
 .text.hw_endpoint_xfer_start
                0x1000553c       0x40 CMakeFiles/OLED.dir/Users/siddp/Pico/pico-sdk/lib/tinyusb/src/portable/raspberrypi/rp2040/rp2040_usb.c.obj
                0x1000553c                hw_endpoint_xfer_start
 .text.tud_mounted
                0x1000557c       0x10 CMakeFiles/OLED.dir/Users/siddp/Pico/pico-sdk/lib/tinyusb/src/device/usbd.c.obj
                0x1000557c                tud_mounted
 .text.tud_suspended
                0x1000558c       0x10 CMakeFiles/OLED.dir/Users/siddp/Pico/pico-sdk/lib/tinyusb/src/device/usbd.c.obj
                0x1000558c                tud_suspended
 .text.tud_inited
                0x1000559c       0x14 CMakeFiles/OLED.dir/Users/siddp/Pico/pico-sdk/lib/tinyusb/src/device/usbd.c.obj
                0x1000559c                tud_inited
 .text.tud_init
                0x100055b0       0xdc CMakeFiles/OLED.dir/Users/siddp/Pico/pico-sdk/lib/tinyusb/src/device/usbd.c.obj
                0x100055b0                tud_init
 .text.tud_task_ext
                0x1000568c      0x850 CMakeFiles/OLED.dir/Users/siddp/Pico/pico-sdk/lib/tinyusb/src/device/usbd.c.obj
                0x1000568c                tud_task_ext
 .text.usbd_open_edpt_pair
                0x10005edc       0x9c CMakeFiles/OLED.dir/Users/siddp/Pico/pico-sdk/lib/tinyusb/src/device/usbd.c.obj
                0x10005edc                usbd_open_edpt_pair
 .text.usbd_defer_func
                0x10005f78       0x48 CMakeFiles/OLED.dir/Users/siddp/Pico/pico-sdk/lib/tinyusb/src/device/usbd.c.obj
                0x10005f78                usbd_defer_func
 .text.usbd_edpt_open
                0x10005fc0       0x34 CMakeFiles/OLED.dir/Users/siddp/Pico/pico-sdk/lib/tinyusb/src/device/usbd.c.obj
                0x10005fc0                usbd_edpt_open
 .text.usbd_edpt_claim
                0x10005ff4       0x28 CMakeFiles/OLED.dir/Users/siddp/Pico/pico-sdk/lib/tinyusb/src/device/usbd.c.obj
                0x10005ff4                usbd_edpt_claim
 .text.usbd_edpt_release
                0x1000601c       0x28 CMakeFiles/OLED.dir/Users/siddp/Pico/pico-sdk/lib/tinyusb/src/device/usbd.c.obj
                0x1000601c                usbd_edpt_release
 .text.usbd_edpt_xfer
                0x10006044       0x4c CMakeFiles/OLED.dir/Users/siddp/Pico/pico-sdk/lib/tinyusb/src/device/usbd.c.obj
                0x10006044                usbd_edpt_xfer
 .text.tud_control_status
                0x10006090       0x2c CMakeFiles/OLED.dir/Users/siddp/Pico/pico-sdk/lib/tinyusb/src/device/usbd_control.c.obj
                0x10006090                tud_control_status
 .text.tud_control_xfer
                0x100060bc       0xac CMakeFiles/OLED.dir/Users/siddp/Pico/pico-sdk/lib/tinyusb/src/device/usbd_control.c.obj
                0x100060bc                tud_control_xfer
 .text.usbd_control_reset
                0x10006168       0x14 CMakeFiles/OLED.dir/Users/siddp/Pico/pico-sdk/lib/tinyusb/src/device/usbd_control.c.obj
                0x10006168                usbd_control_reset
 .text.usbd_control_set_complete_callback
                0x1000617c        0xc CMakeFiles/OLED.dir/Users/siddp/Pico/pico-sdk/lib/tinyusb/src/device/usbd_control.c.obj
                0x1000617c                usbd_control_set_complete_callback
 .text.usbd_control_set_request
                0x10006188       0x1c CMakeFiles/OLED.dir/Users/siddp/Pico/pico-sdk/lib/tinyusb/src/device/usbd_control.c.obj
                0x10006188                usbd_control_set_request
 .text.usbd_control_xfer_cb
                0x100061a4       0xf4 CMakeFiles/OLED.dir/Users/siddp/Pico/pico-sdk/lib/tinyusb/src/device/usbd_control.c.obj
                0x100061a4                usbd_control_xfer_cb
 .text.tud_cdc_n_connected
                0x10006298       0x30 CMakeFiles/OLED.dir/Users/siddp/Pico/pico-sdk/lib/tinyusb/src/class/cdc/cdc_device.c.obj
                0x10006298                tud_cdc_n_connected
 .text.tud_cdc_n_available
                0x100062c8       0x18 CMakeFiles/OLED.dir/Users/siddp/Pico/pico-sdk/lib/tinyusb/src/class/cdc/cdc_device.c.obj
                0x100062c8                tud_cdc_n_available
 .text.tud_cdc_n_read
                0x100062e0       0x70 CMakeFiles/OLED.dir/Users/siddp/Pico/pico-sdk/lib/tinyusb/src/class/cdc/cdc_device.c.obj
                0x100062e0                tud_cdc_n_read
 .text.tud_cdc_n_write_flush
                0x10006350       0x78 CMakeFiles/OLED.dir/Users/siddp/Pico/pico-sdk/lib/tinyusb/src/class/cdc/cdc_device.c.obj
                0x10006350                tud_cdc_n_write_flush
 .text.tud_cdc_n_write
                0x100063c8       0x34 CMakeFiles/OLED.dir/Users/siddp/Pico/pico-sdk/lib/tinyusb/src/class/cdc/cdc_device.c.obj
                0x100063c8                tud_cdc_n_write
 .text.tud_cdc_n_write_available
                0x100063fc       0x18 CMakeFiles/OLED.dir/Users/siddp/Pico/pico-sdk/lib/tinyusb/src/class/cdc/cdc_device.c.obj
                0x100063fc                tud_cdc_n_write_available
 .text.cdcd_init
                0x10006414       0x7c CMakeFiles/OLED.dir/Users/siddp/Pico/pico-sdk/lib/tinyusb/src/class/cdc/cdc_device.c.obj
                0x10006414                cdcd_init
 .text.cdcd_reset
                0x10006490       0x2c CMakeFiles/OLED.dir/Users/siddp/Pico/pico-sdk/lib/tinyusb/src/class/cdc/cdc_device.c.obj
                0x10006490                cdcd_reset
 .text.cdcd_open
                0x100064bc       0xe4 CMakeFiles/OLED.dir/Users/siddp/Pico/pico-sdk/lib/tinyusb/src/class/cdc/cdc_device.c.obj
                0x100064bc                cdcd_open
 .text.cdcd_control_xfer_cb
                0x100065a0       0xe4 CMakeFiles/OLED.dir/Users/siddp/Pico/pico-sdk/lib/tinyusb/src/class/cdc/cdc_device.c.obj
                0x100065a0                cdcd_control_xfer_cb
 .text.cdcd_xfer_cb
                0x10006684      0x13c CMakeFiles/OLED.dir/Users/siddp/Pico/pico-sdk/lib/tinyusb/src/class/cdc/cdc_device.c.obj
                0x10006684                cdcd_xfer_cb
 .text.tusb_init
                0x100067c0        0xc CMakeFiles/OLED.dir/Users/siddp/Pico/pico-sdk/lib/tinyusb/src/tusb.c.obj
                0x100067c0                tusb_init
 .text.tusb_inited
                0x100067cc        0x8 CMakeFiles/OLED.dir/Users/siddp/Pico/pico-sdk/lib/tinyusb/src/tusb.c.obj
                0x100067cc                tusb_inited
 .text.tu_edpt_claim
                0x100067d4       0x50 CMakeFiles/OLED.dir/Users/siddp/Pico/pico-sdk/lib/tinyusb/src/tusb.c.obj
                0x100067d4                tu_edpt_claim
 .text.tu_edpt_release
                0x10006824       0x38 CMakeFiles/OLED.dir/Users/siddp/Pico/pico-sdk/lib/tinyusb/src/tusb.c.obj
                0x10006824                tu_edpt_release
 .text.tu_edpt_validate
                0x1000685c       0x7c CMakeFiles/OLED.dir/Users/siddp/Pico/pico-sdk/lib/tinyusb/src/tusb.c.obj
                0x1000685c                tu_edpt_validate
 .text.tu_edpt_bind_driver
                0x100068d8       0x34 CMakeFiles/OLED.dir/Users/siddp/Pico/pico-sdk/lib/tinyusb/src/tusb.c.obj
                0x100068d8                tu_edpt_bind_driver
 .text.tu_fifo_config
                0x1000690c       0x6c CMakeFiles/OLED.dir/Users/siddp/Pico/pico-sdk/lib/tinyusb/src/common/tusb_fifo.c.obj
                0x1000690c                tu_fifo_config
 .text.tu_fifo_count
                0x10006978       0x2c CMakeFiles/OLED.dir/Users/siddp/Pico/pico-sdk/lib/tinyusb/src/common/tusb_fifo.c.obj
                0x10006978                tu_fifo_count
 .text.tu_fifo_empty
                0x100069a4       0x10 CMakeFiles/OLED.dir/Users/siddp/Pico/pico-sdk/lib/tinyusb/src/common/tusb_fifo.c.obj
                0x100069a4                tu_fifo_empty
 .text.tu_fifo_remaining
                0x100069b4       0x2c CMakeFiles/OLED.dir/Users/siddp/Pico/pico-sdk/lib/tinyusb/src/common/tusb_fifo.c.obj
                0x100069b4                tu_fifo_remaining
 .text.tu_fifo_read
                0x100069e0       0x9c CMakeFiles/OLED.dir/Users/siddp/Pico/pico-sdk/lib/tinyusb/src/common/tusb_fifo.c.obj
                0x100069e0                tu_fifo_read
 .text.tu_fifo_read_n
                0x10006a7c       0xe8 CMakeFiles/OLED.dir/Users/siddp/Pico/pico-sdk/lib/tinyusb/src/common/tusb_fifo.c.obj
                0x10006a7c                tu_fifo_read_n
 .text.tu_fifo_write
                0x10006b64       0xa8 CMakeFiles/OLED.dir/Users/siddp/Pico/pico-sdk/lib/tinyusb/src/common/tusb_fifo.c.obj
                0x10006b64                tu_fifo_write
 .text.tu_fifo_write_n
                0x10006c0c      0x178 CMakeFiles/OLED.dir/Users/siddp/Pico/pico-sdk/lib/tinyusb/src/common/tusb_fifo.c.obj
                0x10006c0c                tu_fifo_write_n
 .text.tu_fifo_clear
                0x10006d84       0x40 CMakeFiles/OLED.dir/Users/siddp/Pico/pico-sdk/lib/tinyusb/src/common/tusb_fifo.c.obj
                0x10006d84                tu_fifo_clear
 .text.tu_fifo_set_overwritable
                0x10006dc4       0x48 CMakeFiles/OLED.dir/Users/siddp/Pico/pico-sdk/lib/tinyusb/src/common/tusb_fifo.c.obj
                0x10006dc4                tu_fifo_set_overwritable
 .text.i2c_set_baudrate
                0x10006e0c       0xc4 CMakeFiles/OLED.dir/Users/siddp/Pico/pico-sdk/src/rp2_common/hardware_i2c/i2c.c.obj
                0x10006e0c                i2c_set_baudrate
 .text.i2c_init
                0x10006ed0       0x50 CMakeFiles/OLED.dir/Users/siddp/Pico/pico-sdk/src/rp2_common/hardware_i2c/i2c.c.obj
                0x10006ed0                i2c_init
 .text.i2c_write_blocking
                0x10006f20       0xd0 CMakeFiles/OLED.dir/Users/siddp/Pico/pico-sdk/src/rp2_common/hardware_i2c/i2c.c.obj
                0x10006f20                i2c_write_blocking
 .text.adc_init
                0x10006ff0       0x38 CMakeFiles/OLED.dir/Users/siddp/Pico/pico-sdk/src/rp2_common/hardware_adc/adc.c.obj
                0x10006ff0                adc_init
 .text.strlen   0x10007028       0x5c /Applications/ArmGNUToolchain/13.2.Rel1/arm-none-eabi/bin/../lib/gcc/arm-none-eabi/13.2.1/../../../../arm-none-eabi/lib/thumb/v6-m/nofp/libc.a(libc_a-strlen-stub.o)
                0x10007028                strlen
 *(.fini)
 .fini          0x10007084        0x4 /Applications/ArmGNUToolchain/13.2.Rel1/arm-none-eabi/bin/../lib/gcc/arm-none-eabi/13.2.1/thumb/v6-m/nofp/crti.o
                0x10007084                _fini
 .fini.__stub   0x10007088       0xc0 linker stubs
 *crtbegin.o(.ctors)
 *crtbegin?.o(.ctors)
 *(EXCLUDE_FILE(*crtend.o *crtend?.o) .ctors)
 *(SORT_BY_NAME(.ctors.*))
 *(.ctors)
 *crtbegin.o(.dtors)
 *crtbegin?.o(.dtors)
 *(EXCLUDE_FILE(*crtend.o *crtend?.o) .dtors)
 *(SORT_BY_NAME(.dtors.*))
 *(.dtors)
 *(.eh_frame*)
 .eh_frame      0x10007148        0x0 /Applications/ArmGNUToolchain/13.2.Rel1/arm-none-eabi/bin/../lib/gcc/arm-none-eabi/13.2.1/thumb/v6-m/nofp/crtbegin.o
                0x10007148                        . = ALIGN (0x4)

.glue_7         0x10007148        0x0
 .glue_7        0x10007148        0x0 linker stubs

.glue_7t        0x10007148        0x0
 .glue_7t       0x10007148        0x0 linker stubs

.vfp11_veneer   0x10007148        0x0
 .vfp11_veneer  0x10007148        0x0 linker stubs

.v4_bx          0x10007148        0x0
 .v4_bx         0x10007148        0x0 linker stubs

.iplt           0x10007148        0x0
 .iplt          0x10007148        0x0 /Applications/ArmGNUToolchain/13.2.Rel1/arm-none-eabi/bin/../lib/gcc/arm-none-eabi/13.2.1/thumb/v6-m/nofp/crtbegin.o

.rodata         0x10007148      0x6d8
 *(EXCLUDE_FILE(*libm.a: *libc.a:*lib_a-mem*.o *libgcc.a:) .rodata*)
 .rodata.main.str1.4
                0x10007148      0x197 CMakeFiles/OLED.dir/OLED.c.obj
                                 0x1f (size before relaxing)
 *fill*         0x100072df        0x1 
 .rodata.ASCII  0x100072e0      0x1e0 CMakeFiles/OLED.dir/OLED.c.obj
 .rodata.spin_lock_claim_unused.str1.4
                0x100074c0       0x1b CMakeFiles/OLED.dir/Users/siddp/Pico/pico-sdk/src/rp2_common/hardware_sync/sync.c.obj
 .rodata.user_irq_claim_unused.str1.4
                0x100074c0       0x1b CMakeFiles/OLED.dir/Users/siddp/Pico/pico-sdk/src/rp2_common/hardware_irq/irq.c.obj
 .rodata.hardware_alarm_claim.str1.4
                0x100074c0       0x22 CMakeFiles/OLED.dir/Users/siddp/Pico/pico-sdk/src/rp2_common/hardware_timer/timer.c.obj
 .rodata.panic.str1.4
                0x100074c0       0x12 CMakeFiles/OLED.dir/Users/siddp/Pico/pico-sdk/src/rp2_common/pico_runtime/runtime.c.obj
 .rodata.hard_assertion_failure.str1.4
                0x100074c0        0xc CMakeFiles/OLED.dir/Users/siddp/Pico/pico-sdk/src/rp2_common/pico_runtime/runtime.c.obj
 .rodata._ftoa.str1.4
                0x100074c0       0x15 CMakeFiles/OLED.dir/Users/siddp/Pico/pico-sdk/src/rp2_common/pico_printf/printf.c.obj
 .rodata._vsnprintf
                0x100074c0      0x19c CMakeFiles/OLED.dir/Users/siddp/Pico/pico-sdk/src/rp2_common/pico_printf/printf.c.obj
 *fill*         0x1000765c        0x4 
 .rodata.pow10.0
                0x10007660       0x50 CMakeFiles/OLED.dir/Users/siddp/Pico/pico-sdk/src/rp2_common/pico_printf/printf.c.obj
 .rodata.str1.4
                0x100076b0       0x3c CMakeFiles/OLED.dir/Users/siddp/Pico/pico-sdk/src/rp2_common/pico_standard_link/binary_info.c.obj
 .rodata.__bi_81
                0x100076b0        0xc CMakeFiles/OLED.dir/Users/siddp/Pico/pico-sdk/src/rp2_common/pico_standard_link/binary_info.c.obj
 .rodata.__bi_75
                0x100076bc        0xc CMakeFiles/OLED.dir/Users/siddp/Pico/pico-sdk/src/rp2_common/pico_standard_link/binary_info.c.obj
 .rodata.__bi_44
                0x100076c8        0xc CMakeFiles/OLED.dir/Users/siddp/Pico/pico-sdk/src/rp2_common/pico_standard_link/binary_info.c.obj
 .rodata.crlf_str.0
                0x100076d4        0x2 CMakeFiles/OLED.dir/Users/siddp/Pico/pico-sdk/src/rp2_common/pico_stdio/stdio.c.obj
 *fill*         0x100076d6        0x2 
 .rodata._resetd_driver
                0x100076d8       0x18 CMakeFiles/OLED.dir/Users/siddp/Pico/pico-sdk/src/rp2_common/pico_stdio_usb/reset_interface.c.obj
 .rodata.str1.4
                0x100076f0       0x13 CMakeFiles/OLED.dir/Users/siddp/Pico/pico-sdk/src/rp2_common/pico_stdio_usb/stdio_usb.c.obj
 .rodata.__bi_182.0
                0x100076f0        0xc CMakeFiles/OLED.dir/Users/siddp/Pico/pico-sdk/src/rp2_common/pico_stdio_usb/stdio_usb.c.obj
 .rodata.str1.4
                0x100076fc       0x2a CMakeFiles/OLED.dir/Users/siddp/Pico/pico-sdk/src/rp2_common/pico_stdio_usb/stdio_usb_descriptors.c.obj
 .rodata.usbd_desc_str
                0x100076fc       0x18 CMakeFiles/OLED.dir/Users/siddp/Pico/pico-sdk/src/rp2_common/pico_stdio_usb/stdio_usb_descriptors.c.obj
 .rodata.usbd_desc_cfg
                0x10007714       0x54 CMakeFiles/OLED.dir/Users/siddp/Pico/pico-sdk/src/rp2_common/pico_stdio_usb/stdio_usb_descriptors.c.obj
 .rodata.usbd_desc_device
                0x10007768       0x12 CMakeFiles/OLED.dir/Users/siddp/Pico/pico-sdk/src/rp2_common/pico_stdio_usb/stdio_usb_descriptors.c.obj
 .rodata.str1.4
                0x1000777a       0x14 CMakeFiles/OLED.dir/Users/siddp/Pico/pico-sdk/lib/tinyusb/src/portable/raspberrypi/rp2040/dcd_rp2040.c.obj
 .rodata.str1.4
                0x1000777a       0x53 CMakeFiles/OLED.dir/Users/siddp/Pico/pico-sdk/lib/tinyusb/src/portable/raspberrypi/rp2040/rp2040_usb.c.obj
 *fill*         0x1000777a        0x2 
 .rodata.tud_task_ext
                0x1000777c       0x8c CMakeFiles/OLED.dir/Users/siddp/Pico/pico-sdk/lib/tinyusb/src/device/usbd.c.obj
 .rodata._usbd_driver
                0x10007808       0x18 CMakeFiles/OLED.dir/Users/siddp/Pico/pico-sdk/lib/tinyusb/src/device/usbd.c.obj
                0x10007820                        . = ALIGN (0x4)
 *(SORT_BY_ALIGNMENT(SORT_BY_NAME(.flashdata*)))
                0x10007820                        . = ALIGN (0x4)

.ARM.extab
 *(.ARM.extab* .gnu.linkonce.armextab.*)
                0x10007820                        __exidx_start = .

.ARM.exidx
 *(.ARM.exidx* .gnu.linkonce.armexidx.*)
                0x10007820                        __exidx_end = .
                0x10007820                        . = ALIGN (0x4)
                0x10007820                        __binary_info_start = .

.binary_info    0x10007820       0x20
 *(.binary_info.keep.*)
 .binary_info.keep.__bi_ptr81
                0x10007820        0x4 CMakeFiles/OLED.dir/Users/siddp/Pico/pico-sdk/src/rp2_common/pico_standard_link/binary_info.c.obj
 .binary_info.keep.__bi_ptr75
                0x10007824        0x4 CMakeFiles/OLED.dir/Users/siddp/Pico/pico-sdk/src/rp2_common/pico_standard_link/binary_info.c.obj
 .binary_info.keep.__bi_ptr50
                0x10007828        0x4 CMakeFiles/OLED.dir/Users/siddp/Pico/pico-sdk/src/rp2_common/pico_standard_link/binary_info.c.obj
 .binary_info.keep.__bi_ptr44
                0x1000782c        0x4 CMakeFiles/OLED.dir/Users/siddp/Pico/pico-sdk/src/rp2_common/pico_standard_link/binary_info.c.obj
 .binary_info.keep.__bi_ptr38
                0x10007830        0x4 CMakeFiles/OLED.dir/Users/siddp/Pico/pico-sdk/src/rp2_common/pico_standard_link/binary_info.c.obj
 .binary_info.keep.__bi_ptr30
                0x10007834        0x4 CMakeFiles/OLED.dir/Users/siddp/Pico/pico-sdk/src/rp2_common/pico_standard_link/binary_info.c.obj
 .binary_info.keep.__bi_ptr22
                0x10007838        0x4 CMakeFiles/OLED.dir/Users/siddp/Pico/pico-sdk/src/rp2_common/pico_standard_link/binary_info.c.obj
 *(.binary_info.*)
 .binary_info.__bi_ptr182
                0x1000783c        0x4 CMakeFiles/OLED.dir/Users/siddp/Pico/pico-sdk/src/rp2_common/pico_stdio_usb/stdio_usb.c.obj
                0x10007840                        __binary_info_end = .

.rel.dyn        0x10007840        0x0
 .rel.iplt      0x10007840        0x0 /Applications/ArmGNUToolchain/13.2.Rel1/arm-none-eabi/bin/../lib/gcc/arm-none-eabi/13.2.1/thumb/v6-m/nofp/crtbegin.o
                0x10007840                        . = ALIGN (0x4)

.ram_vector_table
                0x20000000       0xc0
 *(.ram_vector_table)
 .ram_vector_table
                0x20000000       0xc0 CMakeFiles/OLED.dir/Users/siddp/Pico/pico-sdk/src/rp2_common/pico_runtime/runtime.c.obj
                0x20000000                ram_vector_table

.data           0x200000c0      0xe28 load address 0x10007840
                0x200000c0                        __data_start__ = .
 *(vtable)
 *(.time_critical*)
 .time_critical.mutex_try_enter
                0x200000c0       0x40 CMakeFiles/OLED.dir/Users/siddp/Pico/pico-sdk/src/common/pico_sync/mutex.c.obj
                0x200000c0                mutex_try_enter
 .time_critical.mutex_try_enter_block_until
                0x20000100       0x9c CMakeFiles/OLED.dir/Users/siddp/Pico/pico-sdk/src/common/pico_sync/mutex.c.obj
                0x20000100                mutex_try_enter_block_until
 .time_critical.mutex_enter_timeout_ms
                0x2000019c       0x90 CMakeFiles/OLED.dir/Users/siddp/Pico/pico-sdk/src/common/pico_sync/mutex.c.obj
                0x2000019c                mutex_enter_timeout_ms
 .time_critical.mutex_exit
                0x2000022c       0x28 CMakeFiles/OLED.dir/Users/siddp/Pico/pico-sdk/src/common/pico_sync/mutex.c.obj
                0x2000022c                mutex_exit
 .time_critical.flash_init_boot2_copyout
                0x20000254       0x30 CMakeFiles/OLED.dir/Users/siddp/Pico/pico-sdk/src/rp2_common/hardware_flash/flash.c.obj
 .time_critical.flash_enable_xip_via_boot2
                0x20000284        0xc CMakeFiles/OLED.dir/Users/siddp/Pico/pico-sdk/src/rp2_common/hardware_flash/flash.c.obj
 .time_critical.flash_cs_force
                0x20000290       0x38 CMakeFiles/OLED.dir/Users/siddp/Pico/pico-sdk/src/rp2_common/hardware_flash/flash.c.obj
 .time_critical.flash_do_cmd
                0x200002c8       0xc0 CMakeFiles/OLED.dir/Users/siddp/Pico/pico-sdk/src/rp2_common/hardware_flash/flash.c.obj
                0x200002c8                flash_do_cmd
 .time_critical.reset_non_control_endpoints
                0x20000388       0x68 CMakeFiles/OLED.dir/Users/siddp/Pico/pico-sdk/lib/tinyusb/src/portable/raspberrypi/rp2040/dcd_rp2040.c.obj
 .time_critical.hw_handle_buff_status
                0x200003f0       0xb0 CMakeFiles/OLED.dir/Users/siddp/Pico/pico-sdk/lib/tinyusb/src/portable/raspberrypi/rp2040/dcd_rp2040.c.obj
 .time_critical.dcd_rp2040_irq
                0x200004a0      0x510 CMakeFiles/OLED.dir/Users/siddp/Pico/pico-sdk/lib/tinyusb/src/portable/raspberrypi/rp2040/dcd_rp2040.c.obj
 .time_critical.e15_is_bulkin_ep
                0x200009b0       0x28 CMakeFiles/OLED.dir/Users/siddp/Pico/pico-sdk/lib/tinyusb/src/portable/raspberrypi/rp2040/rp2040_usb.c.obj
 .time_critical.e15_is_critical_frame_period
                0x200009d8       0x34 CMakeFiles/OLED.dir/Users/siddp/Pico/pico-sdk/lib/tinyusb/src/portable/raspberrypi/rp2040/rp2040_usb.c.obj
 .time_critical.prepare_ep_buffer
                0x20000a0c       0x6c CMakeFiles/OLED.dir/Users/siddp/Pico/pico-sdk/lib/tinyusb/src/portable/raspberrypi/rp2040/rp2040_usb.c.obj
 .time_critical.sync_ep_buffer
                0x20000a78       0x48 CMakeFiles/OLED.dir/Users/siddp/Pico/pico-sdk/lib/tinyusb/src/portable/raspberrypi/rp2040/rp2040_usb.c.obj
 .time_critical._hw_endpoint_xfer_sync
                0x20000ac0       0x28 CMakeFiles/OLED.dir/Users/siddp/Pico/pico-sdk/lib/tinyusb/src/portable/raspberrypi/rp2040/rp2040_usb.c.obj
 .time_critical.hw_endpoint_reset_transfer
                0x20000ae8        0xc CMakeFiles/OLED.dir/Users/siddp/Pico/pico-sdk/lib/tinyusb/src/portable/raspberrypi/rp2040/rp2040_usb.c.obj
                0x20000ae8                hw_endpoint_reset_transfer
 .time_critical._hw_endpoint_buffer_control_update32
                0x20000af4       0x58 CMakeFiles/OLED.dir/Users/siddp/Pico/pico-sdk/lib/tinyusb/src/portable/raspberrypi/rp2040/rp2040_usb.c.obj
                0x20000af4                _hw_endpoint_buffer_control_update32
 .time_critical.hw_endpoint_start_next_buffer
                0x20000b4c       0x6c CMakeFiles/OLED.dir/Users/siddp/Pico/pico-sdk/lib/tinyusb/src/portable/raspberrypi/rp2040/rp2040_usb.c.obj
                0x20000b4c                hw_endpoint_start_next_buffer
 .time_critical.hw_endpoint_xfer_continue
                0x20000bb8       0x50 CMakeFiles/OLED.dir/Users/siddp/Pico/pico-sdk/lib/tinyusb/src/portable/raspberrypi/rp2040/rp2040_usb.c.obj
                0x20000bb8                hw_endpoint_xfer_continue
 .time_critical.tinyusb
                0x20000c08      0x16c CMakeFiles/OLED.dir/Users/siddp/Pico/pico-sdk/lib/tinyusb/src/device/usbd.c.obj
                0x20000c08                dcd_event_handler
 *(.text*)
 .text          0x20000d74        0x4 /Applications/ArmGNUToolchain/13.2.Rel1/arm-none-eabi/bin/../lib/gcc/arm-none-eabi/13.2.1/thumb/v6-m/nofp/libgcc.a(_dvmd_tls.o)
                0x20000d74                __aeabi_ldiv0
                0x20000d74                __aeabi_idiv0
 .text.__stub   0x20000d78       0x70 linker stubs
                0x20000de8                        . = ALIGN (0x4)
 *(.rodata*)
                0x20000de8                        . = ALIGN (0x4)
 *(.data*)
 .data.SSD1306_ADDRESS
                0x20000de8        0x1 CMakeFiles/OLED.dir/ssd1306.c.obj
                0x20000de8                SSD1306_ADDRESS
 .data.striped_spin_lock_num
                0x20000de9        0x1 CMakeFiles/OLED.dir/Users/siddp/Pico/pico-sdk/src/rp2_common/hardware_sync/sync.c.obj
 *fill*         0x20000dea        0x2 
 .data          0x20000dec       0x48 CMakeFiles/OLED.dir/Users/siddp/Pico/pico-sdk/src/rp2_common/hardware_irq/irq_handler_chain.S.obj
                0x20000dec                irq_handler_chain_slots
                0x20000e1c                irq_handler_chain_first_slot
                0x20000e26                irq_handler_chain_remove_tail
 .data.default_alarm_pool
                0x20000e34       0x18 CMakeFiles/OLED.dir/Users/siddp/Pico/pico-sdk/src/common/pico_time/time.c.obj
 .data.default_alarm_pool_heap
                0x20000e4c       0x10 CMakeFiles/OLED.dir/Users/siddp/Pico/pico-sdk/src/common/pico_time/time.c.obj
 *fill*         0x20000e5c        0x4 
 .data.aeabi_bits_funcs
                0x20000e60       0x10 CMakeFiles/OLED.dir/Users/siddp/Pico/pico-sdk/src/rp2_common/pico_bit_ops/bit_ops_aeabi.S.obj
                0x20000e60                aeabi_bits_funcs
                0x20000e70                aeabi_bits_funcs_end
 .data.aeabi_mem_funcs
                0x20000e70       0x10 CMakeFiles/OLED.dir/Users/siddp/Pico/pico-sdk/src/rp2_common/pico_mem_ops/mem_ops_aeabi.S.obj
                0x20000e70                aeabi_mem_funcs
                0x20000e80                aeabi_mem_funcs_end
 .data.stdio_usb
                0x20000e80       0x18 CMakeFiles/OLED.dir/Users/siddp/Pico/pico-sdk/src/rp2_common/pico_stdio_usb/stdio_usb.c.obj
                0x20000e80                stdio_usb
 .data.ep_dir_string
                0x20000e98        0x8 CMakeFiles/OLED.dir/Users/siddp/Pico/pico-sdk/lib/tinyusb/src/portable/raspberrypi/rp2040/rp2040_usb.c.obj
                0x20000e98                ep_dir_string
 .data._usbd_qdef
                0x20000ea0       0x1c CMakeFiles/OLED.dir/Users/siddp/Pico/pico-sdk/lib/tinyusb/src/device/usbd.c.obj
                0x20000ea0                _usbd_qdef
 .data._usbd_rhport
                0x20000ebc        0x1 CMakeFiles/OLED.dir/Users/siddp/Pico/pico-sdk/lib/tinyusb/src/device/usbd.c.obj
 *fill*         0x20000ebd        0x3 
 .data.i2c0_inst
                0x20000ec0        0x8 CMakeFiles/OLED.dir/Users/siddp/Pico/pico-sdk/src/rp2_common/hardware_i2c/i2c.c.obj
                0x20000ec0                i2c0_inst
                0x20000ec8                        . = ALIGN (0x4)
 *(.after_data.*)
                0x20000ec8                        . = ALIGN (0x4)
                0x20000ec8                        PROVIDE (__mutex_array_start = .)
 *(SORT_BY_NAME(.mutex_array.*))
 *(.mutex_array)
 .mutex_array   0x20000ec8        0x8 CMakeFiles/OLED.dir/Users/siddp/Pico/pico-sdk/src/rp2_common/pico_stdio/stdio.c.obj
                0x20000ed0                        PROVIDE (__mutex_array_end = .)
                0x20000ed0                        . = ALIGN (0x4)
                0x20000ed0                        PROVIDE (__preinit_array_start = .)
 *(SORT_BY_NAME(.preinit_array.*))
 .preinit_array.00001
                0x20000ed0        0x4 CMakeFiles/OLED.dir/Users/siddp/Pico/pico-sdk/src/rp2_common/pico_mem_ops/mem_ops_aeabi.S.obj
 .preinit_array.00010
                0x20000ed4        0x4 CMakeFiles/OLED.dir/Users/siddp/Pico/pico-sdk/src/rp2_common/pico_bit_ops/bit_ops_aeabi.S.obj
 .preinit_array.00020
                0x20000ed8        0x4 CMakeFiles/OLED.dir/Users/siddp/Pico/pico-sdk/src/rp2_common/pico_double/double_aeabi.S.obj
 .preinit_array.00020
                0x20000edc        0x4 CMakeFiles/OLED.dir/Users/siddp/Pico/pico-sdk/src/rp2_common/pico_float/float_aeabi.S.obj
 *(.preinit_array)
                0x20000ee0                        PROVIDE (__preinit_array_end = .)
                0x20000ee0                        . = ALIGN (0x4)
                0x20000ee0                        PROVIDE (__init_array_start = .)
 *(SORT_BY_NAME(.init_array.*))
 *(.init_array)
 .init_array    0x20000ee0        0x4 /Applications/ArmGNUToolchain/13.2.Rel1/arm-none-eabi/bin/../lib/gcc/arm-none-eabi/13.2.1/thumb/v6-m/nofp/crtbegin.o
 .init_array    0x20000ee4        0x4 CMakeFiles/OLED.dir/Users/siddp/Pico/pico-sdk/src/rp2_common/pico_unique_id/unique_id.c.obj
                0x20000ee8                        PROVIDE (__init_array_end = .)
                0x20000ee8                        . = ALIGN (0x4)
                [!provide]                        PROVIDE (__fini_array_start = .)
 *(SORT_BY_NAME(.fini_array.*))
 *(.fini_array)
                [!provide]                        PROVIDE (__fini_array_end = .)
 *(.jcr)
                0x20000ee8                        . = ALIGN (0x4)
                0x20000ee8                        __data_end__ = .
                0x10007840                        __etext = LOADADDR (.data)

.tm_clone_table
                0x20000ee8        0x0 load address 0x10008668
 .tm_clone_table
                0x20000ee8        0x0 /Applications/ArmGNUToolchain/13.2.Rel1/arm-none-eabi/bin/../lib/gcc/arm-none-eabi/13.2.1/thumb/v6-m/nofp/crtbegin.o
 .tm_clone_table
                0x20000ee8        0x0 /Applications/ArmGNUToolchain/13.2.Rel1/arm-none-eabi/bin/../lib/gcc/arm-none-eabi/13.2.1/thumb/v6-m/nofp/crtend.o

.igot.plt       0x20000ee8        0x0 load address 0x10008668
 .igot.plt      0x20000ee8        0x0 /Applications/ArmGNUToolchain/13.2.Rel1/arm-none-eabi/bin/../lib/gcc/arm-none-eabi/13.2.1/thumb/v6-m/nofp/crtbegin.o

.uninitialized_data
                0x20000ee8        0x0 load address 0x10008668
                0x20000ee8                        . = ALIGN (0x4)
 *(.uninitialized_data*)

.scratch_x      0x20040000        0x0 load address 0x10008668
                0x20040000                        __scratch_x_start__ = .
 *(.scratch_x.*)
                0x20040000                        . = ALIGN (0x4)
                0x20040000                        __scratch_x_end__ = .
                0x10008668                        __scratch_x_source__ = LOADADDR (.scratch_x)

.scratch_y      0x20041000        0x0 load address 0x10008668
                0x20041000                        __scratch_y_start__ = .
 *(.scratch_y.*)
                0x20041000                        . = ALIGN (0x4)
                0x20041000                        __scratch_y_end__ = .
                0x10008668                        __scratch_y_source__ = LOADADDR (.scratch_y)

.bss            0x20000ee8      0xf88
                0x20000ee8                        . = ALIGN (0x4)
                0x20000ee8                        __bss_start__ = .
 *(SORT_BY_ALIGNMENT(SORT_BY_NAME(.bss*)))
 .bss.configured_freq
                0x20000ee8       0x28 CMakeFiles/OLED.dir/Users/siddp/Pico/pico-sdk/src/rp2_common/hardware_clocks/clocks.c.obj
 .bss.default_alarm_pool_entries
                0x20000f10      0x100 CMakeFiles/OLED.dir/Users/siddp/Pico/pico-sdk/src/common/pico_time/time.c.obj
 .bss.last_avail_time.1
                0x20001010        0x8 CMakeFiles/OLED.dir/Users/siddp/Pico/pico-sdk/src/rp2_common/pico_stdio_usb/stdio_usb.c.obj
 .bss.sd_table  0x20001018      0x100 CMakeFiles/OLED.dir/Users/siddp/Pico/pico-sdk/src/rp2_common/pico_double/double_init_rom.c.obj
                0x20001018                sd_table
 .bss.sf_table  0x20001118      0x100 CMakeFiles/OLED.dir/Users/siddp/Pico/pico-sdk/src/rp2_common/pico_float/float_init_rom.c.obj
                0x20001118                sf_table
 .bss._app_driver
                0x20001218        0x4 CMakeFiles/OLED.dir/Users/siddp/Pico/pico-sdk/lib/tinyusb/src/device/usbd.c.obj
 .bss._cdcd_itf
                0x2000121c      0x2c8 CMakeFiles/OLED.dir/Users/siddp/Pico/pico-sdk/lib/tinyusb/src/class/cdc/cdc_device.c.obj
 .bss._ctrl_xfer
                0x200014e4       0x14 CMakeFiles/OLED.dir/Users/siddp/Pico/pico-sdk/lib/tinyusb/src/device/usbd_control.c.obj
 .bss._ubsd_mutexdef
                0x200014f8        0x8 CMakeFiles/OLED.dir/Users/siddp/Pico/pico-sdk/lib/tinyusb/src/device/usbd.c.obj
 .bss._usbd_ctrl_buf
                0x20001500       0x40 CMakeFiles/OLED.dir/Users/siddp/Pico/pico-sdk/lib/tinyusb/src/device/usbd_control.c.obj
 .bss._usbd_dev
                0x20001540       0x53 CMakeFiles/OLED.dir/Users/siddp/Pico/pico-sdk/lib/tinyusb/src/device/usbd.c.obj
 *fill*         0x20001593        0x1 
 .bss._usbd_mutex
                0x20001594        0x4 CMakeFiles/OLED.dir/Users/siddp/Pico/pico-sdk/lib/tinyusb/src/device/usbd.c.obj
 .bss._usbd_q   0x20001598        0x4 CMakeFiles/OLED.dir/Users/siddp/Pico/pico-sdk/lib/tinyusb/src/device/usbd.c.obj
 .bss._usbd_qdef_buf
                0x2000159c       0xc0 CMakeFiles/OLED.dir/Users/siddp/Pico/pico-sdk/lib/tinyusb/src/device/usbd.c.obj
                0x2000159c                _usbd_qdef_buf
 .bss.alarm_callbacks
                0x2000165c       0x10 CMakeFiles/OLED.dir/Users/siddp/Pico/pico-sdk/src/rp2_common/hardware_timer/timer.c.obj
 .bss.boot2_copyout
                0x2000166c      0x100 CMakeFiles/OLED.dir/Users/siddp/Pico/pico-sdk/src/rp2_common/hardware_flash/flash.c.obj
 .bss.chars_available_callback
                0x2000176c        0x4 CMakeFiles/OLED.dir/Users/siddp/Pico/pico-sdk/src/rp2_common/pico_stdio_usb/stdio_usb.c.obj
 .bss.chars_available_param
                0x20001770        0x4 CMakeFiles/OLED.dir/Users/siddp/Pico/pico-sdk/src/rp2_common/pico_stdio_usb/stdio_usb.c.obj
 .bss.claimed   0x20001774        0x4 CMakeFiles/OLED.dir/Users/siddp/Pico/pico-sdk/src/rp2_common/hardware_sync/sync.c.obj
 .bss.default_alarm_pool_entry_ids_high
                0x20001778       0x10 CMakeFiles/OLED.dir/Users/siddp/Pico/pico-sdk/src/common/pico_time/time.c.obj
 .bss.default_alarm_pool_heap_nodes
                0x20001788       0x30 CMakeFiles/OLED.dir/Users/siddp/Pico/pico-sdk/src/common/pico_time/time.c.obj
 .bss.desc_str.0
                0x200017b8       0x28 CMakeFiles/OLED.dir/Users/siddp/Pico/pico-sdk/src/rp2_common/pico_stdio_usb/stdio_usb_descriptors.c.obj
 .bss.drivers   0x200017e0        0x4 CMakeFiles/OLED.dir/Users/siddp/Pico/pico-sdk/src/rp2_common/pico_stdio/stdio.c.obj
 .bss.e15_last_sof
                0x200017e4        0x4 CMakeFiles/OLED.dir/Users/siddp/Pico/pico-sdk/lib/tinyusb/src/portable/raspberrypi/rp2040/rp2040_usb.c.obj
                0x200017e4                e15_last_sof
 .bss.filter    0x200017e8        0x4 CMakeFiles/OLED.dir/Users/siddp/Pico/pico-sdk/src/rp2_common/pico_stdio/stdio.c.obj
 .bss.hw_endpoints
                0x200017ec      0x400 CMakeFiles/OLED.dir/Users/siddp/Pico/pico-sdk/lib/tinyusb/src/portable/raspberrypi/rp2040/dcd_rp2040.c.obj
 .bss.lazy_vsnprintf
                0x20001bec        0x4 CMakeFiles/OLED.dir/Users/siddp/Pico/pico-sdk/src/rp2_common/pico_printf/printf.c.obj
 .bss.load_value
                0x20001bf0        0x4 CMakeFiles/OLED.dir/Users/siddp/Pico/pico-sdk/src/rp2_common/hardware_watchdog/watchdog.c.obj
 .bss.next_buffer_ptr
                0x20001bf4        0x4 CMakeFiles/OLED.dir/Users/siddp/Pico/pico-sdk/lib/tinyusb/src/portable/raspberrypi/rp2040/dcd_rp2040.c.obj
 .bss.object.0  0x20001bf8       0x18 /Applications/ArmGNUToolchain/13.2.Rel1/arm-none-eabi/bin/../lib/gcc/arm-none-eabi/13.2.1/thumb/v6-m/nofp/crtbegin.o
 .bss.one_shot_timer_crit_sec
                0x20001c10        0x8 CMakeFiles/OLED.dir/Users/siddp/Pico/pico-sdk/src/rp2_common/pico_stdio_usb/stdio_usb.c.obj
 .bss.pools     0x20001c18       0x10 CMakeFiles/OLED.dir/Users/siddp/Pico/pico-sdk/src/common/pico_time/time.c.obj
 .bss.retrieved_id
                0x20001c28        0x8 CMakeFiles/OLED.dir/Users/siddp/Pico/pico-sdk/src/rp2_common/pico_unique_id/unique_id.c.obj
 .bss.sf_clz_func
                0x20001c30        0x4 CMakeFiles/OLED.dir/Users/siddp/Pico/pico-sdk/src/rp2_common/pico_double/double_init_rom.c.obj
                0x20001c30                sf_clz_func
 .bss.sleep_notifier
                0x20001c34        0x4 CMakeFiles/OLED.dir/Users/siddp/Pico/pico-sdk/src/common/pico_time/time.c.obj
 .bss.ssd1306_buffer
                0x20001c38      0x201 CMakeFiles/OLED.dir/ssd1306.c.obj
                0x20001c38                ssd1306_buffer
 *fill*         0x20001e39        0x3 
 .bss.stdio_usb_mutex
                0x20001e3c        0x8 CMakeFiles/OLED.dir/Users/siddp/Pico/pico-sdk/src/rp2_common/pico_stdio_usb/stdio_usb.c.obj
 .bss.target_hi
                0x20001e44       0x10 CMakeFiles/OLED.dir/Users/siddp/Pico/pico-sdk/src/rp2_common/hardware_timer/timer.c.obj
 .bss.usbd_serial_str
                0x20001e54       0x11 CMakeFiles/OLED.dir/Users/siddp/Pico/pico-sdk/src/rp2_common/pico_stdio_usb/stdio_usb_descriptors.c.obj
 .bss._app_driver_count
                0x20001e65        0x1 CMakeFiles/OLED.dir/Users/siddp/Pico/pico-sdk/lib/tinyusb/src/device/usbd.c.obj
 .bss._sof_enable
                0x20001e66        0x1 CMakeFiles/OLED.dir/Users/siddp/Pico/pico-sdk/lib/tinyusb/src/portable/raspberrypi/rp2040/dcd_rp2040.c.obj
 .bss.boot2_copyout_valid
                0x20001e67        0x1 CMakeFiles/OLED.dir/Users/siddp/Pico/pico-sdk/src/rp2_common/hardware_flash/flash.c.obj
 .bss.claimed   0x20001e68        0x1 CMakeFiles/OLED.dir/Users/siddp/Pico/pico-sdk/src/rp2_common/hardware_timer/timer.c.obj
 .bss.irq_hander_chain_free_slot_head
                0x20001e69        0x1 CMakeFiles/OLED.dir/Users/siddp/Pico/pico-sdk/src/rp2_common/hardware_irq/irq.c.obj
 .bss.itf_num   0x20001e6a        0x1 CMakeFiles/OLED.dir/Users/siddp/Pico/pico-sdk/src/rp2_common/pico_stdio_usb/reset_interface.c.obj
 .bss.low_priority_irq_num
                0x20001e6b        0x1 CMakeFiles/OLED.dir/Users/siddp/Pico/pico-sdk/src/rp2_common/pico_stdio_usb/stdio_usb.c.obj
 .bss.one_shot_timer_pending
                0x20001e6c        0x1 CMakeFiles/OLED.dir/Users/siddp/Pico/pico-sdk/src/rp2_common/pico_stdio_usb/stdio_usb.c.obj
 .bss.timer_callbacks_pending
                0x20001e6d        0x1 CMakeFiles/OLED.dir/Users/siddp/Pico/pico-sdk/src/rp2_common/hardware_timer/timer.c.obj
 .bss.user_irq_claimed
                0x20001e6e        0x1 CMakeFiles/OLED.dir/Users/siddp/Pico/pico-sdk/src/rp2_common/hardware_irq/irq.c.obj
 *(COMMON)
                0x20001e70                        . = ALIGN (0x4)
 *fill*         0x20001e6f        0x1 
                0x20001e70                        __bss_end__ = .

.heap           0x20001e70      0x800
                0x20001e70                        __end__ = .
                0x20001e70                        end = __end__
 *(.heap*)
 .heap          0x20001e70      0x800 CMakeFiles/OLED.dir/Users/siddp/Pico/pico-sdk/src/rp2_common/pico_standard_link/crt0.S.obj
                0x20002670                        __HeapLimit = .

.stack1_dummy
 *(.stack1*)

.stack_dummy    0x20041000      0x800
 *(.stack*)
 .stack         0x20041000      0x800 CMakeFiles/OLED.dir/Users/siddp/Pico/pico-sdk/src/rp2_common/pico_standard_link/crt0.S.obj

.flash_end      0x10008668        0x0
                0x10008668                        PROVIDE (__flash_binary_end = .)
                0x20040000                        __StackLimit = (ORIGIN (RAM) + LENGTH (RAM))
                0x20041000                        __StackOneTop = (ORIGIN (SCRATCH_X) + LENGTH (SCRATCH_X))
                0x20042000                        __StackTop = (ORIGIN (SCRATCH_Y) + LENGTH (SCRATCH_Y))
                0x20041000                        __StackOneBottom = (__StackOneTop - SIZEOF (.stack1_dummy))
                0x20041800                        __StackBottom = (__StackTop - SIZEOF (.stack_dummy))
                0x20042000                        PROVIDE (__stack = __StackTop)
                0x00000001                        ASSERT ((__StackLimit >= __HeapLimit), region RAM overflowed)
                0x00000001                        ASSERT (((__binary_info_header_end - __logical_binary_start) <= 0x100), Binary info must be in first 256 bytes of the binary)
LOAD CMakeFiles/OLED.dir/OLED.c.obj
LOAD CMakeFiles/OLED.dir/ssd1306.c.obj
LOAD CMakeFiles/OLED.dir/Users/siddp/Pico/pico-sdk/src/rp2_common/pico_stdlib/stdlib.c.obj
LOAD CMakeFiles/OLED.dir/Users/siddp/Pico/pico-sdk/src/rp2_common/hardware_gpio/gpio.c.obj
LOAD CMakeFiles/OLED.dir/Users/siddp/Pico/pico-sdk/src/rp2_common/pico_platform/platform.c.obj
LOAD CMakeFiles/OLED.dir/Users/siddp/Pico/pico-sdk/src/rp2_common/hardware_claim/claim.c.obj
LOAD CMakeFiles/OLED.dir/Users/siddp/Pico/pico-sdk/src/rp2_common/hardware_sync/sync.c.obj
LOAD CMakeFiles/OLED.dir/Users/siddp/Pico/pico-sdk/src/rp2_common/hardware_irq/irq.c.obj
LOAD CMakeFiles/OLED.dir/Users/siddp/Pico/pico-sdk/src/rp2_common/hardware_irq/irq_handler_chain.S.obj
LOAD CMakeFiles/OLED.dir/Users/siddp/Pico/pico-sdk/src/common/pico_sync/sem.c.obj
LOAD CMakeFiles/OLED.dir/Users/siddp/Pico/pico-sdk/src/common/pico_sync/lock_core.c.obj
LOAD CMakeFiles/OLED.dir/Users/siddp/Pico/pico-sdk/src/common/pico_sync/mutex.c.obj
LOAD CMakeFiles/OLED.dir/Users/siddp/Pico/pico-sdk/src/common/pico_sync/critical_section.c.obj
LOAD CMakeFiles/OLED.dir/Users/siddp/Pico/pico-sdk/src/common/pico_time/time.c.obj
LOAD CMakeFiles/OLED.dir/Users/siddp/Pico/pico-sdk/src/common/pico_time/timeout_helper.c.obj
LOAD CMakeFiles/OLED.dir/Users/siddp/Pico/pico-sdk/src/rp2_common/hardware_timer/timer.c.obj
LOAD CMakeFiles/OLED.dir/Users/siddp/Pico/pico-sdk/src/common/pico_util/datetime.c.obj
LOAD CMakeFiles/OLED.dir/Users/siddp/Pico/pico-sdk/src/common/pico_util/pheap.c.obj
LOAD CMakeFiles/OLED.dir/Users/siddp/Pico/pico-sdk/src/common/pico_util/queue.c.obj
LOAD CMakeFiles/OLED.dir/Users/siddp/Pico/pico-sdk/src/rp2_common/hardware_uart/uart.c.obj
LOAD CMakeFiles/OLED.dir/Users/siddp/Pico/pico-sdk/src/rp2_common/hardware_clocks/clocks.c.obj
LOAD CMakeFiles/OLED.dir/Users/siddp/Pico/pico-sdk/src/rp2_common/hardware_pll/pll.c.obj
LOAD CMakeFiles/OLED.dir/Users/siddp/Pico/pico-sdk/src/rp2_common/hardware_vreg/vreg.c.obj
LOAD CMakeFiles/OLED.dir/Users/siddp/Pico/pico-sdk/src/rp2_common/hardware_watchdog/watchdog.c.obj
LOAD CMakeFiles/OLED.dir/Users/siddp/Pico/pico-sdk/src/rp2_common/hardware_xosc/xosc.c.obj
LOAD CMakeFiles/OLED.dir/Users/siddp/Pico/pico-sdk/src/rp2_common/hardware_divider/divider.S.obj
LOAD CMakeFiles/OLED.dir/Users/siddp/Pico/pico-sdk/src/rp2_common/pico_runtime/runtime.c.obj
LOAD CMakeFiles/OLED.dir/Users/siddp/Pico/pico-sdk/src/rp2_common/pico_printf/printf.c.obj
LOAD CMakeFiles/OLED.dir/Users/siddp/Pico/pico-sdk/src/rp2_common/pico_bit_ops/bit_ops_aeabi.S.obj
LOAD CMakeFiles/OLED.dir/Users/siddp/Pico/pico-sdk/src/rp2_common/pico_bootrom/bootrom.c.obj
LOAD CMakeFiles/OLED.dir/Users/siddp/Pico/pico-sdk/src/rp2_common/pico_divider/divider.S.obj
LOAD CMakeFiles/OLED.dir/Users/siddp/Pico/pico-sdk/src/rp2_common/pico_double/double_aeabi.S.obj
LOAD CMakeFiles/OLED.dir/Users/siddp/Pico/pico-sdk/src/rp2_common/pico_double/double_init_rom.c.obj
LOAD CMakeFiles/OLED.dir/Users/siddp/Pico/pico-sdk/src/rp2_common/pico_double/double_math.c.obj
LOAD CMakeFiles/OLED.dir/Users/siddp/Pico/pico-sdk/src/rp2_common/pico_double/double_v1_rom_shim.S.obj
LOAD CMakeFiles/OLED.dir/Users/siddp/Pico/pico-sdk/src/rp2_common/pico_int64_ops/pico_int64_ops_aeabi.S.obj
LOAD CMakeFiles/OLED.dir/Users/siddp/Pico/pico-sdk/src/rp2_common/pico_float/float_aeabi.S.obj
LOAD CMakeFiles/OLED.dir/Users/siddp/Pico/pico-sdk/src/rp2_common/pico_float/float_init_rom.c.obj
LOAD CMakeFiles/OLED.dir/Users/siddp/Pico/pico-sdk/src/rp2_common/pico_float/float_math.c.obj
LOAD CMakeFiles/OLED.dir/Users/siddp/Pico/pico-sdk/src/rp2_common/pico_float/float_v1_rom_shim.S.obj
LOAD CMakeFiles/OLED.dir/Users/siddp/Pico/pico-sdk/src/rp2_common/pico_malloc/pico_malloc.c.obj
LOAD CMakeFiles/OLED.dir/Users/siddp/Pico/pico-sdk/src/rp2_common/pico_mem_ops/mem_ops_aeabi.S.obj
LOAD CMakeFiles/OLED.dir/Users/siddp/Pico/pico-sdk/src/rp2_common/pico_standard_link/crt0.S.obj
LOAD CMakeFiles/OLED.dir/Users/siddp/Pico/pico-sdk/src/rp2_common/pico_standard_link/new_delete.cpp.obj
LOAD CMakeFiles/OLED.dir/Users/siddp/Pico/pico-sdk/src/rp2_common/pico_standard_link/binary_info.c.obj
LOAD CMakeFiles/OLED.dir/Users/siddp/Pico/pico-sdk/src/rp2_common/pico_stdio/stdio.c.obj
LOAD CMakeFiles/OLED.dir/Users/siddp/Pico/pico-sdk/src/rp2_common/pico_stdio_usb/reset_interface.c.obj
LOAD CMakeFiles/OLED.dir/Users/siddp/Pico/pico-sdk/src/rp2_common/pico_stdio_usb/stdio_usb.c.obj
LOAD CMakeFiles/OLED.dir/Users/siddp/Pico/pico-sdk/src/rp2_common/pico_stdio_usb/stdio_usb_descriptors.c.obj
LOAD CMakeFiles/OLED.dir/Users/siddp/Pico/pico-sdk/src/rp2_common/pico_unique_id/unique_id.c.obj
LOAD CMakeFiles/OLED.dir/Users/siddp/Pico/pico-sdk/src/rp2_common/hardware_flash/flash.c.obj
LOAD CMakeFiles/OLED.dir/Users/siddp/Pico/pico-sdk/lib/tinyusb/src/portable/raspberrypi/rp2040/dcd_rp2040.c.obj
LOAD CMakeFiles/OLED.dir/Users/siddp/Pico/pico-sdk/lib/tinyusb/src/portable/raspberrypi/rp2040/rp2040_usb.c.obj
LOAD CMakeFiles/OLED.dir/Users/siddp/Pico/pico-sdk/lib/tinyusb/src/device/usbd.c.obj
LOAD CMakeFiles/OLED.dir/Users/siddp/Pico/pico-sdk/lib/tinyusb/src/device/usbd_control.c.obj
LOAD CMakeFiles/OLED.dir/Users/siddp/Pico/pico-sdk/lib/tinyusb/src/class/audio/audio_device.c.obj
LOAD CMakeFiles/OLED.dir/Users/siddp/Pico/pico-sdk/lib/tinyusb/src/class/cdc/cdc_device.c.obj
LOAD CMakeFiles/OLED.dir/Users/siddp/Pico/pico-sdk/lib/tinyusb/src/class/dfu/dfu_device.c.obj
LOAD CMakeFiles/OLED.dir/Users/siddp/Pico/pico-sdk/lib/tinyusb/src/class/dfu/dfu_rt_device.c.obj
LOAD CMakeFiles/OLED.dir/Users/siddp/Pico/pico-sdk/lib/tinyusb/src/class/hid/hid_device.c.obj
LOAD CMakeFiles/OLED.dir/Users/siddp/Pico/pico-sdk/lib/tinyusb/src/class/midi/midi_device.c.obj
LOAD CMakeFiles/OLED.dir/Users/siddp/Pico/pico-sdk/lib/tinyusb/src/class/msc/msc_device.c.obj
LOAD CMakeFiles/OLED.dir/Users/siddp/Pico/pico-sdk/lib/tinyusb/src/class/net/ecm_rndis_device.c.obj
LOAD CMakeFiles/OLED.dir/Users/siddp/Pico/pico-sdk/lib/tinyusb/src/class/net/ncm_device.c.obj
LOAD CMakeFiles/OLED.dir/Users/siddp/Pico/pico-sdk/lib/tinyusb/src/class/usbtmc/usbtmc_device.c.obj
LOAD CMakeFiles/OLED.dir/Users/siddp/Pico/pico-sdk/lib/tinyusb/src/class/vendor/vendor_device.c.obj
LOAD CMakeFiles/OLED.dir/Users/siddp/Pico/pico-sdk/lib/tinyusb/src/class/video/video_device.c.obj
LOAD CMakeFiles/OLED.dir/Users/siddp/Pico/pico-sdk/lib/tinyusb/src/tusb.c.obj
LOAD CMakeFiles/OLED.dir/Users/siddp/Pico/pico-sdk/lib/tinyusb/src/common/tusb_fifo.c.obj
LOAD CMakeFiles/OLED.dir/Users/siddp/Pico/pico-sdk/src/rp2_common/pico_fix/rp2040_usb_device_enumeration/rp2040_usb_device_enumeration.c.obj
LOAD CMakeFiles/OLED.dir/Users/siddp/Pico/pico-sdk/src/rp2_common/hardware_i2c/i2c.c.obj
LOAD CMakeFiles/OLED.dir/Users/siddp/Pico/pico-sdk/src/rp2_common/hardware_adc/adc.c.obj
LOAD /var/folders/jb/v8rdwny12k3gxrm3k8wkm36h0000gn/T//ccEtqnjP.o
LOAD /Applications/ArmGNUToolchain/13.2.Rel1/arm-none-eabi/bin/../lib/gcc/arm-none-eabi/13.2.1/../../../../arm-none-eabi/lib/thumb/v6-m/nofp/libstdc++.a
LOAD /Applications/ArmGNUToolchain/13.2.Rel1/arm-none-eabi/bin/../lib/gcc/arm-none-eabi/13.2.1/../../../../arm-none-eabi/lib/thumb/v6-m/nofp/libm.a
START GROUP
LOAD /Applications/ArmGNUToolchain/13.2.Rel1/arm-none-eabi/bin/../lib/gcc/arm-none-eabi/13.2.1/thumb/v6-m/nofp/libgcc.a
LOAD /Applications/ArmGNUToolchain/13.2.Rel1/arm-none-eabi/bin/../lib/gcc/arm-none-eabi/13.2.1/../../../../arm-none-eabi/lib/thumb/v6-m/nofp/libc.a
END GROUP
START GROUP
LOAD /Applications/ArmGNUToolchain/13.2.Rel1/arm-none-eabi/bin/../lib/gcc/arm-none-eabi/13.2.1/thumb/v6-m/nofp/libgcc.a
LOAD /Applications/ArmGNUToolchain/13.2.Rel1/arm-none-eabi/bin/../lib/gcc/arm-none-eabi/13.2.1/../../../../arm-none-eabi/lib/thumb/v6-m/nofp/libc.a
LOAD /Applications/ArmGNUToolchain/13.2.Rel1/arm-none-eabi/bin/../lib/gcc/arm-none-eabi/13.2.1/../../../../arm-none-eabi/lib/thumb/v6-m/nofp/libnosys.a
END GROUP
LOAD /Applications/ArmGNUToolchain/13.2.Rel1/arm-none-eabi/bin/../lib/gcc/arm-none-eabi/13.2.1/thumb/v6-m/nofp/crtend.o
LOAD /Applications/ArmGNUToolchain/13.2.Rel1/arm-none-eabi/bin/../lib/gcc/arm-none-eabi/13.2.1/thumb/v6-m/nofp/crtn.o
OUTPUT(OLED.elf elf32-littlearm)
LOAD linker stubs

.ARM.attributes
                0x00000000       0x28
 .ARM.attributes
                0x00000000       0x1e /Applications/ArmGNUToolchain/13.2.Rel1/arm-none-eabi/bin/../lib/gcc/arm-none-eabi/13.2.1/thumb/v6-m/nofp/crti.o
 .ARM.attributes
                0x0000001e       0x2c /Applications/ArmGNUToolchain/13.2.Rel1/arm-none-eabi/bin/../lib/gcc/arm-none-eabi/13.2.1/thumb/v6-m/nofp/crtbegin.o
 .ARM.attributes
                0x0000004a       0x2c CMakeFiles/OLED.dir/OLED.c.obj
 .ARM.attributes
                0x00000076       0x2c CMakeFiles/OLED.dir/ssd1306.c.obj
 .ARM.attributes
                0x000000a2       0x2c CMakeFiles/OLED.dir/Users/siddp/Pico/pico-sdk/src/rp2_common/hardware_gpio/gpio.c.obj
 .ARM.attributes
                0x000000ce       0x2c CMakeFiles/OLED.dir/Users/siddp/Pico/pico-sdk/src/rp2_common/pico_platform/platform.c.obj
 .ARM.attributes
                0x000000fa       0x2c CMakeFiles/OLED.dir/Users/siddp/Pico/pico-sdk/src/rp2_common/hardware_claim/claim.c.obj
 .ARM.attributes
                0x00000126       0x2c CMakeFiles/OLED.dir/Users/siddp/Pico/pico-sdk/src/rp2_common/hardware_sync/sync.c.obj
 .ARM.attributes
                0x00000152       0x2c CMakeFiles/OLED.dir/Users/siddp/Pico/pico-sdk/src/rp2_common/hardware_irq/irq.c.obj
 .ARM.attributes
                0x0000017e       0x22 CMakeFiles/OLED.dir/Users/siddp/Pico/pico-sdk/src/rp2_common/hardware_irq/irq_handler_chain.S.obj
 .ARM.attributes
                0x000001a0       0x2c CMakeFiles/OLED.dir/Users/siddp/Pico/pico-sdk/src/common/pico_sync/lock_core.c.obj
 .ARM.attributes
                0x000001cc       0x2c CMakeFiles/OLED.dir/Users/siddp/Pico/pico-sdk/src/common/pico_sync/mutex.c.obj
 .ARM.attributes
                0x000001f8       0x2c CMakeFiles/OLED.dir/Users/siddp/Pico/pico-sdk/src/common/pico_sync/critical_section.c.obj
 .ARM.attributes
                0x00000224       0x2c CMakeFiles/OLED.dir/Users/siddp/Pico/pico-sdk/src/common/pico_time/time.c.obj
 .ARM.attributes
                0x00000250       0x2c CMakeFiles/OLED.dir/Users/siddp/Pico/pico-sdk/src/rp2_common/hardware_timer/timer.c.obj
 .ARM.attributes
                0x0000027c       0x2c CMakeFiles/OLED.dir/Users/siddp/Pico/pico-sdk/src/common/pico_util/pheap.c.obj
 .ARM.attributes
                0x000002a8       0x2c CMakeFiles/OLED.dir/Users/siddp/Pico/pico-sdk/src/rp2_common/hardware_clocks/clocks.c.obj
 .ARM.attributes
                0x000002d4       0x2c CMakeFiles/OLED.dir/Users/siddp/Pico/pico-sdk/src/rp2_common/hardware_pll/pll.c.obj
 .ARM.attributes
                0x00000300       0x2c CMakeFiles/OLED.dir/Users/siddp/Pico/pico-sdk/src/rp2_common/hardware_watchdog/watchdog.c.obj
 .ARM.attributes
                0x0000032c       0x2c CMakeFiles/OLED.dir/Users/siddp/Pico/pico-sdk/src/rp2_common/hardware_xosc/xosc.c.obj
 .ARM.attributes
                0x00000358       0x2c CMakeFiles/OLED.dir/Users/siddp/Pico/pico-sdk/src/rp2_common/pico_runtime/runtime.c.obj
 .ARM.attributes
                0x00000384       0x2c CMakeFiles/OLED.dir/Users/siddp/Pico/pico-sdk/src/rp2_common/pico_printf/printf.c.obj
 .ARM.attributes
                0x000003b0       0x22 CMakeFiles/OLED.dir/Users/siddp/Pico/pico-sdk/src/rp2_common/pico_bit_ops/bit_ops_aeabi.S.obj
 .ARM.attributes
                0x000003d2       0x2c CMakeFiles/OLED.dir/Users/siddp/Pico/pico-sdk/src/rp2_common/pico_bootrom/bootrom.c.obj
 .ARM.attributes
                0x000003fe       0x22 CMakeFiles/OLED.dir/Users/siddp/Pico/pico-sdk/src/rp2_common/pico_divider/divider.S.obj
 .ARM.attributes
                0x00000420       0x22 CMakeFiles/OLED.dir/Users/siddp/Pico/pico-sdk/src/rp2_common/pico_double/double_aeabi.S.obj
 .ARM.attributes
                0x00000442       0x2c CMakeFiles/OLED.dir/Users/siddp/Pico/pico-sdk/src/rp2_common/pico_double/double_init_rom.c.obj
 .ARM.attributes
                0x0000046e       0x22 CMakeFiles/OLED.dir/Users/siddp/Pico/pico-sdk/src/rp2_common/pico_double/double_v1_rom_shim.S.obj
 .ARM.attributes
                0x00000490       0x22 CMakeFiles/OLED.dir/Users/siddp/Pico/pico-sdk/src/rp2_common/pico_int64_ops/pico_int64_ops_aeabi.S.obj
 .ARM.attributes
                0x000004b2       0x22 CMakeFiles/OLED.dir/Users/siddp/Pico/pico-sdk/src/rp2_common/pico_float/float_aeabi.S.obj
 .ARM.attributes
                0x000004d4       0x2c CMakeFiles/OLED.dir/Users/siddp/Pico/pico-sdk/src/rp2_common/pico_float/float_init_rom.c.obj
 .ARM.attributes
                0x00000500       0x22 CMakeFiles/OLED.dir/Users/siddp/Pico/pico-sdk/src/rp2_common/pico_float/float_v1_rom_shim.S.obj
 .ARM.attributes
                0x00000522       0x22 CMakeFiles/OLED.dir/Users/siddp/Pico/pico-sdk/src/rp2_common/pico_mem_ops/mem_ops_aeabi.S.obj
 .ARM.attributes
                0x00000544       0x22 CMakeFiles/OLED.dir/Users/siddp/Pico/pico-sdk/src/rp2_common/pico_standard_link/crt0.S.obj
 .ARM.attributes
                0x00000566       0x2c CMakeFiles/OLED.dir/Users/siddp/Pico/pico-sdk/src/rp2_common/pico_standard_link/binary_info.c.obj
 .ARM.attributes
                0x00000592       0x2c CMakeFiles/OLED.dir/Users/siddp/Pico/pico-sdk/src/rp2_common/pico_stdio/stdio.c.obj
 .ARM.attributes
                0x000005be       0x2c CMakeFiles/OLED.dir/Users/siddp/Pico/pico-sdk/src/rp2_common/pico_stdio_usb/reset_interface.c.obj
 .ARM.attributes
                0x000005ea       0x2c CMakeFiles/OLED.dir/Users/siddp/Pico/pico-sdk/src/rp2_common/pico_stdio_usb/stdio_usb.c.obj
 .ARM.attributes
                0x00000616       0x2c CMakeFiles/OLED.dir/Users/siddp/Pico/pico-sdk/src/rp2_common/pico_stdio_usb/stdio_usb_descriptors.c.obj
 .ARM.attributes
                0x00000642       0x2c CMakeFiles/OLED.dir/Users/siddp/Pico/pico-sdk/src/rp2_common/pico_unique_id/unique_id.c.obj
 .ARM.attributes
                0x0000066e       0x2c CMakeFiles/OLED.dir/Users/siddp/Pico/pico-sdk/src/rp2_common/hardware_flash/flash.c.obj
 .ARM.attributes
                0x0000069a       0x2c CMakeFiles/OLED.dir/Users/siddp/Pico/pico-sdk/lib/tinyusb/src/portable/raspberrypi/rp2040/dcd_rp2040.c.obj
 .ARM.attributes
                0x000006c6       0x2c CMakeFiles/OLED.dir/Users/siddp/Pico/pico-sdk/lib/tinyusb/src/portable/raspberrypi/rp2040/rp2040_usb.c.obj
 .ARM.attributes
                0x000006f2       0x2c CMakeFiles/OLED.dir/Users/siddp/Pico/pico-sdk/lib/tinyusb/src/device/usbd.c.obj
 .ARM.attributes
                0x0000071e       0x2c CMakeFiles/OLED.dir/Users/siddp/Pico/pico-sdk/lib/tinyusb/src/device/usbd_control.c.obj
 .ARM.attributes
                0x0000074a       0x2c CMakeFiles/OLED.dir/Users/siddp/Pico/pico-sdk/lib/tinyusb/src/class/cdc/cdc_device.c.obj
 .ARM.attributes
                0x00000776       0x2c CMakeFiles/OLED.dir/Users/siddp/Pico/pico-sdk/lib/tinyusb/src/tusb.c.obj
 .ARM.attributes
                0x000007a2       0x2c CMakeFiles/OLED.dir/Users/siddp/Pico/pico-sdk/lib/tinyusb/src/common/tusb_fifo.c.obj
 .ARM.attributes
                0x000007ce       0x2c CMakeFiles/OLED.dir/Users/siddp/Pico/pico-sdk/src/rp2_common/hardware_i2c/i2c.c.obj
 .ARM.attributes
                0x000007fa       0x2c CMakeFiles/OLED.dir/Users/siddp/Pico/pico-sdk/src/rp2_common/hardware_adc/adc.c.obj
 .ARM.attributes
                0x00000826       0x22 /var/folders/jb/v8rdwny12k3gxrm3k8wkm36h0000gn/T//ccEtqnjP.o
 .ARM.attributes
                0x00000848       0x1e /Applications/ArmGNUToolchain/13.2.Rel1/arm-none-eabi/bin/../lib/gcc/arm-none-eabi/13.2.1/thumb/v6-m/nofp/libgcc.a(_dvmd_tls.o)
 .ARM.attributes
                0x00000866       0x2c /Applications/ArmGNUToolchain/13.2.Rel1/arm-none-eabi/bin/../lib/gcc/arm-none-eabi/13.2.1/../../../../arm-none-eabi/lib/thumb/v6-m/nofp/libc.a(libc_a-strlen-stub.o)
 .ARM.attributes
                0x00000892       0x2c /Applications/ArmGNUToolchain/13.2.Rel1/arm-none-eabi/bin/../lib/gcc/arm-none-eabi/13.2.1/thumb/v6-m/nofp/crtend.o

.comment        0x00000000       0x44
 .comment       0x00000000       0x44 CMakeFiles/OLED.dir/OLED.c.obj
                                 0x45 (size before relaxing)
 .comment       0x00000044       0x45 CMakeFiles/OLED.dir/ssd1306.c.obj
 .comment       0x00000044       0x45 CMakeFiles/OLED.dir/Users/siddp/Pico/pico-sdk/src/rp2_common/hardware_gpio/gpio.c.obj
 .comment       0x00000044       0x45 CMakeFiles/OLED.dir/Users/siddp/Pico/pico-sdk/src/rp2_common/pico_platform/platform.c.obj
 .comment       0x00000044       0x45 CMakeFiles/OLED.dir/Users/siddp/Pico/pico-sdk/src/rp2_common/hardware_claim/claim.c.obj
 .comment       0x00000044       0x45 CMakeFiles/OLED.dir/Users/siddp/Pico/pico-sdk/src/rp2_common/hardware_sync/sync.c.obj
 .comment       0x00000044       0x45 CMakeFiles/OLED.dir/Users/siddp/Pico/pico-sdk/src/rp2_common/hardware_irq/irq.c.obj
 .comment       0x00000044       0x45 CMakeFiles/OLED.dir/Users/siddp/Pico/pico-sdk/src/common/pico_sync/lock_core.c.obj
 .comment       0x00000044       0x45 CMakeFiles/OLED.dir/Users/siddp/Pico/pico-sdk/src/common/pico_sync/mutex.c.obj
 .comment       0x00000044       0x45 CMakeFiles/OLED.dir/Users/siddp/Pico/pico-sdk/src/common/pico_sync/critical_section.c.obj
 .comment       0x00000044       0x45 CMakeFiles/OLED.dir/Users/siddp/Pico/pico-sdk/src/common/pico_time/time.c.obj
 .comment       0x00000044       0x45 CMakeFiles/OLED.dir/Users/siddp/Pico/pico-sdk/src/rp2_common/hardware_timer/timer.c.obj
 .comment       0x00000044       0x45 CMakeFiles/OLED.dir/Users/siddp/Pico/pico-sdk/src/common/pico_util/pheap.c.obj
 .comment       0x00000044       0x45 CMakeFiles/OLED.dir/Users/siddp/Pico/pico-sdk/src/rp2_common/hardware_clocks/clocks.c.obj
 .comment       0x00000044       0x45 CMakeFiles/OLED.dir/Users/siddp/Pico/pico-sdk/src/rp2_common/hardware_pll/pll.c.obj
 .comment       0x00000044       0x45 CMakeFiles/OLED.dir/Users/siddp/Pico/pico-sdk/src/rp2_common/hardware_watchdog/watchdog.c.obj
 .comment       0x00000044       0x45 CMakeFiles/OLED.dir/Users/siddp/Pico/pico-sdk/src/rp2_common/hardware_xosc/xosc.c.obj
 .comment       0x00000044       0x45 CMakeFiles/OLED.dir/Users/siddp/Pico/pico-sdk/src/rp2_common/pico_runtime/runtime.c.obj
 .comment       0x00000044       0x45 CMakeFiles/OLED.dir/Users/siddp/Pico/pico-sdk/src/rp2_common/pico_printf/printf.c.obj