Archive member included to satisfy reference by file (symbol)

/Applications/ArmGNUToolchain/13.2.Rel1/arm-none-eabi/bin/../lib/gcc/arm-none-eabi/13.2.1/thumb/v6-m/nofp/libgcc.a(_dvmd_tls.o)
                              CMakeFiles/print.dir/Users/siddp/Pico/pico-sdk/src/rp2_common/pico_divider/divider.S.obj (__aeabi_idiv0)
/Applications/ArmGNUToolchain/13.2.Rel1/arm-none-eabi/bin/../lib/gcc/arm-none-eabi/13.2.1/../../../../arm-none-eabi/lib/thumb/v6-m/nofp/libc.a(libc_a-calloc.o)
                              CMakeFiles/print.dir/Users/siddp/Pico/pico-sdk/src/rp2_common/pico_malloc/pico_malloc.c.obj (calloc)
/Applications/ArmGNUToolchain/13.2.Rel1/arm-none-eabi/bin/../lib/gcc/arm-none-eabi/13.2.1/../../../../arm-none-eabi/lib/thumb/v6-m/nofp/libc.a(libc_a-callocr.o)
                              /Applications/ArmGNUToolchain/13.2.Rel1/arm-none-eabi/bin/../lib/gcc/arm-none-eabi/13.2.1/../../../../arm-none-eabi/lib/thumb/v6-m/nofp/libc.a(libc_a-calloc.o) (_calloc_r)
/Applications/ArmGNUToolchain/13.2.Rel1/arm-none-eabi/bin/../lib/gcc/arm-none-eabi/13.2.1/../../../../arm-none-eabi/lib/thumb/v6-m/nofp/libc.a(libc_a-malloc.o)
                              CMakeFiles/print.dir/Users/siddp/Pico/pico-sdk/src/rp2_common/pico_malloc/pico_malloc.c.obj (malloc)
/Applications/ArmGNUToolchain/13.2.Rel1/arm-none-eabi/bin/../lib/gcc/arm-none-eabi/13.2.1/../../../../arm-none-eabi/lib/thumb/v6-m/nofp/libc.a(libc_a-mallocr.o)
                              /Applications/ArmGNUToolchain/13.2.Rel1/arm-none-eabi/bin/../lib/gcc/arm-none-eabi/13.2.1/../../../../arm-none-eabi/lib/thumb/v6-m/nofp/libc.a(libc_a-callocr.o) (_malloc_r)
/Applications/ArmGNUToolchain/13.2.Rel1/arm-none-eabi/bin/../lib/gcc/arm-none-eabi/13.2.1/../../../../arm-none-eabi/lib/thumb/v6-m/nofp/libc.a(libc_a-mlock.o)
                              /Applications/ArmGNUToolchain/13.2.Rel1/arm-none-eabi/bin/../lib/gcc/arm-none-eabi/13.2.1/../../../../arm-none-eabi/lib/thumb/v6-m/nofp/libc.a(libc_a-mallocr.o) (__malloc_lock)
/Applications/ArmGNUToolchain/13.2.Rel1/arm-none-eabi/bin/../lib/gcc/arm-none-eabi/13.2.1/../../../../arm-none-eabi/lib/thumb/v6-m/nofp/libc.a(libc_a-realloc.o)
                              CMakeFiles/print.dir/Users/siddp/Pico/pico-sdk/src/rp2_common/pico_malloc/pico_malloc.c.obj (realloc)
/Applications/ArmGNUToolchain/13.2.Rel1/arm-none-eabi/bin/../lib/gcc/arm-none-eabi/13.2.1/../../../../arm-none-eabi/lib/thumb/v6-m/nofp/libc.a(libc_a-scanf.o)
                              CMakeFiles/print.dir/print.c.obj (scanf)
/Applications/ArmGNUToolchain/13.2.Rel1/arm-none-eabi/bin/../lib/gcc/arm-none-eabi/13.2.1/../../../../arm-none-eabi/lib/thumb/v6-m/nofp/libc.a(libc_a-reallocr.o)
                              /Applications/ArmGNUToolchain/13.2.Rel1/arm-none-eabi/bin/../lib/gcc/arm-none-eabi/13.2.1/../../../../arm-none-eabi/lib/thumb/v6-m/nofp/libc.a(libc_a-realloc.o) (_realloc_r)
/Applications/ArmGNUToolchain/13.2.Rel1/arm-none-eabi/bin/../lib/gcc/arm-none-eabi/13.2.1/../../../../arm-none-eabi/lib/thumb/v6-m/nofp/libc.a(libc_a-memmove.o)
                              /Applications/ArmGNUToolchain/13.2.Rel1/arm-none-eabi/bin/../lib/gcc/arm-none-eabi/13.2.1/../../../../arm-none-eabi/lib/thumb/v6-m/nofp/libc.a(libc_a-reallocr.o) (memmove)
/Applications/ArmGNUToolchain/13.2.Rel1/arm-none-eabi/bin/../lib/gcc/arm-none-eabi/13.2.1/../../../../arm-none-eabi/lib/thumb/v6-m/nofp/libc.a(libc_a-impure.o)
                              /Applications/ArmGNUToolchain/13.2.Rel1/arm-none-eabi/bin/../lib/gcc/arm-none-eabi/13.2.1/../../../../arm-none-eabi/lib/thumb/v6-m/nofp/libc.a(libc_a-calloc.o) (_impure_ptr)
/Applications/ArmGNUToolchain/13.2.Rel1/arm-none-eabi/bin/../lib/gcc/arm-none-eabi/13.2.1/../../../../arm-none-eabi/lib/thumb/v6-m/nofp/libc.a(libc_a-sbrkr.o)
                              /Applications/ArmGNUToolchain/13.2.Rel1/arm-none-eabi/bin/../lib/gcc/arm-none-eabi/13.2.1/../../../../arm-none-eabi/lib/thumb/v6-m/nofp/libc.a(libc_a-mallocr.o) (_sbrk_r)
/Applications/ArmGNUToolchain/13.2.Rel1/arm-none-eabi/bin/../lib/gcc/arm-none-eabi/13.2.1/../../../../arm-none-eabi/lib/thumb/v6-m/nofp/libc.a(libc_a-errno.o)
                              /Applications/ArmGNUToolchain/13.2.Rel1/arm-none-eabi/bin/../lib/gcc/arm-none-eabi/13.2.1/../../../../arm-none-eabi/lib/thumb/v6-m/nofp/libc.a(libc_a-callocr.o) (__errno)
/Applications/ArmGNUToolchain/13.2.Rel1/arm-none-eabi/bin/../lib/gcc/arm-none-eabi/13.2.1/../../../../arm-none-eabi/lib/thumb/v6-m/nofp/libc.a(libc_a-sysconf.o)
                              /Applications/ArmGNUToolchain/13.2.Rel1/arm-none-eabi/bin/../lib/gcc/arm-none-eabi/13.2.1/../../../../arm-none-eabi/lib/thumb/v6-m/nofp/libc.a(libc_a-mallocr.o) (sysconf)
/Applications/ArmGNUToolchain/13.2.Rel1/arm-none-eabi/bin/../lib/gcc/arm-none-eabi/13.2.1/../../../../arm-none-eabi/lib/thumb/v6-m/nofp/libc.a(libc_a-init.o)
[...]
Memory Configuration

Name             Origin             Length             Attributes
FLASH            0x10000000         0x00200000         xr
RAM              0x20000000         0x00040000         xrw
SCRATCH_X        0x20040000         0x00001000         xrw
SCRATCH_Y        0x20041000         0x00001000         xrw
*default*        0x00000000         0xffffffff

Linker script and memory map

LOAD /Applications/ArmGNUToolchain/13.2.Rel1/arm-none-eabi/bin/../lib/gcc/arm-none-eabi/13.2.1/thumb/v6-m/nofp/crti.o
LOAD /Applications/ArmGNUToolchain/13.2.Rel1/arm-none-eabi/bin/../lib/gcc/arm-none-eabi/13.2.1/thumb/v6-m/nofp/crtbegin.o
LOAD /Applications/ArmGNUToolchain/13.2.Rel1/arm-none-eabi/bin/../lib/gcc/arm-none-eabi/13.2.1/../../../../arm-none-eabi/lib/thumb/v6-m/nofp/crt0.o

.flash_begin    0x10000000        0x0
                0x10000000                        __flash_binary_start = .

.boot2          0x10000000      0x100
                0x10000000                        __boot2_start__ = .
 *(.boot2)
 .boot2         0x10000000      0x100 /var/folders/jb/v8rdwny12k3gxrm3k8wkm36h0000gn/T//ccNXdald.o
                0x10000100                        __boot2_end__ = .
                0x00000001                        ASSERT (((__boot2_end__ - __boot2_start__) == 0x100), ERROR: Pico second stage bootloader must be 256 bytes in size)

.text           0x10000100     0xcf88
                0x10000100                        __logical_binary_start = .
 *(.vectors)
 .vectors       0x10000100       0xd4 CMakeFiles/print.dir/Users/siddp/Pico/pico-sdk/src/rp2_common/pico_standard_link/crt0.S.obj
                0x10000100                __VECTOR_TABLE
                0x10000100                __vectors
                0x100001c0                __default_isrs_start
                0x100001c0                isr_invalid
                0x100001c2                isr_nmi
                0x100001c4                isr_hardfault
                0x100001c6                isr_svcall
                0x100001c8                isr_pendsv
                0x100001ca                isr_systick
                0x100001cc                isr_irq28
                0x100001cc                isr_irq19
                0x100001cc                isr_irq0
                0x100001cc                isr_irq6
                0x100001cc                isr_irq22
                0x100001cc                isr_irq17
                0x100001cc                isr_irq14
                0x100001cc                isr_irq2
                0x100001cc                isr_irq10
                0x100001cc                isr_irq8
                0x100001cc                isr_irq24
                0x100001cc                isr_irq1
                0x100001cc                isr_irq7
                0x100001cc                isr_irq21
                0x100001cc                isr_irq20
                0x100001cc                isr_irq15
                0x100001cc                isr_irq25
                0x100001cc                isr_irq4
                0x100001cc                isr_irq16
                0x100001cc                isr_irq29
                0x100001cc                isr_irq26
                0x100001cc                __default_isrs_end
                0x100001cc                isr_irq3
                0x100001cc                isr_irq9
                0x100001cc                __unhandled_user_irq
                0x100001cc                isr_irq13
                0x100001cc                isr_irq27
                0x100001cc                isr_irq31
                0x100001cc                isr_irq5
                0x100001cc                isr_irq11
                0x100001cc                isr_irq23
                0x100001cc                isr_irq18
                0x100001cc                isr_irq30
                0x100001cc                isr_irq12
                0x100001d2                unhandled_user_irq_num_in_r0
 *(.binary_info_header)
 .binary_info_header
                0x100001d4       0x14 CMakeFiles/print.dir/Users/siddp/Pico/pico-sdk/src/rp2_common/pico_standard_link/crt0.S.obj
                0x100001e8                        __binary_info_header_end = .
 *(.reset)
 .reset         0x100001e8       0xa0 CMakeFiles/print.dir/Users/siddp/Pico/pico-sdk/src/rp2_common/pico_standard_link/crt0.S.obj
                0x100001e8                _entry_point
 .reset         0x10000288       0x30 CMakeFiles/print.dir/Users/siddp/Pico/pico-sdk/src/rp2_common/pico_standard_link/binary_info.c.obj
 *(.init)
 .init          0x100002b8        0x4 /Applications/ArmGNUToolchain/13.2.Rel1/arm-none-eabi/bin/../lib/gcc/arm-none-eabi/13.2.1/thumb/v6-m/nofp/crti.o
                0x100002b8                _init
 *(EXCLUDE_FILE(*libm.a: *libc.a:*lib_a-mem*.o *libgcc.a:) .text*)
 .text.register_tm_clones
                0x100002bc       0x28 /Applications/ArmGNUToolchain/13.2.Rel1/arm-none-eabi/bin/../lib/gcc/arm-none-eabi/13.2.1/thumb/v6-m/nofp/crtbegin.o
 .text.frame_dummy
                0x100002e4       0x24 /Applications/ArmGNUToolchain/13.2.Rel1/arm-none-eabi/bin/../lib/gcc/arm-none-eabi/13.2.1/thumb/v6-m/nofp/crtbegin.o
 .text.startup.main
                0x10000308      0x144 CMakeFiles/print.dir/print.c.obj
                0x10000308                main
 .text.gpio_set_function
                0x1000044c       0x30 CMakeFiles/print.dir/Users/siddp/Pico/pico-sdk/src/rp2_common/hardware_gpio/gpio.c.obj
                0x1000044c                gpio_set_function
 .text.gpio_set_pulls
                0x1000047c       0x24 CMakeFiles/print.dir/Users/siddp/Pico/pico-sdk/src/rp2_common/hardware_gpio/gpio.c.obj
                0x1000047c                gpio_set_pulls
 .text.gpio_set_input_enabled
                0x100004a0       0x28 CMakeFiles/print.dir/Users/siddp/Pico/pico-sdk/src/rp2_common/hardware_gpio/gpio.c.obj
                0x100004a0                gpio_set_input_enabled
 .text.gpio_init
                0x100004c8       0x3c CMakeFiles/print.dir/Users/siddp/Pico/pico-sdk/src/rp2_common/hardware_gpio/gpio.c.obj
                0x100004c8                gpio_init
 .text.running_on_fpga
                0x10000504       0x10 CMakeFiles/print.dir/Users/siddp/Pico/pico-sdk/src/rp2_common/pico_platform/platform.c.obj
                0x10000504                running_on_fpga
 .text.hw_claim_or_assert
                0x10000514       0x44 CMakeFiles/print.dir/Users/siddp/Pico/pico-sdk/src/rp2_common/hardware_claim/claim.c.obj
                0x10000514                hw_claim_or_assert
 .text.hw_claim_unused_from_range
                0x10000558       0x9c CMakeFiles/print.dir/Users/siddp/Pico/pico-sdk/src/rp2_common/hardware_claim/claim.c.obj
                0x10000558                hw_claim_unused_from_range
 .text.spin_locks_reset
                0x100005f4       0x1c CMakeFiles/print.dir/Users/siddp/Pico/pico-sdk/src/rp2_common/hardware_sync/sync.c.obj
                0x100005f4                spin_locks_reset
 .text.next_striped_spin_lock_num
                0x10000610       0x18 CMakeFiles/print.dir/Users/siddp/Pico/pico-sdk/src/rp2_common/hardware_sync/sync.c.obj
                0x10000610                next_striped_spin_lock_num
 .text.spin_lock_claim_unused
                0x10000628       0x24 CMakeFiles/print.dir/Users/siddp/Pico/pico-sdk/src/rp2_common/hardware_sync/sync.c.obj
                0x10000628                spin_lock_claim_unused
 .text.irq_set_enabled
                0x1000064c       0x24 CMakeFiles/print.dir/Users/siddp/Pico/pico-sdk/src/rp2_common/hardware_irq/irq.c.obj
                0x1000064c                irq_set_enabled
 .text.irq_set_pending
                0x10000670       0x10 CMakeFiles/print.dir/Users/siddp/Pico/pico-sdk/src/rp2_common/hardware_irq/irq.c.obj
                0x10000670                irq_set_pending
 .text.irq_has_shared_handler
                0x10000680       0x2c CMakeFiles/print.dir/Users/siddp/Pico/pico-sdk/src/rp2_common/hardware_irq/irq.c.obj
                0x10000680                irq_has_shared_handler
 .text.irq_get_vtable_handler
                0x100006ac       0x10 CMakeFiles/print.dir/Users/siddp/Pico/pico-sdk/src/rp2_common/hardware_irq/irq.c.obj
                0x100006ac                irq_get_vtable_handler
 .text.irq_set_exclusive_handler
                0x100006bc       0x54 CMakeFiles/print.dir/Users/siddp/Pico/pico-sdk/src/rp2_common/hardware_irq/irq.c.obj
                0x100006bc                irq_set_exclusive_handler
 .text.irq_add_shared_handler
                0x10000710      0x1f4 CMakeFiles/print.dir/Users/siddp/Pico/pico-sdk/src/rp2_common/hardware_irq/irq.c.obj
                0x10000710                irq_add_shared_handler
 .text.irq_remove_handler
                0x10000904      0x1c4 CMakeFiles/print.dir/Users/siddp/Pico/pico-sdk/src/rp2_common/hardware_irq/irq.c.obj
                0x10000904                irq_remove_handler
 .text.irq_add_tail_to_free_list
                0x10000ac8       0xb4 CMakeFiles/print.dir/Users/siddp/Pico/pico-sdk/src/rp2_common/hardware_irq/irq.c.obj
                0x10000ac8                irq_add_tail_to_free_list
 .text.irq_init_priorities
                0x10000b7c       0x24 CMakeFiles/print.dir/Users/siddp/Pico/pico-sdk/src/rp2_common/hardware_irq/irq.c.obj
                0x10000b7c                irq_init_priorities
 .text.user_irq_claim_unused
                0x10000ba0       0x2c CMakeFiles/print.dir/Users/siddp/Pico/pico-sdk/src/rp2_common/hardware_irq/irq.c.obj
                0x10000ba0                user_irq_claim_unused
 .text.lock_init
                0x10000bcc       0x10 CMakeFiles/print.dir/Users/siddp/Pico/pico-sdk/src/common/pico_sync/lock_core.c.obj
                0x10000bcc                lock_init
 .text.mutex_init
                0x10000bdc       0x1c CMakeFiles/print.dir/Users/siddp/Pico/pico-sdk/src/common/pico_sync/mutex.c.obj
                0x10000bdc                mutex_init
 .text.recursive_mutex_init
                0x10000bf8       0x1c CMakeFiles/print.dir/Users/siddp/Pico/pico-sdk/src/common/pico_sync/mutex.c.obj
                0x10000bf8                recursive_mutex_init
 .text.critical_section_init
                0x10000c14       0x1c CMakeFiles/print.dir/Users/siddp/Pico/pico-sdk/src/common/pico_sync/critical_section.c.obj
                0x10000c14                critical_section_init
 .text.critical_section_init_with_lock_num
                0x10000c30       0x14 CMakeFiles/print.dir/Users/siddp/Pico/pico-sdk/src/common/pico_sync/critical_section.c.obj
                0x10000c30                critical_section_init_with_lock_num
 .text.timer_pool_entry_comparator
                0x10000c44       0x34 CMakeFiles/print.dir/Users/siddp/Pico/pico-sdk/src/common/pico_time/time.c.obj
                0x10000c44                timer_pool_entry_comparator
 .text.sleep_until_callback
                0x10000c78       0x30 CMakeFiles/print.dir/Users/siddp/Pico/pico-sdk/src/common/pico_time/time.c.obj
 .text.add_alarm_under_lock.isra.0
                0x10000ca8      0x100 CMakeFiles/print.dir/Users/siddp/Pico/pico-sdk/src/common/pico_time/time.c.obj
 .text.alarm_pool_alarm_callback
                0x10000da8      0x1c0 CMakeFiles/print.dir/Users/siddp/Pico/pico-sdk/src/common/pico_time/time.c.obj
 .text.alarm_pool_init_default
                0x10000f68       0x6c CMakeFiles/print.dir/Users/siddp/Pico/pico-sdk/src/common/pico_time/time.c.obj
                0x10000f68                alarm_pool_init_default
 .text.alarm_pool_get_default
                0x10000fd4        0x8 CMakeFiles/print.dir/Users/siddp/Pico/pico-sdk/src/common/pico_time/time.c.obj
                0x10000fd4                alarm_pool_get_default
 .text.alarm_pool_add_alarm_at
                0x10000fdc      0x17c CMakeFiles/print.dir/Users/siddp/Pico/pico-sdk/src/common/pico_time/time.c.obj
                0x10000fdc                alarm_pool_add_alarm_at
 .text.alarm_pool_core_num
                0x10001158        0x4 CMakeFiles/print.dir/Users/siddp/Pico/pico-sdk/src/common/pico_time/time.c.obj
                0x10001158                alarm_pool_core_num
 .text.sleep_until
                0x1000115c       0xc4 CMakeFiles/print.dir/Users/siddp/Pico/pico-sdk/src/common/pico_time/time.c.obj
                0x1000115c                sleep_until
 .text.sleep_ms
                0x10001220       0x38 CMakeFiles/print.dir/Users/siddp/Pico/pico-sdk/src/common/pico_time/time.c.obj
                0x10001220                sleep_ms
 .text.best_effort_wfe_or_timeout
                0x10001258       0xcc CMakeFiles/print.dir/Users/siddp/Pico/pico-sdk/src/common/pico_time/time.c.obj
                0x10001258                best_effort_wfe_or_timeout
 .text.hardware_alarm_irq_handler
                0x10001324       0xbc CMakeFiles/print.dir/Users/siddp/Pico/pico-sdk/src/rp2_common/hardware_timer/timer.c.obj
 .text.hardware_alarm_claim
                0x100013e0       0x18 CMakeFiles/print.dir/Users/siddp/Pico/pico-sdk/src/rp2_common/hardware_timer/timer.c.obj
                0x100013e0                hardware_alarm_claim
 .text.time_us_64
                0x100013f8       0x14 CMakeFiles/print.dir/Users/siddp/Pico/pico-sdk/src/rp2_common/hardware_timer/timer.c.obj
                0x100013f8                time_us_64
 .text.busy_wait_us
                0x1000140c       0x68 CMakeFiles/print.dir/Users/siddp/Pico/pico-sdk/src/rp2_common/hardware_timer/timer.c.obj
                0x1000140c                busy_wait_us
 .text.busy_wait_until
                0x10001474       0x20 CMakeFiles/print.dir/Users/siddp/Pico/pico-sdk/src/rp2_common/hardware_timer/timer.c.obj
                0x10001474                busy_wait_until
 .text.hardware_alarm_set_callback
                0x10001494       0x8c CMakeFiles/print.dir/Users/siddp/Pico/pico-sdk/src/rp2_common/hardware_timer/timer.c.obj
                0x10001494                hardware_alarm_set_callback
 .text.hardware_alarm_set_target
                0x10001520       0xd0 CMakeFiles/print.dir/Users/siddp/Pico/pico-sdk/src/rp2_common/hardware_timer/timer.c.obj
                0x10001520                hardware_alarm_set_target
 .text.hardware_alarm_cancel
                0x100015f0       0x3c CMakeFiles/print.dir/Users/siddp/Pico/pico-sdk/src/rp2_common/hardware_timer/timer.c.obj
                0x100015f0                hardware_alarm_cancel
 .text.ph_merge_nodes
                0x1000162c       0x58 CMakeFiles/print.dir/Users/siddp/Pico/pico-sdk/src/common/pico_util/pheap.c.obj
 .text.ph_post_alloc_init
                0x10001684       0x3c CMakeFiles/print.dir/Users/siddp/Pico/pico-sdk/src/common/pico_util/pheap.c.obj
                0x10001684                ph_post_alloc_init
 .text.ph_merge_two_pass
                0x100016c0       0x8c CMakeFiles/print.dir/Users/siddp/Pico/pico-sdk/src/common/pico_util/pheap.c.obj
                0x100016c0                ph_merge_two_pass
 .text.ph_remove_any_head
                0x1000174c      0x100 CMakeFiles/print.dir/Users/siddp/Pico/pico-sdk/src/common/pico_util/pheap.c.obj
 .text.ph_remove_head
                0x1000184c      0x104 CMakeFiles/print.dir/Users/siddp/Pico/pico-sdk/src/common/pico_util/pheap.c.obj
                0x1000184c                ph_remove_head
 .text.ph_remove_and_free_node
                0x10001950       0x78 CMakeFiles/print.dir/Users/siddp/Pico/pico-sdk/src/common/pico_util/pheap.c.obj
                0x10001950                ph_remove_and_free_node
 .text.clocks_init
                0x100019c8      0x2c8 CMakeFiles/print.dir/Users/siddp/Pico/pico-sdk/src/rp2_common/hardware_clocks/clocks.c.obj
                0x100019c8                clocks_init
 .text.pll_init
                0x10001c90       0xa4 CMakeFiles/print.dir/Users/siddp/Pico/pico-sdk/src/rp2_common/hardware_pll/pll.c.obj
                0x10001c90                pll_init
 .text.watchdog_start_tick
                0x10001d34       0x10 CMakeFiles/print.dir/Users/siddp/Pico/pico-sdk/src/rp2_common/hardware_watchdog/watchdog.c.obj
                0x10001d34                watchdog_start_tick
 .text.watchdog_reboot
                0x10001d44       0x9c CMakeFiles/print.dir/Users/siddp/Pico/pico-sdk/src/rp2_common/hardware_watchdog/watchdog.c.obj
                0x10001d44                watchdog_reboot
 .text.xosc_init
                0x10001de0       0x28 CMakeFiles/print.dir/Users/siddp/Pico/pico-sdk/src/rp2_common/hardware_xosc/xosc.c.obj
                0x10001de0                xosc_init
 .text.runtime_init
                0x10001e08       0xf0 CMakeFiles/print.dir/Users/siddp/Pico/pico-sdk/src/rp2_common/pico_runtime/runtime.c.obj
                0x10001e08                runtime_init
 .text._exit    0x10001ef8        0x4 CMakeFiles/print.dir/Users/siddp/Pico/pico-sdk/src/rp2_common/pico_runtime/runtime.c.obj
                0x10001ef8                _exit
 .text._sbrk    0x10001efc       0x34 CMakeFiles/print.dir/Users/siddp/Pico/pico-sdk/src/rp2_common/pico_runtime/runtime.c.obj
                0x10001efc                _sbrk
 .text.exit     0x10001f30        0x8 CMakeFiles/print.dir/Users/siddp/Pico/pico-sdk/src/rp2_common/pico_runtime/runtime.c.obj
                0x10001f30                exit
 .text.__assert_func
                0x10001f38       0x38 CMakeFiles/print.dir/Users/siddp/Pico/pico-sdk/src/rp2_common/pico_runtime/runtime.c.obj
                0x10001f38                __assert_func
 .text.panic    0x10001f70       0x30 CMakeFiles/print.dir/Users/siddp/Pico/pico-sdk/src/rp2_common/pico_runtime/runtime.c.obj
                0x10001f70                panic
 .text.hard_assertion_failure
                0x10001fa0        0xc CMakeFiles/print.dir/Users/siddp/Pico/pico-sdk/src/rp2_common/pico_runtime/runtime.c.obj
                0x10001fa0                hard_assertion_failure
 .text._out_buffer
                0x10001fac        0x8 CMakeFiles/print.dir/Users/siddp/Pico/pico-sdk/src/rp2_common/pico_printf/printf.c.obj
 .text._out_null
                0x10001fb4        0x4 CMakeFiles/print.dir/Users/siddp/Pico/pico-sdk/src/rp2_common/pico_printf/printf.c.obj
 .text._out_rev
                0x10001fb8       0xac CMakeFiles/print.dir/Users/siddp/Pico/pico-sdk/src/rp2_common/pico_printf/printf.c.obj
 .text._ntoa_format
                0x10002064      0x250 CMakeFiles/print.dir/Users/siddp/Pico/pico-sdk/src/rp2_common/pico_printf/printf.c.obj
 .text._out_char
                0x100022b4       0x10 CMakeFiles/print.dir/Users/siddp/Pico/pico-sdk/src/rp2_common/pico_printf/printf.c.obj
 .text._out_fct
                0x100022c4       0x10 CMakeFiles/print.dir/Users/siddp/Pico/pico-sdk/src/rp2_common/pico_printf/printf.c.obj
 .text._etoa    0x100022d4      0x464 CMakeFiles/print.dir/Users/siddp/Pico/pico-sdk/src/rp2_common/pico_printf/printf.c.obj
 .text._ftoa    0x10002738      0x3c0 CMakeFiles/print.dir/Users/siddp/Pico/pico-sdk/src/rp2_common/pico_printf/printf.c.obj
 .text._vsnprintf
                0x10002af8      0xbc8 CMakeFiles/print.dir/Users/siddp/Pico/pico-sdk/src/rp2_common/pico_printf/printf.c.obj
 .text.__wrap_sprintf
                0x100036c0       0x2c CMakeFiles/print.dir/Users/siddp/Pico/pico-sdk/src/rp2_common/pico_printf/printf.c.obj
                0x100036c0                __wrap_sprintf
 .text.vfctprintf
                0x100036ec       0x20 CMakeFiles/print.dir/Users/siddp/Pico/pico-sdk/src/rp2_common/pico_printf/printf.c.obj
                0x100036ec                vfctprintf
 .text.weak_raw_printf
                0x1000370c       0x40 CMakeFiles/print.dir/Users/siddp/Pico/pico-sdk/src/rp2_common/pico_printf/printf.c.obj
                0x1000370c                weak_raw_printf
 .text.weak_raw_vprintf
                0x1000374c       0x30 CMakeFiles/print.dir/Users/siddp/Pico/pico-sdk/src/rp2_common/pico_printf/printf.c.obj
                0x1000374c                weak_raw_vprintf
 .text          0x1000377c       0x10 CMakeFiles/print.dir/Users/siddp/Pico/pico-sdk/src/rp2_common/pico_bit_ops/bit_ops_aeabi.S.obj
 .text.rom_func_lookup
                0x1000378c       0x10 CMakeFiles/print.dir/Users/siddp/Pico/pico-sdk/src/rp2_common/pico_bootrom/bootrom.c.obj
                0x1000378c                rom_func_lookup
 .text.rom_data_lookup
                0x1000379c       0x10 CMakeFiles/print.dir/Users/siddp/Pico/pico-sdk/src/rp2_common/pico_bootrom/bootrom.c.obj
                0x1000379c                rom_data_lookup
 .text.rom_funcs_lookup
                0x100037ac       0x44 CMakeFiles/print.dir/Users/siddp/Pico/pico-sdk/src/rp2_common/pico_bootrom/bootrom.c.obj
                0x100037ac                rom_funcs_lookup
 .text.__wrap___aeabi_idiv
                0x100037f0       0x50 CMakeFiles/print.dir/Users/siddp/Pico/pico-sdk/src/rp2_common/pico_divider/divider.S.obj
                0x100037f0                __wrap___aeabi_idivmod
                0x100037f0                divmod_s32s32
                0x100037f0                div_s32s32
                0x100037f0                __wrap___aeabi_idiv
                0x100037f8                divmod_s32s32_unsafe
                0x10003824                divmod_s32s32_savestate
 .text.__wrap___aeabi_uidiv
                0x10003840       0x4c CMakeFiles/print.dir/Users/siddp/Pico/pico-sdk/src/rp2_common/pico_divider/divider.S.obj
                0x10003840                __wrap___aeabi_uidiv
                0x10003840                __wrap___aeabi_uidivmod
                0x10003840                div_u32u32
                0x10003840                divmod_u32u32
                0x10003848                divmod_u32u32_unsafe
                0x10003870                divmod_u32u32_savestate
 .text.__wrap___aeabi_ldiv
                0x1000388c      0x424 CMakeFiles/print.dir/Users/siddp/Pico/pico-sdk/src/rp2_common/pico_divider/divider.S.obj
                0x1000388c                __wrap___aeabi_ldivmod
                0x1000388c                div_s64s64
                0x1000388c                divmod_s64s64
                0x100038bc                divmod_u64u64
                0x100038bc                div_u64u64
                0x100038bc                __wrap___aeabi_uldivmod
                0x100038cc                divmod_u64u64_savestate
                0x100038ec                divmod_s64s64_unsafe
                0x10003974                divmod_u64u64_unsafe
 .text.__wrap___aeabi_darithmetic
                0x10003cb0       0x80 CMakeFiles/print.dir/Users/siddp/Pico/pico-sdk/src/rp2_common/pico_double/double_aeabi.S.obj
                0x10003cb0                __wrap___aeabi_drsub
                0x10003cb6                __wrap___aeabi_dsub
                0x10003cc8                __wrap___aeabi_dadd
                0x10003cda                __wrap___aeabi_ddiv
                0x10003d16                __wrap___aeabi_dmul
 .text.__wrap___aeabi_cdcmple
                0x10003d30       0x6c CMakeFiles/print.dir/Users/siddp/Pico/pico-sdk/src/rp2_common/pico_double/double_aeabi.S.obj
                0x10003d30                __wrap___aeabi_cdrcmple
                0x10003d40                __wrap___aeabi_cdcmple
                0x10003d40                __wrap___aeabi_cdcmpeq
 .text.__wrap___aeabi_dcmpeq
                0x10003d9c       0x10 CMakeFiles/print.dir/Users/siddp/Pico/pico-sdk/src/rp2_common/pico_double/double_aeabi.S.obj
                0x10003d9c                __wrap___aeabi_dcmpeq
 .text.__wrap___aeabi_dcmplt
                0x10003dac        0xc CMakeFiles/print.dir/Users/siddp/Pico/pico-sdk/src/rp2_common/pico_double/double_aeabi.S.obj
                0x10003dac                __wrap___aeabi_dcmplt
 .text.__wrap___aeabi_dcmple
                0x10003db8       0x10 CMakeFiles/print.dir/Users/siddp/Pico/pico-sdk/src/rp2_common/pico_double/double_aeabi.S.obj
                0x10003db8                __wrap___aeabi_dcmple
 .text.__wrap___aeabi_dcmpge
                0x10003dc8       0x10 CMakeFiles/print.dir/Users/siddp/Pico/pico-sdk/src/rp2_common/pico_double/double_aeabi.S.obj
                0x10003dc8                __wrap___aeabi_dcmpge
 .text.__wrap___aeabi_dcmpgt
                0x10003dd8        0xa CMakeFiles/print.dir/Users/siddp/Pico/pico-sdk/src/rp2_common/pico_double/double_aeabi.S.obj
                0x10003dd8                __wrap___aeabi_dcmpgt
 .text.__wrap___aeabi_dcmpun
                0x10003de2       0x1c CMakeFiles/print.dir/Users/siddp/Pico/pico-sdk/src/rp2_common/pico_double/double_aeabi.S.obj
                0x10003de2                __wrap___aeabi_dcmpun
 *fill*         0x10003dfe        0x2 
 .text.__wrap___aeabi_i2d
                0x10003e00       0x38 CMakeFiles/print.dir/Users/siddp/Pico/pico-sdk/src/rp2_common/pico_double/double_aeabi.S.obj
                0x10003e00                __wrap___aeabi_ui2d
                0x10003e08                __wrap___aeabi_i2d
 .text.__wrap___aeabi_d2iz
                0x10003e38       0x48 CMakeFiles/print.dir/Users/siddp/Pico/pico-sdk/src/rp2_common/pico_double/double_aeabi.S.obj
                0x10003e38                __wrap___aeabi_d2iz
                0x10003e38                double2int_z
 .text.__wrap___aeabi_d2uiz
                0x10003e80       0x18 CMakeFiles/print.dir/Users/siddp/Pico/pico-sdk/src/rp2_common/pico_double/double_aeabi.S.obj
                0x10003e80                double2uint
                0x10003e80                __wrap___aeabi_d2uiz
 .text.__wrap___aeabi_l2d
                0x10003e98       0x18 CMakeFiles/print.dir/Users/siddp/Pico/pico-sdk/src/rp2_common/pico_double/double_aeabi.S.obj
                0x10003e98                __wrap___aeabi_l2d
 .text.__wrap___aeabi_d2lz
                0x10003eb0       0x26 CMakeFiles/print.dir/Users/siddp/Pico/pico-sdk/src/rp2_common/pico_double/double_aeabi.S.obj
                0x10003eb0                __wrap___aeabi_d2lz
                0x10003eb0                double2int64_z
 *fill*         0x10003ed6        0x2 
 .text.double2int64
                0x10003ed8       0x18 CMakeFiles/print.dir/Users/siddp/Pico/pico-sdk/src/rp2_common/pico_double/double_aeabi.S.obj
                0x10003ed8                double2int64
 .text.double2ufix64
                0x10003ef0       0x18 CMakeFiles/print.dir/Users/siddp/Pico/pico-sdk/src/rp2_common/pico_double/double_aeabi.S.obj
                0x10003ef0                double2ufix64
 .text.__wrap___aeabi_d2f
                0x10003f08       0x18 CMakeFiles/print.dir/Users/siddp/Pico/pico-sdk/src/rp2_common/pico_double/double_aeabi.S.obj
                0x10003f08                __wrap___aeabi_d2f
 .text.__aeabi_double_init
                0x10003f20       0x98 CMakeFiles/print.dir/Users/siddp/Pico/pico-sdk/src/rp2_common/pico_double/double_init_rom.c.obj
                0x10003f20                __aeabi_double_init
 .text.double_table_shim_on_use_helper
                0x10003fb8       0x2c CMakeFiles/print.dir/Users/siddp/Pico/pico-sdk/src/rp2_common/pico_double/double_v1_rom_shim.S.obj
                0x10003fb8                double_table_shim_on_use_helper
 .text.__wrap___aeabi_dsub
                0x10003fe4       0x10 CMakeFiles/print.dir/Users/siddp/Pico/pico-sdk/src/rp2_common/pico_double/double_v1_rom_shim.S.obj
                0x10003fe4                drsub_shim
                0x10003fea                dsub_shim
 .text.dadd_shim
                0x10003ff4      0x15c CMakeFiles/print.dir/Users/siddp/Pico/pico-sdk/src/rp2_common/pico_double/double_v1_rom_shim.S.obj
                0x10003ff4                dadd_shim
 .text.dmul_shim
                0x10004150      0x15c CMakeFiles/print.dir/Users/siddp/Pico/pico-sdk/src/rp2_common/pico_double/double_v1_rom_shim.S.obj
                0x10004150                dmul_shim
 .text.ddiv_shim
                0x100042ac      0x1b0 CMakeFiles/print.dir/Users/siddp/Pico/pico-sdk/src/rp2_common/pico_double/double_v1_rom_shim.S.obj
                0x100042ac                ddiv_shim
 .text.double2uint_shim
                0x1000445c        0xe CMakeFiles/print.dir/Users/siddp/Pico/pico-sdk/src/rp2_common/pico_double/double_v1_rom_shim.S.obj
                0x1000445c                double2uint_shim
                0x1000445e                double2ufix_shim
 .text.double2int64_shim
                0x1000446a       0x1a CMakeFiles/print.dir/Users/siddp/Pico/pico-sdk/src/rp2_common/pico_double/double_v1_rom_shim.S.obj
                0x1000446a                double2int64_shim
                0x1000446c                double2fix64_shim
 .text.double2uint64_shim
                0x10004484       0x70 CMakeFiles/print.dir/Users/siddp/Pico/pico-sdk/src/rp2_common/pico_double/double_v1_rom_shim.S.obj
                0x10004484                double2uint64_shim
                0x10004486                double2ufix64_shim
                0x100044a6                d2fix_a
 .text.double2float_shim
                0x100044f4       0x5c CMakeFiles/print.dir/Users/siddp/Pico/pico-sdk/src/rp2_common/pico_double/double_v1_rom_shim.S.obj
                0x100044f4                double2float_shim
 .text.x2double_shims
                0x10004550       0x90 CMakeFiles/print.dir/Users/siddp/Pico/pico-sdk/src/rp2_common/pico_double/double_v1_rom_shim.S.obj
                0x10004550                uint2double_shim
                0x10004552                ufix2double_shim
                0x10004558                int2double_shim
                0x1000455a                fix2double_shim
                0x10004560                uint642double_shim
                0x10004562                ufix642double_shim
                0x10004568                int642double_shim
                0x1000456a                fix642double_shim
 .text.dunpacks
                0x100045e0       0x3c CMakeFiles/print.dir/Users/siddp/Pico/pico-sdk/src/rp2_common/pico_double/double_v1_rom_shim.S.obj
                0x100045e0                dunpacks
 .text.__aeabi_lmul
                0x1000461c       0x32 CMakeFiles/print.dir/Users/siddp/Pico/pico-sdk/src/rp2_common/pico_int64_ops/pico_int64_ops_aeabi.S.obj
                0x1000461c                __wrap___aeabi_lmul
 *fill*         0x1000464e        0x2 
 .text.__wrap___aeabi_f2d
                0x10004650       0x14 CMakeFiles/print.dir/Users/siddp/Pico/pico-sdk/src/rp2_common/pico_float/float_aeabi.S.obj
                0x10004650                __wrap___aeabi_f2d
 .text.__aeabi_float_init
                0x10004664       0x64 CMakeFiles/print.dir/Users/siddp/Pico/pico-sdk/src/rp2_common/pico_float/float_init_rom.c.obj
                0x10004664                __aeabi_float_init
 .text.float_table_shim_on_use_helper
                0x100046c8       0x2c CMakeFiles/print.dir/Users/siddp/Pico/pico-sdk/src/rp2_common/pico_float/float_v1_rom_shim.S.obj
                0x100046c8                float_table_shim_on_use_helper
 .text.float2double_shim
                0x100046f4       0x30 CMakeFiles/print.dir/Users/siddp/Pico/pico-sdk/src/rp2_common/pico_float/float_v1_rom_shim.S.obj
                0x100046f4                float2double_shim
 .text.__wrap_malloc
                0x10004724       0x24 CMakeFiles/print.dir/Users/siddp/Pico/pico-sdk/src/rp2_common/pico_malloc/pico_malloc.c.obj
                0x10004724                __wrap_malloc
 .text.__wrap_realloc
                0x10004748       0x24 CMakeFiles/print.dir/Users/siddp/Pico/pico-sdk/src/rp2_common/pico_malloc/pico_malloc.c.obj
                0x10004748                __wrap_realloc
 .text.__wrap_free
                0x1000476c        0x8 CMakeFiles/print.dir/Users/siddp/Pico/pico-sdk/src/rp2_common/pico_malloc/pico_malloc.c.obj
                0x1000476c                __wrap_free
 .text          0x10004774       0x10 CMakeFiles/print.dir/Users/siddp/Pico/pico-sdk/src/rp2_common/pico_mem_ops/mem_ops_aeabi.S.obj
                0x10004774                __aeabi_mem_init
 .text.memset   0x10004784        0xc CMakeFiles/print.dir/Users/siddp/Pico/pico-sdk/src/rp2_common/pico_mem_ops/mem_ops_aeabi.S.obj
                0x10004784                __wrap_memset
 .text.memcpy   0x10004790        0xc CMakeFiles/print.dir/Users/siddp/Pico/pico-sdk/src/rp2_common/pico_mem_ops/mem_ops_aeabi.S.obj
                0x10004790                __wrap___aeabi_memcpy
                0x10004790                __wrap_memcpy
 .text.stdio_out_chars_crlf
                0x1000479c       0x94 CMakeFiles/print.dir/Users/siddp/Pico/pico-sdk/src/rp2_common/pico_stdio/stdio.c.obj
 .text.stdio_buffered_printer
                0x10004830       0x64 CMakeFiles/print.dir/Users/siddp/Pico/pico-sdk/src/rp2_common/pico_stdio/stdio.c.obj
 .text.__wrap_putchar
                0x10004894       0x98 CMakeFiles/print.dir/Users/siddp/Pico/pico-sdk/src/rp2_common/pico_stdio/stdio.c.obj
                0x10004894                __wrap_putchar
 .text.__wrap_puts
                0x1000492c       0xe0 CMakeFiles/print.dir/Users/siddp/Pico/pico-sdk/src/rp2_common/pico_stdio/stdio.c.obj
                0x1000492c                __wrap_puts
 .text._read    0x10004a0c       0x94 CMakeFiles/print.dir/Users/siddp/Pico/pico-sdk/src/rp2_common/pico_stdio/stdio.c.obj
                0x10004a0c                _read
 .text._write   0x10004aa0       0xb4 CMakeFiles/print.dir/Users/siddp/Pico/pico-sdk/src/rp2_common/pico_stdio/stdio.c.obj
                0x10004aa0                _write
 .text._close   0x10004b54        0x8 CMakeFiles/print.dir/Users/siddp/Pico/pico-sdk/src/rp2_common/pico_stdio/stdio.c.obj
                0x10004b54                _close
 .text._lseek   0x10004b5c        0x8 CMakeFiles/print.dir/Users/siddp/Pico/pico-sdk/src/rp2_common/pico_stdio/stdio.c.obj
                0x10004b5c                _lseek
 .text._fstat   0x10004b64        0x8 CMakeFiles/print.dir/Users/siddp/Pico/pico-sdk/src/rp2_common/pico_stdio/stdio.c.obj
                0x10004b64                _fstat
 .text._isatty  0x10004b6c        0xc CMakeFiles/print.dir/Users/siddp/Pico/pico-sdk/src/rp2_common/pico_stdio/stdio.c.obj
                0x10004b6c                _isatty
 .text.stdio_set_driver_enabled
                0x10004b78       0x30 CMakeFiles/print.dir/Users/siddp/Pico/pico-sdk/src/rp2_common/pico_stdio/stdio.c.obj
                0x10004b78                stdio_set_driver_enabled
 .text.__wrap_vprintf
                0x10004ba8       0xd4 CMakeFiles/print.dir/Users/siddp/Pico/pico-sdk/src/rp2_common/pico_stdio/stdio.c.obj
                0x10004ba8                __wrap_vprintf
 .text.__wrap_printf
                0x10004c7c       0x18 CMakeFiles/print.dir/Users/siddp/Pico/pico-sdk/src/rp2_common/pico_stdio/stdio.c.obj
                0x10004c7c                __wrap_printf
 .text.stdio_init_all
                0x10004c94        0x8 CMakeFiles/print.dir/Users/siddp/Pico/pico-sdk/src/rp2_common/pico_stdio/stdio.c.obj
                0x10004c94                stdio_init_all
 .text.resetd_init
                0x10004c9c        0x4 CMakeFiles/print.dir/Users/siddp/Pico/pico-sdk/src/rp2_common/pico_stdio_usb/reset_interface.c.obj
 .text.resetd_reset
                0x10004ca0        0xc CMakeFiles/print.dir/Users/siddp/Pico/pico-sdk/src/rp2_common/pico_stdio_usb/reset_interface.c.obj
 .text.resetd_open
                0x10004cac       0x28 CMakeFiles/print.dir/Users/siddp/Pico/pico-sdk/src/rp2_common/pico_stdio_usb/reset_interface.c.obj
 .text.resetd_xfer_cb
                0x10004cd4        0x4 CMakeFiles/print.dir/Users/siddp/Pico/pico-sdk/src/rp2_common/pico_stdio_usb/reset_interface.c.obj
 .text.resetd_control_xfer_cb
                0x10004cd8       0x60 CMakeFiles/print.dir/Users/siddp/Pico/pico-sdk/src/rp2_common/pico_stdio_usb/reset_interface.c.obj
 .text.usbd_app_driver_get_cb
                0x10004d38        0xc CMakeFiles/print.dir/Users/siddp/Pico/pico-sdk/src/rp2_common/pico_stdio_usb/reset_interface.c.obj
                0x10004d38                usbd_app_driver_get_cb
 .text.tud_cdc_line_coding_cb
                0x10004d44       0x34 CMakeFiles/print.dir/Users/siddp/Pico/pico-sdk/src/rp2_common/pico_stdio_usb/reset_interface.c.obj
                0x10004d44                tud_cdc_line_coding_cb
 .text.stdio_usb_set_chars_available_callback
                0x10004d78       0x14 CMakeFiles/print.dir/Users/siddp/Pico/pico-sdk/src/rp2_common/pico_stdio_usb/stdio_usb.c.obj
                0x10004d78                stdio_usb_set_chars_available_callback
 .text.usb_irq  0x10004d8c       0x10 CMakeFiles/print.dir/Users/siddp/Pico/pico-sdk/src/rp2_common/pico_stdio_usb/stdio_usb.c.obj
 .text.timer_task
                0x10004d9c       0x54 CMakeFiles/print.dir/Users/siddp/Pico/pico-sdk/src/rp2_common/pico_stdio_usb/stdio_usb.c.obj
 .text.stdio_usb_in_chars
                0x10004df0       0x90 CMakeFiles/print.dir/Users/siddp/Pico/pico-sdk/src/rp2_common/pico_stdio_usb/stdio_usb.c.obj
                0x10004df0                stdio_usb_in_chars
 .text.stdio_usb_out_chars
                0x10004e80      0x104 CMakeFiles/print.dir/Users/siddp/Pico/pico-sdk/src/rp2_common/pico_stdio_usb/stdio_usb.c.obj
 .text.low_priority_worker_irq
                0x10004f84       0xa8 CMakeFiles/print.dir/Users/siddp/Pico/pico-sdk/src/rp2_common/pico_stdio_usb/stdio_usb.c.obj
 .text.tud_cdc_rx_cb
                0x1000502c       0x20 CMakeFiles/print.dir/Users/siddp/Pico/pico-sdk/src/rp2_common/pico_stdio_usb/stdio_usb.c.obj
                0x1000502c                tud_cdc_rx_cb
 .text.stdio_usb_init
                0x1000504c       0xe0 CMakeFiles/print.dir/Users/siddp/Pico/pico-sdk/src/rp2_common/pico_stdio_usb/stdio_usb.c.obj
                0x1000504c                stdio_usb_init
 .text.stdio_usb_connected
                0x1000512c        0xc CMakeFiles/print.dir/Users/siddp/Pico/pico-sdk/src/rp2_common/pico_stdio_usb/stdio_usb.c.obj
                0x1000512c                stdio_usb_connected
 .text.tud_descriptor_device_cb
                0x10005138        0x8 CMakeFiles/print.dir/Users/siddp/Pico/pico-sdk/src/rp2_common/pico_stdio_usb/stdio_usb_descriptors.c.obj
                0x10005138                tud_descriptor_device_cb
 .text.tud_descriptor_configuration_cb
                0x10005140        0x8 CMakeFiles/print.dir/Users/siddp/Pico/pico-sdk/src/rp2_common/pico_stdio_usb/stdio_usb_descriptors.c.obj
                0x10005140                tud_descriptor_configuration_cb
 .text.tud_descriptor_string_cb
                0x10005148       0x78 CMakeFiles/print.dir/Users/siddp/Pico/pico-sdk/src/rp2_common/pico_stdio_usb/stdio_usb_descriptors.c.obj
                0x10005148                tud_descriptor_string_cb
 .text.startup._retrieve_unique_id_on_boot
                0x100051c0       0x10 CMakeFiles/print.dir/Users/siddp/Pico/pico-sdk/src/rp2_common/pico_unique_id/unique_id.c.obj
 .text.pico_get_unique_board_id_string
                0x100051d0      0x1a8 CMakeFiles/print.dir/Users/siddp/Pico/pico-sdk/src/rp2_common/pico_unique_id/unique_id.c.obj
                0x100051d0                pico_get_unique_board_id_string
 .text.flash_get_unique_id
                0x10005378       0x3c CMakeFiles/print.dir/Users/siddp/Pico/pico-sdk/src/rp2_common/hardware_flash/flash.c.obj
                0x10005378                flash_get_unique_id
 .text.dcd_int_enable
                0x100053b4        0xc CMakeFiles/print.dir/Users/siddp/Pico/pico-sdk/lib/tinyusb/src/portable/raspberrypi/rp2040/dcd_rp2040.c.obj
                0x100053b4                dcd_int_enable
 .text.dcd_set_address
                0x100053c0       0x14 CMakeFiles/print.dir/Users/siddp/Pico/pico-sdk/lib/tinyusb/src/portable/raspberrypi/rp2040/dcd_rp2040.c.obj
                0x100053c0                dcd_set_address
 .text.dcd_connect
                0x100053d4       0x10 CMakeFiles/print.dir/Users/siddp/Pico/pico-sdk/lib/tinyusb/src/portable/raspberrypi/rp2040/dcd_rp2040.c.obj
                0x100053d4                dcd_connect
 .text.dcd_init
                0x100053e4       0x98 CMakeFiles/print.dir/Users/siddp/Pico/pico-sdk/lib/tinyusb/src/portable/raspberrypi/rp2040/dcd_rp2040.c.obj
                0x100053e4                dcd_init
 .text.dcd_edpt0_status_complete
                0x1000547c       0x1c CMakeFiles/print.dir/Users/siddp/Pico/pico-sdk/lib/tinyusb/src/portable/raspberrypi/rp2040/dcd_rp2040.c.obj
                0x1000547c                dcd_edpt0_status_complete
 .text.dcd_edpt_open
                0x10005498      0x108 CMakeFiles/print.dir/Users/siddp/Pico/pico-sdk/lib/tinyusb/src/portable/raspberrypi/rp2040/dcd_rp2040.c.obj
                0x10005498                dcd_edpt_open
 .text.dcd_edpt_close_all
                0x100055a0        0x8 CMakeFiles/print.dir/Users/siddp/Pico/pico-sdk/lib/tinyusb/src/portable/raspberrypi/rp2040/dcd_rp2040.c.obj
                0x100055a0                dcd_edpt_close_all
 .text.dcd_edpt_xfer
                0x100055a8       0x24 CMakeFiles/print.dir/Users/siddp/Pico/pico-sdk/lib/tinyusb/src/portable/raspberrypi/rp2040/dcd_rp2040.c.obj
                0x100055a8                dcd_edpt_xfer
 .text.dcd_edpt_stall
                0x100055cc       0x34 CMakeFiles/print.dir/Users/siddp/Pico/pico-sdk/lib/tinyusb/src/portable/raspberrypi/rp2040/dcd_rp2040.c.obj
                0x100055cc                dcd_edpt_stall
 .text.dcd_edpt_clear_stall
                0x10005600       0x30 CMakeFiles/print.dir/Users/siddp/Pico/pico-sdk/lib/tinyusb/src/portable/raspberrypi/rp2040/dcd_rp2040.c.obj
                0x10005600                dcd_edpt_clear_stall
 .text.rp2040_usb_init
                0x10005630       0x4c CMakeFiles/print.dir/Users/siddp/Pico/pico-sdk/lib/tinyusb/src/portable/raspberrypi/rp2040/rp2040_usb.c.obj
                0x10005630                rp2040_usb_init
 .text.hw_endpoint_xfer_start
                0x1000567c       0x40 CMakeFiles/print.dir/Users/siddp/Pico/pico-sdk/lib/tinyusb/src/portable/raspberrypi/rp2040/rp2040_usb.c.obj
                0x1000567c                hw_endpoint_xfer_start
 .text.tud_mounted
                0x100056bc       0x10 CMakeFiles/print.dir/Users/siddp/Pico/pico-sdk/lib/tinyusb/src/device/usbd.c.obj
                0x100056bc                tud_mounted
 .text.tud_suspended
                0x100056cc       0x10 CMakeFiles/print.dir/Users/siddp/Pico/pico-sdk/lib/tinyusb/src/device/usbd.c.obj
                0x100056cc                tud_suspended
 .text.tud_inited
                0x100056dc       0x14 CMakeFiles/print.dir/Users/siddp/Pico/pico-sdk/lib/tinyusb/src/device/usbd.c.obj
                0x100056dc                tud_inited
 .text.tud_init
                0x100056f0       0xdc CMakeFiles/print.dir/Users/siddp/Pico/pico-sdk/lib/tinyusb/src/device/usbd.c.obj
                0x100056f0                tud_init
 .text.tud_task_ext
                0x100057cc      0x850 CMakeFiles/print.dir/Users/siddp/Pico/pico-sdk/lib/tinyusb/src/device/usbd.c.obj
                0x100057cc                tud_task_ext
 .text.usbd_open_edpt_pair
                0x1000601c       0x9c CMakeFiles/print.dir/Users/siddp/Pico/pico-sdk/lib/tinyusb/src/device/usbd.c.obj
                0x1000601c                usbd_open_edpt_pair
 .text.usbd_defer_func
                0x100060b8       0x48 CMakeFiles/print.dir/Users/siddp/Pico/pico-sdk/lib/tinyusb/src/device/usbd.c.obj
                0x100060b8                usbd_defer_func
 .text.usbd_edpt_open
                0x10006100       0x34 CMakeFiles/print.dir/Users/siddp/Pico/pico-sdk/lib/tinyusb/src/device/usbd.c.obj
                0x10006100                usbd_edpt_open
 .text.usbd_edpt_claim
                0x10006134       0x28 CMakeFiles/print.dir/Users/siddp/Pico/pico-sdk/lib/tinyusb/src/device/usbd.c.obj
                0x10006134                usbd_edpt_claim
 .text.usbd_edpt_release
                0x1000615c       0x28 CMakeFiles/print.dir/Users/siddp/Pico/pico-sdk/lib/tinyusb/src/device/usbd.c.obj
                0x1000615c                usbd_edpt_release
 .text.usbd_edpt_xfer
                0x10006184       0x4c CMakeFiles/print.dir/Users/siddp/Pico/pico-sdk/lib/tinyusb/src/device/usbd.c.obj
                0x10006184                usbd_edpt_xfer
 .text.tud_control_status
                0x100061d0       0x2c CMakeFiles/print.dir/Users/siddp/Pico/pico-sdk/lib/tinyusb/src/device/usbd_control.c.obj
                0x100061d0                tud_control_status
 .text.tud_control_xfer
                0x100061fc       0xac CMakeFiles/print.dir/Users/siddp/Pico/pico-sdk/lib/tinyusb/src/device/usbd_control.c.obj
                0x100061fc                tud_control_xfer
 .text.usbd_control_reset
                0x100062a8       0x14 CMakeFiles/print.dir/Users/siddp/Pico/pico-sdk/lib/tinyusb/src/device/usbd_control.c.obj
                0x100062a8                usbd_control_reset
 .text.usbd_control_set_complete_callback
                0x100062bc        0xc CMakeFiles/print.dir/Users/siddp/Pico/pico-sdk/lib/tinyusb/src/device/usbd_control.c.obj
                0x100062bc                usbd_control_set_complete_callback
 .text.usbd_control_set_request
                0x100062c8       0x1c CMakeFiles/print.dir/Users/siddp/Pico/pico-sdk/lib/tinyusb/src/device/usbd_control.c.obj
                0x100062c8                usbd_control_set_request
 .text.usbd_control_xfer_cb
                0x100062e4       0xf4 CMakeFiles/print.dir/Users/siddp/Pico/pico-sdk/lib/tinyusb/src/device/usbd_control.c.obj
                0x100062e4                usbd_control_xfer_cb
 .text.tud_cdc_n_connected
                0x100063d8       0x30 CMakeFiles/print.dir/Users/siddp/Pico/pico-sdk/lib/tinyusb/src/class/cdc/cdc_device.c.obj
                0x100063d8                tud_cdc_n_connected
 .text.tud_cdc_n_available
                0x10006408       0x18 CMakeFiles/print.dir/Users/siddp/Pico/pico-sdk/lib/tinyusb/src/class/cdc/cdc_device.c.obj
                0x10006408                tud_cdc_n_available
 .text.tud_cdc_n_read
                0x10006420       0x70 CMakeFiles/print.dir/Users/siddp/Pico/pico-sdk/lib/tinyusb/src/class/cdc/cdc_device.c.obj
                0x10006420                tud_cdc_n_read
 .text.tud_cdc_n_write_flush
                0x10006490       0x78 CMakeFiles/print.dir/Users/siddp/Pico/pico-sdk/lib/tinyusb/src/class/cdc/cdc_device.c.obj
                0x10006490                tud_cdc_n_write_flush
 .text.tud_cdc_n_write
                0x10006508       0x34 CMakeFiles/print.dir/Users/siddp/Pico/pico-sdk/lib/tinyusb/src/class/cdc/cdc_device.c.obj
                0x10006508                tud_cdc_n_write
 .text.tud_cdc_n_write_available
                0x1000653c       0x18 CMakeFiles/print.dir/Users/siddp/Pico/pico-sdk/lib/tinyusb/src/class/cdc/cdc_device.c.obj
                0x1000653c                tud_cdc_n_write_available
 .text.cdcd_init
                0x10006554       0x7c CMakeFiles/print.dir/Users/siddp/Pico/pico-sdk/lib/tinyusb/src/class/cdc/cdc_device.c.obj
                0x10006554                cdcd_init
 .text.cdcd_reset
                0x100065d0       0x2c CMakeFiles/print.dir/Users/siddp/Pico/pico-sdk/lib/tinyusb/src/class/cdc/cdc_device.c.obj
                0x100065d0                cdcd_reset
 .text.cdcd_open
                0x100065fc       0xe4 CMakeFiles/print.dir/Users/siddp/Pico/pico-sdk/lib/tinyusb/src/class/cdc/cdc_device.c.obj
                0x100065fc                cdcd_open
 .text.cdcd_control_xfer_cb
                0x100066e0       0xe4 CMakeFiles/print.dir/Users/siddp/Pico/pico-sdk/lib/tinyusb/src/class/cdc/cdc_device.c.obj
                0x100066e0                cdcd_control_xfer_cb
 .text.cdcd_xfer_cb
                0x100067c4      0x13c CMakeFiles/print.dir/Users/siddp/Pico/pico-sdk/lib/tinyusb/src/class/cdc/cdc_device.c.obj
                0x100067c4                cdcd_xfer_cb
 .text.tusb_init
                0x10006900        0xc CMakeFiles/print.dir/Users/siddp/Pico/pico-sdk/lib/tinyusb/src/tusb.c.obj
                0x10006900                tusb_init
 .text.tusb_inited
                0x1000690c        0x8 CMakeFiles/print.dir/Users/siddp/Pico/pico-sdk/lib/tinyusb/src/tusb.c.obj
                0x1000690c                tusb_inited
 .text.tu_edpt_claim
                0x10006914       0x50 CMakeFiles/print.dir/Users/siddp/Pico/pico-sdk/lib/tinyusb/src/tusb.c.obj
                0x10006914                tu_edpt_claim
 .text.tu_edpt_release
                0x10006964       0x38 CMakeFiles/print.dir/Users/siddp/Pico/pico-sdk/lib/tinyusb/src/tusb.c.obj
                0x10006964                tu_edpt_release
 .text.tu_edpt_validate
                0x1000699c       0x7c CMakeFiles/print.dir/Users/siddp/Pico/pico-sdk/lib/tinyusb/src/tusb.c.obj
                0x1000699c                tu_edpt_validate
 .text.tu_edpt_bind_driver
                0x10006a18       0x34 CMakeFiles/print.dir/Users/siddp/Pico/pico-sdk/lib/tinyusb/src/tusb.c.obj
                0x10006a18                tu_edpt_bind_driver
 .text.tu_fifo_config
                0x10006a4c       0x6c CMakeFiles/print.dir/Users/siddp/Pico/pico-sdk/lib/tinyusb/src/common/tusb_fifo.c.obj
                0x10006a4c                tu_fifo_config
 .text.tu_fifo_count
                0x10006ab8       0x2c CMakeFiles/print.dir/Users/siddp/Pico/pico-sdk/lib/tinyusb/src/common/tusb_fifo.c.obj
                0x10006ab8                tu_fifo_count
 .text.tu_fifo_empty
                0x10006ae4       0x10 CMakeFiles/print.dir/Users/siddp/Pico/pico-sdk/lib/tinyusb/src/common/tusb_fifo.c.obj
                0x10006ae4                tu_fifo_empty
 .text.tu_fifo_remaining
                0x10006af4       0x2c CMakeFiles/print.dir/Users/siddp/Pico/pico-sdk/lib/tinyusb/src/common/tusb_fifo.c.obj
                0x10006af4                tu_fifo_remaining
 .text.tu_fifo_read
                0x10006b20       0x9c CMakeFiles/print.dir/Users/siddp/Pico/pico-sdk/lib/tinyusb/src/common/tusb_fifo.c.obj
                0x10006b20                tu_fifo_read
 .text.tu_fifo_read_n
                0x10006bbc       0xe8 CMakeFiles/print.dir/Users/siddp/Pico/pico-sdk/lib/tinyusb/src/common/tusb_fifo.c.obj
                0x10006bbc                tu_fifo_read_n
 .text.tu_fifo_write
                0x10006ca4       0xa8 CMakeFiles/print.dir/Users/siddp/Pico/pico-sdk/lib/tinyusb/src/common/tusb_fifo.c.obj
                0x10006ca4                tu_fifo_write
 .text.tu_fifo_write_n
                0x10006d4c      0x178 CMakeFiles/print.dir/Users/siddp/Pico/pico-sdk/lib/tinyusb/src/common/tusb_fifo.c.obj
                0x10006d4c                tu_fifo_write_n
 .text.tu_fifo_clear
                0x10006ec4       0x40 CMakeFiles/print.dir/Users/siddp/Pico/pico-sdk/lib/tinyusb/src/common/tusb_fifo.c.obj
                0x10006ec4                tu_fifo_clear
 .text.tu_fifo_set_overwritable
                0x10006f04       0x48 CMakeFiles/print.dir/Users/siddp/Pico/pico-sdk/lib/tinyusb/src/common/tusb_fifo.c.obj
                0x10006f04                tu_fifo_set_overwritable
 .text.adc_init
                0x10006f4c       0x38 CMakeFiles/print.dir/Users/siddp/Pico/pico-sdk/src/rp2_common/hardware_adc/adc.c.obj
                0x10006f4c                adc_init
 .text._calloc_r
                0x10006f84       0xa8 /Applications/ArmGNUToolchain/13.2.Rel1/arm-none-eabi/bin/../lib/gcc/arm-none-eabi/13.2.1/../../../../arm-none-eabi/lib/thumb/v6-m/nofp/libc.a(libc_a-callocr.o)
                0x10006f84                _calloc_r
 .text.malloc   0x1000702c       0x14 /Applications/ArmGNUToolchain/13.2.Rel1/arm-none-eabi/bin/../lib/gcc/arm-none-eabi/13.2.1/../../../../arm-none-eabi/lib/thumb/v6-m/nofp/libc.a(libc_a-malloc.o)
                0x1000702c                malloc
 .text.free     0x10007040       0x14 /Applications/ArmGNUToolchain/13.2.Rel1/arm-none-eabi/bin/../lib/gcc/arm-none-eabi/13.2.1/../../../../arm-none-eabi/lib/thumb/v6-m/nofp/libc.a(libc_a-malloc.o)
                0x10007040                free
 .text._malloc_r
                0x10007054      0x5c4 /Applications/ArmGNUToolchain/13.2.Rel1/arm-none-eabi/bin/../lib/gcc/arm-none-eabi/13.2.1/../../../../arm-none-eabi/lib/thumb/v6-m/nofp/libc.a(libc_a-mallocr.o)
                0x10007054                _malloc_r
 .text.__malloc_lock
                0x10007618       0x10 /Applications/ArmGNUToolchain/13.2.Rel1/arm-none-eabi/bin/../lib/gcc/arm-none-eabi/13.2.1/../../../../arm-none-eabi/lib/thumb/v6-m/nofp/libc.a(libc_a-mlock.o)
                0x10007618                __malloc_lock
 .text.__malloc_unlock
                0x10007628       0x10 /Applications/ArmGNUToolchain/13.2.Rel1/arm-none-eabi/bin/../lib/gcc/arm-none-eabi/13.2.1/../../../../arm-none-eabi/lib/thumb/v6-m/nofp/libc.a(libc_a-mlock.o)
                0x10007628                __malloc_unlock
 .text.realloc  0x10007638       0x18 /Applications/ArmGNUToolchain/13.2.Rel1/arm-none-eabi/bin/../lib/gcc/arm-none-eabi/13.2.1/../../../../arm-none-eabi/lib/thumb/v6-m/nofp/libc.a(libc_a-realloc.o)
                0x10007638                realloc
 .text.scanf    0x10007650       0x24 /Applications/ArmGNUToolchain/13.2.Rel1/arm-none-eabi/bin/../lib/gcc/arm-none-eabi/13.2.1/../../../../arm-none-eabi/lib/thumb/v6-m/nofp/libc.a(libc_a-scanf.o)
                0x10007650                scanf
 .text._realloc_r
                0x10007674      0x350 /Applications/ArmGNUToolchain/13.2.Rel1/arm-none-eabi/bin/../lib/gcc/arm-none-eabi/13.2.1/../../../../arm-none-eabi/lib/thumb/v6-m/nofp/libc.a(libc_a-reallocr.o)
                0x10007674                _realloc_r
 .text.memmove  0x100079c4       0xb0 /Applications/ArmGNUToolchain/13.2.Rel1/arm-none-eabi/bin/../lib/gcc/arm-none-eabi/13.2.1/../../../../arm-none-eabi/lib/thumb/v6-m/nofp/libc.a(libc_a-memmove.o)
                0x100079c4                memmove
 .text._sbrk_r  0x10007a74       0x24 /Applications/ArmGNUToolchain/13.2.Rel1/arm-none-eabi/bin/../lib/gcc/arm-none-eabi/13.2.1/../../../../arm-none-eabi/lib/thumb/v6-m/nofp/libc.a(libc_a-sbrkr.o)
                0x10007a74                _sbrk_r
 .text.__errno  0x10007a98        0xc /Applications/ArmGNUToolchain/13.2.Rel1/arm-none-eabi/bin/../lib/gcc/arm-none-eabi/13.2.1/../../../../arm-none-eabi/lib/thumb/v6-m/nofp/libc.a(libc_a-errno.o)
                0x10007a98                __errno
 .text.sysconf  0x10007aa4       0x1c /Applications/ArmGNUToolchain/13.2.Rel1/arm-none-eabi/bin/../lib/gcc/arm-none-eabi/13.2.1/../../../../arm-none-eabi/lib/thumb/v6-m/nofp/libc.a(libc_a-sysconf.o)
                0x10007aa4                sysconf
 .text.__retarget_lock_init_recursive
                0x10007ac0        0x4 /Applications/ArmGNUToolchain/13.2.Rel1/arm-none-eabi/bin/../lib/gcc/arm-none-eabi/13.2.1/../../../../arm-none-eabi/lib/thumb/v6-m/nofp/libc.a(libc_a-lock.o)
                0x10007ac0                __retarget_lock_init_recursive
 .text.__retarget_lock_close_recursive
                0x10007ac4        0x4 /Applications/ArmGNUToolchain/13.2.Rel1/arm-none-eabi/bin/../lib/gcc/arm-none-eabi/13.2.1/../../../../arm-none-eabi/lib/thumb/v6-m/nofp/libc.a(libc_a-lock.o)
                0x10007ac4                __retarget_lock_close_recursive
 .text.__retarget_lock_acquire_recursive
                0x10007ac8        0x4 /Applications/ArmGNUToolchain/13.2.Rel1/arm-none-eabi/bin/../lib/gcc/arm-none-eabi/13.2.1/../../../../arm-none-eabi/lib/thumb/v6-m/nofp/libc.a(libc_a-lock.o)
                0x10007ac8                __retarget_lock_acquire_recursive
 .text.__retarget_lock_release_recursive
                0x10007acc        0x4 /Applications/ArmGNUToolchain/13.2.Rel1/arm-none-eabi/bin/../lib/gcc/arm-none-eabi/13.2.1/../../../../arm-none-eabi/lib/thumb/v6-m/nofp/libc.a(libc_a-lock.o)
                0x10007acc                __retarget_lock_release_recursive
 .text.strlen   0x10007ad0       0x5c /Applications/ArmGNUToolchain/13.2.Rel1/arm-none-eabi/bin/../lib/gcc/arm-none-eabi/13.2.1/../../../../arm-none-eabi/lib/thumb/v6-m/nofp/libc.a(libc_a-strlen-stub.o)
                0x10007ad0                strlen
 .text._malloc_trim_r
                0x10007b2c       0xb4 /Applications/ArmGNUToolchain/13.2.Rel1/arm-none-eabi/bin/../lib/gcc/arm-none-eabi/13.2.1/../../../../arm-none-eabi/lib/thumb/v6-m/nofp/libc.a(libc_a-freer.o)
                0x10007b2c                _malloc_trim_r
 .text._free_r  0x10007be0      0x1d4 /Applications/ArmGNUToolchain/13.2.Rel1/arm-none-eabi/bin/../lib/gcc/arm-none-eabi/13.2.1/../../../../arm-none-eabi/lib/thumb/v6-m/nofp/libc.a(libc_a-freer.o)
                0x10007be0                _free_r
 .text.__svfscanf_r
                0x10007db4     0x1884 /Applications/ArmGNUToolchain/13.2.Rel1/arm-none-eabi/bin/../lib/gcc/arm-none-eabi/13.2.1/../../../../arm-none-eabi/lib/thumb/v6-m/nofp/libc.a(libc_a-vfscanf.o)
                0x10007db4                __svfscanf_r
 .text._vfscanf_r
                0x10009638       0x28 /Applications/ArmGNUToolchain/13.2.Rel1/arm-none-eabi/bin/../lib/gcc/arm-none-eabi/13.2.1/../../../../arm-none-eabi/lib/thumb/v6-m/nofp/libc.a(libc_a-vfscanf.o)
                0x10009638                _vfscanf_r
 .text.__sccl   0x10009660       0x80 /Applications/ArmGNUToolchain/13.2.Rel1/arm-none-eabi/bin/../lib/gcc/arm-none-eabi/13.2.1/../../../../arm-none-eabi/lib/thumb/v6-m/nofp/libc.a(libc_a-sccl.o)
                0x10009660                __sccl
 .text.sulp     0x100096e0       0x30 /Applications/ArmGNUToolchain/13.2.Rel1/arm-none-eabi/bin/../lib/gcc/arm-none-eabi/13.2.1/../../../../arm-none-eabi/lib/thumb/v6-m/nofp/libc.a(libc_a-strtod.o)
 .text._strtod_l
                0x10009710      0xeb8 /Applications/ArmGNUToolchain/13.2.Rel1/arm-none-eabi/bin/../lib/gcc/arm-none-eabi/13.2.1/../../../../arm-none-eabi/lib/thumb/v6-m/nofp/libc.a(libc_a-strtod.o)
                0x10009710                _strtod_l
 .text._strtod_r
                0x1000a5c8       0x10 /Applications/ArmGNUToolchain/13.2.Rel1/arm-none-eabi/bin/../lib/gcc/arm-none-eabi/13.2.1/../../../../arm-none-eabi/lib/thumb/v6-m/nofp/libc.a(libc_a-strtod.o)
                0x1000a5c8                _strtod_r
 .text._strtol_l.isra.0
                0x1000a5d8      0x158 /Applications/ArmGNUToolchain/13.2.Rel1/arm-none-eabi/bin/../lib/gcc/arm-none-eabi/13.2.1/../../../../arm-none-eabi/lib/thumb/v6-m/nofp/libc.a(libc_a-strtol.o)
 .text._strtol_r
                0x1000a730        0x8 /Applications/ArmGNUToolchain/13.2.Rel1/arm-none-eabi/bin/../lib/gcc/arm-none-eabi/13.2.1/../../../../arm-none-eabi/lib/thumb/v6-m/nofp/libc.a(libc_a-strtol.o)
                0x1000a730                _strtol_r
 .text._strtoul_l.isra.0
                0x1000a738      0x144 /Applications/ArmGNUToolchain/13.2.Rel1/arm-none-eabi/bin/../lib/gcc/arm-none-eabi/13.2.1/../../../../arm-none-eabi/lib/thumb/v6-m/nofp/libc.a(libc_a-strtoul.o)
 .text._strtoul_r
                0x1000a87c        0x8 /Applications/ArmGNUToolchain/13.2.Rel1/arm-none-eabi/bin/../lib/gcc/arm-none-eabi/13.2.1/../../../../arm-none-eabi/lib/thumb/v6-m/nofp/libc.a(libc_a-strtoul.o)
                0x1000a87c                _strtoul_r
 .text.stdio_exit_handler
                0x1000a884       0x1c /Applications/ArmGNUToolchain/13.2.Rel1/arm-none-eabi/bin/../lib/gcc/arm-none-eabi/13.2.1/../../../../arm-none-eabi/lib/thumb/v6-m/nofp/libc.a(libc_a-findfp.o)
 .text.cleanup_stdio
                0x1000a8a0       0x3c /Applications/ArmGNUToolchain/13.2.Rel1/arm-none-eabi/bin/../lib/gcc/arm-none-eabi/13.2.1/../../../../arm-none-eabi/lib/thumb/v6-m/nofp/libc.a(libc_a-findfp.o)
 .text.global_stdio_init.part.0
                0x1000a8dc      0x118 /Applications/ArmGNUToolchain/13.2.Rel1/arm-none-eabi/bin/../lib/gcc/arm-none-eabi/13.2.1/../../../../arm-none-eabi/lib/thumb/v6-m/nofp/libc.a(libc_a-findfp.o)
 .text.__sinit  0x1000a9f4       0x38 /Applications/ArmGNUToolchain/13.2.Rel1/arm-none-eabi/bin/../lib/gcc/arm-none-eabi/13.2.1/../../../../arm-none-eabi/lib/thumb/v6-m/nofp/libc.a(libc_a-findfp.o)
                0x1000a9f4                __sinit
 .text.__sfp_lock_acquire
                0x1000aa2c       0x10 /Applications/ArmGNUToolchain/13.2.Rel1/arm-none-eabi/bin/../lib/gcc/arm-none-eabi/13.2.1/../../../../arm-none-eabi/lib/thumb/v6-m/nofp/libc.a(libc_a-findfp.o)
                0x1000aa2c                __sfp_lock_acquire
 .text.__sfp_lock_release
                0x1000aa3c       0x10 /Applications/ArmGNUToolchain/13.2.Rel1/arm-none-eabi/bin/../lib/gcc/arm-none-eabi/13.2.1/../../../../arm-none-eabi/lib/thumb/v6-m/nofp/libc.a(libc_a-findfp.o)
                0x1000aa3c                __sfp_lock_release
 .text.__submore
                0x1000aa4c       0x84 /Applications/ArmGNUToolchain/13.2.Rel1/arm-none-eabi/bin/../lib/gcc/arm-none-eabi/13.2.1/../../../../arm-none-eabi/lib/thumb/v6-m/nofp/libc.a(libc_a-ungetc.o)
                0x1000aa4c                __submore
 .text._ungetc_r
                0x1000aad0      0x144 /Applications/ArmGNUToolchain/13.2.Rel1/arm-none-eabi/bin/../lib/gcc/arm-none-eabi/13.2.1/../../../../arm-none-eabi/lib/thumb/v6-m/nofp/libc.a(libc_a-ungetc.o)
                0x1000aad0                _ungetc_r
 .text._fread_r
                0x1000ac14      0x1e8 /Applications/ArmGNUToolchain/13.2.Rel1/arm-none-eabi/bin/../lib/gcc/arm-none-eabi/13.2.1/../../../../arm-none-eabi/lib/thumb/v6-m/nofp/libc.a(libc_a-fread.o)
                0x1000ac14                _fread_r
 .text._fwalk_sglue
                0x1000adfc       0x44 /Applications/ArmGNUToolchain/13.2.Rel1/arm-none-eabi/bin/../lib/gcc/arm-none-eabi/13.2.1/../../../../arm-none-eabi/lib/thumb/v6-m/nofp/libc.a(libc_a-fwalk.o)
                0x1000adfc                _fwalk_sglue
 .text.strncmp  0x1000ae40       0x74 /Applications/ArmGNUToolchain/13.2.Rel1/arm-none-eabi/bin/../lib/gcc/arm-none-eabi/13.2.1/../../../../arm-none-eabi/lib/thumb/v6-m/nofp/libc.a(libc_a-strncmp.o)
                0x1000ae40                strncmp
 .text.stpncpy  0x1000aeb4       0x78 /Applications/ArmGNUToolchain/13.2.Rel1/arm-none-eabi/bin/../lib/gcc/arm-none-eabi/13.2.1/../../../../arm-none-eabi/lib/thumb/v6-m/nofp/libc.a(libc_a-stpncpy.o)
                0x1000aeb4                stpncpy
 .text.__locale_mb_cur_max
                0x1000af2c       0x10 /Applications/ArmGNUToolchain/13.2.Rel1/arm-none-eabi/bin/../lib/gcc/arm-none-eabi/13.2.1/../../../../arm-none-eabi/lib/thumb/v6-m/nofp/libc.a(libc_a-locale.o)
                0x1000af2c                __locale_mb_cur_max
 .text._localeconv_r
                0x1000af3c        0x8 /Applications/ArmGNUToolchain/13.2.Rel1/arm-none-eabi/bin/../lib/gcc/arm-none-eabi/13.2.1/../../../../arm-none-eabi/lib/thumb/v6-m/nofp/libc.a(libc_a-localeconv.o)
                0x1000af3c                _localeconv_r
 .text          0x1000af44       0x88 /Applications/ArmGNUToolchain/13.2.Rel1/arm-none-eabi/bin/../lib/gcc/arm-none-eabi/13.2.1/../../../../arm-none-eabi/lib/thumb/v6-m/nofp/libc.a(libc_a-strcmp.o)
                0x1000af44                strcmp
 .text._strtoll_l.isra.0
                0x1000afcc      0x1a0 /Applications/ArmGNUToolchain/13.2.Rel1/arm-none-eabi/bin/../lib/gcc/arm-none-eabi/13.2.1/../../../../arm-none-eabi/lib/thumb/v6-m/nofp/libc.a(libc_a-strtoll.o)
 .text._strtoll_r
                0x1000b16c        0x8 /Applications/ArmGNUToolchain/13.2.Rel1/arm-none-eabi/bin/../lib/gcc/arm-none-eabi/13.2.1/../../../../arm-none-eabi/lib/thumb/v6-m/nofp/libc.a(libc_a-strtoll.o)
                0x1000b16c                _strtoll_r
 .text._strtoull_l.isra.0
                0x1000b174      0x1c4 /Applications/ArmGNUToolchain/13.2.Rel1/arm-none-eabi/bin/../lib/gcc/arm-none-eabi/13.2.1/../../../../arm-none-eabi/lib/thumb/v6-m/nofp/libc.a(libc_a-strtoull.o)
 .text._strtoull_r
                0x1000b338        0x8 /Applications/ArmGNUToolchain/13.2.Rel1/arm-none-eabi/bin/../lib/gcc/arm-none-eabi/13.2.1/../../../../arm-none-eabi/lib/thumb/v6-m/nofp/libc.a(libc_a-strtoull.o)
                0x1000b338                _strtoull_r
 .text._mbrtowc_r
                0x1000b340       0x54 /Applications/ArmGNUToolchain/13.2.Rel1/arm-none-eabi/bin/../lib/gcc/arm-none-eabi/13.2.1/../../../../arm-none-eabi/lib/thumb/v6-m/nofp/libc.a(libc_a-mbrtowc.o)
                0x1000b340                _mbrtowc_r
 .text.iswspace
                0x1000b394        0xc /Applications/ArmGNUToolchain/13.2.Rel1/arm-none-eabi/bin/../lib/gcc/arm-none-eabi/13.2.1/../../../../arm-none-eabi/lib/thumb/v6-m/nofp/libc.a(libc_a-iswspace.o)
                0x1000b394                iswspace
 .text.iswspace_l
                0x1000b3a0       0x24 /Applications/ArmGNUToolchain/13.2.Rel1/arm-none-eabi/bin/../lib/gcc/arm-none-eabi/13.2.1/../../../../arm-none-eabi/lib/thumb/v6-m/nofp/libc.a(libc_a-iswspace_l.o)
                0x1000b3a0                iswspace_l
 .text.nan      0x1000b3c4        0xc /Applications/ArmGNUToolchain/13.2.Rel1/arm-none-eabi/bin/../lib/gcc/arm-none-eabi/13.2.1/../../../../arm-none-eabi/lib/thumb/v6-m/nofp/libc.a(libm_a-s_nan.o)
                0x1000b3c4                nan
 .text.nanf     0x1000b3d0        0x8 /Applications/ArmGNUToolchain/13.2.Rel1/arm-none-eabi/bin/../lib/gcc/arm-none-eabi/13.2.1/../../../../arm-none-eabi/lib/thumb/v6-m/nofp/libc.a(libm_a-sf_nan.o)
                0x1000b3d0                nanf
 .text.__jp2uc  0x1000b3d8      0x154 /Applications/ArmGNUToolchain/13.2.Rel1/arm-none-eabi/bin/../lib/gcc/arm-none-eabi/13.2.1/../../../../arm-none-eabi/lib/thumb/v6-m/nofp/libc.a(libc_a-jp2uc.o)
 .text._jp2uc_l
                0x1000b52c       0x68 /Applications/ArmGNUToolchain/13.2.Rel1/arm-none-eabi/bin/../lib/gcc/arm-none-eabi/13.2.1/../../../../arm-none-eabi/lib/thumb/v6-m/nofp/libc.a(libc_a-jp2uc.o)
                0x1000b52c                _jp2uc_l
 .text.category
                0x1000b594       0x54 /Applications/ArmGNUToolchain/13.2.Rel1/arm-none-eabi/bin/../lib/gcc/arm-none-eabi/13.2.1/../../../../arm-none-eabi/lib/thumb/v6-m/nofp/libc.a(libc_a-categories.o)
                0x1000b594                category
 .text.rshift   0x1000b5e8       0xb0 /Applications/ArmGNUToolchain/13.2.Rel1/arm-none-eabi/bin/../lib/gcc/arm-none-eabi/13.2.1/../../../../arm-none-eabi/lib/thumb/v6-m/nofp/libc.a(libc_a-gdtoa-gethex.o)
 .text.__gethex
                0x1000b698      0x5a8 /Applications/ArmGNUToolchain/13.2.Rel1/arm-none-eabi/bin/../lib/gcc/arm-none-eabi/13.2.1/../../../../arm-none-eabi/lib/thumb/v6-m/nofp/libc.a(libc_a-gdtoa-gethex.o)
                0x1000b698                __gethex
 .text.__match  0x1000bc40       0x2c /Applications/ArmGNUToolchain/13.2.Rel1/arm-none-eabi/bin/../lib/gcc/arm-none-eabi/13.2.1/../../../../arm-none-eabi/lib/thumb/v6-m/nofp/libc.a(libc_a-gdtoa-hexnan.o)
                0x1000bc40                __match
 .text.__hexnan
                0x1000bc6c      0x204 /Applications/ArmGNUToolchain/13.2.Rel1/arm-none-eabi/bin/../lib/gcc/arm-none-eabi/13.2.1/../../../../arm-none-eabi/lib/thumb/v6-m/nofp/libc.a(libc_a-gdtoa-hexnan.o)
                0x1000bc6c                __hexnan
 .text.__ascii_mbtowc
                0x1000be70       0x2c /Applications/ArmGNUToolchain/13.2.Rel1/arm-none-eabi/bin/../lib/gcc/arm-none-eabi/13.2.1/../../../../arm-none-eabi/lib/thumb/v6-m/nofp/libc.a(libc_a-mbtowc_r.o)
                0x1000be70                __ascii_mbtowc
 .text._Balloc  0x1000be9c       0x50 /Applications/ArmGNUToolchain/13.2.Rel1/arm-none-eabi/bin/../lib/gcc/arm-none-eabi/13.2.1/../../../../arm-none-eabi/lib/thumb/v6-m/nofp/libc.a(libc_a-mprec.o)
                0x1000be9c                _Balloc
 .text._Bfree   0x1000beec       0x14 /Applications/ArmGNUToolchain/13.2.Rel1/arm-none-eabi/bin/../lib/gcc/arm-none-eabi/13.2.1/../../../../arm-none-eabi/lib/thumb/v6-m/nofp/libc.a(libc_a-mprec.o)
                0x1000beec                _Bfree
 .text.__multadd
                0x1000bf00       0xa8 /Applications/ArmGNUToolchain/13.2.Rel1/arm-none-eabi/bin/../lib/gcc/arm-none-eabi/13.2.1/../../../../arm-none-eabi/lib/thumb/v6-m/nofp/libc.a(libc_a-mprec.o)
                0x1000bf00                __multadd
 .text.__s2b    0x1000bfa8       0xb0 /Applications/ArmGNUToolchain/13.2.Rel1/arm-none-eabi/bin/../lib/gcc/arm-none-eabi/13.2.1/../../../../arm-none-eabi/lib/thumb/v6-m/nofp/libc.a(libc_a-mprec.o)
                0x1000bfa8                __s2b
 .text.__hi0bits
                0x1000c058       0x4c /Applications/ArmGNUToolchain/13.2.Rel1/arm-none-eabi/bin/../lib/gcc/arm-none-eabi/13.2.1/../../../../arm-none-eabi/lib/thumb/v6-m/nofp/libc.a(libc_a-mprec.o)
                0x1000c058                __hi0bits
 .text.__lo0bits
                0x1000c0a4       0x5c /Applications/ArmGNUToolchain/13.2.Rel1/arm-none-eabi/bin/../lib/gcc/arm-none-eabi/13.2.1/../../../../arm-none-eabi/lib/thumb/v6-m/nofp/libc.a(libc_a-mprec.o)
                0x1000c0a4                __lo0bits
 .text.__i2b    0x1000c100       0x60 /Applications/ArmGNUToolchain/13.2.Rel1/arm-none-eabi/bin/../lib/gcc/arm-none-eabi/13.2.1/../../../../arm-none-eabi/lib/thumb/v6-m/nofp/libc.a(libc_a-mprec.o)
                0x1000c100                __i2b
 .text.__multiply
                0x1000c160      0x1ac /Applications/ArmGNUToolchain/13.2.Rel1/arm-none-eabi/bin/../lib/gcc/arm-none-eabi/13.2.1/../../../../arm-none-eabi/lib/thumb/v6-m/nofp/libc.a(libc_a-mprec.o)
                0x1000c160                __multiply
 .text.__pow5mult
                0x1000c30c       0xd0 /Applications/ArmGNUToolchain/13.2.Rel1/arm-none-eabi/bin/../lib/gcc/arm-none-eabi/13.2.1/../../../../arm-none-eabi/lib/thumb/v6-m/nofp/libc.a(libc_a-mprec.o)
                0x1000c30c                __pow5mult
 .text.__lshift
                0x1000c3dc       0xfc /Applications/ArmGNUToolchain/13.2.Rel1/arm-none-eabi/bin/../lib/gcc/arm-none-eabi/13.2.1/../../../../arm-none-eabi/lib/thumb/v6-m/nofp/libc.a(libc_a-mprec.o)
                0x1000c3dc                __lshift
 .text.__mcmp   0x1000c4d8       0x3c /Applications/ArmGNUToolchain/13.2.Rel1/arm-none-eabi/bin/../lib/gcc/arm-none-eabi/13.2.1/../../../../arm-none-eabi/lib/thumb/v6-m/nofp/libc.a(libc_a-mprec.o)
                0x1000c4d8                __mcmp
 .text.__mdiff  0x1000c514      0x1b4 /Applications/ArmGNUToolchain/13.2.Rel1/arm-none-eabi/bin/../lib/gcc/arm-none-eabi/13.2.1/../../../../arm-none-eabi/lib/thumb/v6-m/nofp/libc.a(libc_a-mprec.o)
                0x1000c514                __mdiff
 .text.__ulp    0x1000c6c8       0x40 /Applications/ArmGNUToolchain/13.2.Rel1/arm-none-eabi/bin/../lib/gcc/arm-none-eabi/13.2.1/../../../../arm-none-eabi/lib/thumb/v6-m/nofp/libc.a(libc_a-mprec.o)
                0x1000c6c8                __ulp
 .text.__b2d    0x1000c708       0xb8 /Applications/ArmGNUToolchain/13.2.Rel1/arm-none-eabi/bin/../lib/gcc/arm-none-eabi/13.2.1/../../../../arm-none-eabi/lib/thumb/v6-m/nofp/libc.a(libc_a-mprec.o)
                0x1000c708                __b2d
 .text.__d2b    0x1000c7c0       0xcc /Applications/ArmGNUToolchain/13.2.Rel1/arm-none-eabi/bin/../lib/gcc/arm-none-eabi/13.2.1/../../../../arm-none-eabi/lib/thumb/v6-m/nofp/libc.a(libc_a-mprec.o)
                0x1000c7c0                __d2b
 .text.__ratio  0x1000c88c       0x68 /Applications/ArmGNUToolchain/13.2.Rel1/arm-none-eabi/bin/../lib/gcc/arm-none-eabi/13.2.1/../../../../arm-none-eabi/lib/thumb/v6-m/nofp/libc.a(libc_a-mprec.o)
                0x1000c88c                __ratio
 .text.__copybits
                0x1000c8f4       0x40 /Applications/ArmGNUToolchain/13.2.Rel1/arm-none-eabi/bin/../lib/gcc/arm-none-eabi/13.2.1/../../../../arm-none-eabi/lib/thumb/v6-m/nofp/libc.a(libc_a-mprec.o)
                0x1000c8f4                __copybits
 .text.__any_on
                0x1000c934       0x4c /Applications/ArmGNUToolchain/13.2.Rel1/arm-none-eabi/bin/../lib/gcc/arm-none-eabi/13.2.1/../../../../arm-none-eabi/lib/thumb/v6-m/nofp/libc.a(libc_a-mprec.o)
                0x1000c934                __any_on
 .text.lflush   0x1000c980       0x20 /Applications/ArmGNUToolchain/13.2.Rel1/arm-none-eabi/bin/../lib/gcc/arm-none-eabi/13.2.1/../../../../arm-none-eabi/lib/thumb/v6-m/nofp/libc.a(libc_a-refill.o)
 .text.__srefill_r
                0x1000c9a0      0x118 /Applications/ArmGNUToolchain/13.2.Rel1/arm-none-eabi/bin/../lib/gcc/arm-none-eabi/13.2.1/../../../../arm-none-eabi/lib/thumb/v6-m/nofp/libc.a(libc_a-refill.o)
                0x1000c9a0                __srefill_r
 .text._fclose_r
                0x1000cab8       0xd0 /Applications/ArmGNUToolchain/13.2.Rel1/arm-none-eabi/bin/../lib/gcc/arm-none-eabi/13.2.1/../../../../arm-none-eabi/lib/thumb/v6-m/nofp/libc.a(libc_a-fclose.o)
                0x1000cab8                _fclose_r
 .text.__sflush_r
                0x1000cb88      0x148 /Applications/ArmGNUToolchain/13.2.Rel1/arm-none-eabi/bin/../lib/gcc/arm-none-eabi/13.2.1/../../../../arm-none-eabi/lib/thumb/v6-m/nofp/libc.a(libc_a-fflush.o)
                0x1000cb88                __sflush_r
 .text._fflush_r
                0x1000ccd0       0x68 /Applications/ArmGNUToolchain/13.2.Rel1/arm-none-eabi/bin/../lib/gcc/arm-none-eabi/13.2.1/../../../../arm-none-eabi/lib/thumb/v6-m/nofp/libc.a(libc_a-fflush.o)
                0x1000ccd0                _fflush_r
 .text.__sread  0x1000cd38       0x28 /Applications/ArmGNUToolchain/13.2.Rel1/arm-none-eabi/bin/../lib/gcc/arm-none-eabi/13.2.1/../../../../arm-none-eabi/lib/thumb/v6-m/nofp/libc.a(libc_a-stdio.o)
                0x1000cd38                __sread
 .text.__swrite
                0x1000cd60       0x40 /Applications/ArmGNUToolchain/13.2.Rel1/arm-none-eabi/bin/../lib/gcc/arm-none-eabi/13.2.1/../../../../arm-none-eabi/lib/thumb/v6-m/nofp/libc.a(libc_a-stdio.o)
                0x1000cd60                __swrite
 .text.__sseek  0x1000cda0       0x30 /Applications/ArmGNUToolchain/13.2.Rel1/arm-none-eabi/bin/../lib/gcc/arm-none-eabi/13.2.1/../../../../arm-none-eabi/lib/thumb/v6-m/nofp/libc.a(libc_a-stdio.o)
                0x1000cda0                __sseek
 .text.__sclose
                0x1000cdd0        0xc /Applications/ArmGNUToolchain/13.2.Rel1/arm-none-eabi/bin/../lib/gcc/arm-none-eabi/13.2.1/../../../../arm-none-eabi/lib/thumb/v6-m/nofp/libc.a(libc_a-stdio.o)
                0x1000cdd0                __sclose
 .text.__ascii_wctomb
                0x1000cddc       0x1c /Applications/ArmGNUToolchain/13.2.Rel1/arm-none-eabi/bin/../lib/gcc/arm-none-eabi/13.2.1/../../../../arm-none-eabi/lib/thumb/v6-m/nofp/libc.a(libc_a-wctomb_r.o)
                0x1000cddc                __ascii_wctomb
 .text._close_r
                0x1000cdf8       0x24 /Applications/ArmGNUToolchain/13.2.Rel1/arm-none-eabi/bin/../lib/gcc/arm-none-eabi/13.2.1/../../../../arm-none-eabi/lib/thumb/v6-m/nofp/libc.a(libc_a-closer.o)
                0x1000cdf8                _close_r
 .text._lseek_r
                0x1000ce1c       0x28 /Applications/ArmGNUToolchain/13.2.Rel1/arm-none-eabi/bin/../lib/gcc/arm-none-eabi/13.2.1/../../../../arm-none-eabi/lib/thumb/v6-m/nofp/libc.a(libc_a-lseekr.o)
                0x1000ce1c                _lseek_r
 .text._read_r  0x1000ce44       0x28 /Applications/ArmGNUToolchain/13.2.Rel1/arm-none-eabi/bin/../lib/gcc/arm-none-eabi/13.2.1/../../../../arm-none-eabi/lib/thumb/v6-m/nofp/libc.a(libc_a-readr.o)
                0x1000ce44                _read_r
 .text._write_r
                0x1000ce6c       0x28 /Applications/ArmGNUToolchain/13.2.Rel1/arm-none-eabi/bin/../lib/gcc/arm-none-eabi/13.2.1/../../../../arm-none-eabi/lib/thumb/v6-m/nofp/libc.a(libc_a-writer.o)
                0x1000ce6c                _write_r
 .text.__smakebuf_r
                0x1000ce94       0xe0 /Applications/ArmGNUToolchain/13.2.Rel1/arm-none-eabi/bin/../lib/gcc/arm-none-eabi/13.2.1/../../../../arm-none-eabi/lib/thumb/v6-m/nofp/libc.a(libc_a-makebuf.o)
                0x1000ce94                __smakebuf_r
 .text._fstat_r
                0x1000cf74       0x28 /Applications/ArmGNUToolchain/13.2.Rel1/arm-none-eabi/bin/../lib/gcc/arm-none-eabi/13.2.1/../../../../arm-none-eabi/lib/thumb/v6-m/nofp/libc.a(libc_a-fstatr.o)
                0x1000cf74                _fstat_r
 .text._isatty_r
                0x1000cf9c       0x24 /Applications/ArmGNUToolchain/13.2.Rel1/arm-none-eabi/bin/../lib/gcc/arm-none-eabi/13.2.1/../../../../arm-none-eabi/lib/thumb/v6-m/nofp/libc.a(libc_a-isattyr.o)
                0x1000cf9c                _isatty_r
 *(.fini)
 .fini          0x1000cfc0        0x4 /Applications/ArmGNUToolchain/13.2.Rel1/arm-none-eabi/bin/../lib/gcc/arm-none-eabi/13.2.1/thumb/v6-m/nofp/crti.o
                0x1000cfc0                _fini
 *fill*         0x1000cfc4        0x4 
 .fini.__stub   0x1000cfc8       0xc0 linker stubs
 *crtbegin.o(.ctors)
 *crtbegin?.o(.ctors)
 *(EXCLUDE_FILE(*crtend.o *crtend?.o) .ctors)
 *(SORT_BY_NAME(.ctors.*))
 *(.ctors)
 *crtbegin.o(.dtors)
 *crtbegin?.o(.dtors)
 *(EXCLUDE_FILE(*crtend.o *crtend?.o) .dtors)
 *(SORT_BY_NAME(.dtors.*))
 *(.dtors)
 *(.eh_frame*)
 .eh_frame      0x1000d088        0x0 /Applications/ArmGNUToolchain/13.2.Rel1/arm-none-eabi/bin/../lib/gcc/arm-none-eabi/13.2.1/thumb/v6-m/nofp/crtbegin.o
                0x1000d088                        . = ALIGN (0x4)

.glue_7         0x1000d088        0x0
 .glue_7        0x1000d088        0x0 linker stubs

.glue_7t        0x1000d088        0x0
 .glue_7t       0x1000d088        0x0 linker stubs

.vfp11_veneer   0x1000d088        0x0
 .vfp11_veneer  0x1000d088        0x0 linker stubs

.v4_bx          0x1000d088        0x0
 .v4_bx         0x1000d088        0x0 linker stubs

.iplt           0x1000d088        0x0
 .iplt          0x1000d088        0x0 /Applications/ArmGNUToolchain/13.2.Rel1/arm-none-eabi/bin/../lib/gcc/arm-none-eabi/13.2.1/thumb/v6-m/nofp/crtbegin.o

.rodata         0x1000d088     0x79a8
 *(EXCLUDE_FILE(*libm.a: *libc.a:*lib_a-mem*.o *libgcc.a:) .rodata*)
 .rodata.main.str1.4
                0x1000d088      0x35a CMakeFiles/print.dir/print.c.obj
                                 0x3c (size before relaxing)
 .rodata.spin_lock_claim_unused.str1.4
                0x1000d3e2       0x1b CMakeFiles/print.dir/Users/siddp/Pico/pico-sdk/src/rp2_common/hardware_sync/sync.c.obj
 .rodata.user_irq_claim_unused.str1.4
                0x1000d3e2       0x1b CMakeFiles/print.dir/Users/siddp/Pico/pico-sdk/src/rp2_common/hardware_irq/irq.c.obj
 *fill*         0x1000d3e2        0x6 
 .rodata.at_the_end_of_time
                0x1000d3e8        0x8 CMakeFiles/print.dir/Users/siddp/Pico/pico-sdk/src/common/pico_time/time.c.obj
                0x1000d3e8                at_the_end_of_time
 .rodata.hardware_alarm_claim.str1.4
                0x1000d3f0       0x22 CMakeFiles/print.dir/Users/siddp/Pico/pico-sdk/src/rp2_common/hardware_timer/timer.c.obj
 .rodata.__assert_func.str1.4
                0x1000d3f0       0x43 CMakeFiles/print.dir/Users/siddp/Pico/pico-sdk/src/rp2_common/pico_runtime/runtime.c.obj
 .rodata.panic.str1.4
                0x1000d3f0       0x12 CMakeFiles/print.dir/Users/siddp/Pico/pico-sdk/src/rp2_common/pico_runtime/runtime.c.obj
 .rodata.hard_assertion_failure.str1.4
                0x1000d3f0        0xc CMakeFiles/print.dir/Users/siddp/Pico/pico-sdk/src/rp2_common/pico_runtime/runtime.c.obj
 .rodata._ftoa.str1.4
                0x1000d3f0       0x15 CMakeFiles/print.dir/Users/siddp/Pico/pico-sdk/src/rp2_common/pico_printf/printf.c.obj
 .rodata._vsnprintf
                0x1000d3f0      0x19c CMakeFiles/print.dir/Users/siddp/Pico/pico-sdk/src/rp2_common/pico_printf/printf.c.obj
 *fill*         0x1000d58c        0x4 
 .rodata.pow10.0
                0x1000d590       0x50 CMakeFiles/print.dir/Users/siddp/Pico/pico-sdk/src/rp2_common/pico_printf/printf.c.obj
 .rodata.__wrap_malloc.str1.4
                0x1000d5e0        0xe CMakeFiles/print.dir/Users/siddp/Pico/pico-sdk/src/rp2_common/pico_malloc/pico_malloc.c.obj
 .rodata.str1.4
                0x1000d5e0       0x3c CMakeFiles/print.dir/Users/siddp/Pico/pico-sdk/src/rp2_common/pico_standard_link/binary_info.c.obj
 .rodata.__bi_81
                0x1000d5e0        0xc CMakeFiles/print.dir/Users/siddp/Pico/pico-sdk/src/rp2_common/pico_standard_link/binary_info.c.obj
 .rodata.__bi_75
                0x1000d5ec        0xc CMakeFiles/print.dir/Users/siddp/Pico/pico-sdk/src/rp2_common/pico_standard_link/binary_info.c.obj
 .rodata.__bi_44
                0x1000d5f8        0xc CMakeFiles/print.dir/Users/siddp/Pico/pico-sdk/src/rp2_common/pico_standard_link/binary_info.c.obj
 .rodata.crlf_str.0
                0x1000d604        0x2 CMakeFiles/print.dir/Users/siddp/Pico/pico-sdk/src/rp2_common/pico_stdio/stdio.c.obj
 *fill*         0x1000d606        0x2 
 .rodata._resetd_driver
                0x1000d608       0x18 CMakeFiles/print.dir/Users/siddp/Pico/pico-sdk/src/rp2_common/pico_stdio_usb/reset_interface.c.obj
 .rodata.str1.4
                0x1000d620       0x13 CMakeFiles/print.dir/Users/siddp/Pico/pico-sdk/src/rp2_common/pico_stdio_usb/stdio_usb.c.obj
 .rodata.__bi_182.0
                0x1000d620        0xc CMakeFiles/print.dir/Users/siddp/Pico/pico-sdk/src/rp2_common/pico_stdio_usb/stdio_usb.c.obj
 .rodata.str1.4
                0x1000d62c       0x2a CMakeFiles/print.dir/Users/siddp/Pico/pico-sdk/src/rp2_common/pico_stdio_usb/stdio_usb_descriptors.c.obj
 .rodata.usbd_desc_str
                0x1000d62c       0x18 CMakeFiles/print.dir/Users/siddp/Pico/pico-sdk/src/rp2_common/pico_stdio_usb/stdio_usb_descriptors.c.obj
 .rodata.usbd_desc_cfg
                0x1000d644       0x54 CMakeFiles/print.dir/Users/siddp/Pico/pico-sdk/src/rp2_common/pico_stdio_usb/stdio_usb_descriptors.c.obj
 .rodata.usbd_desc_device
                0x1000d698       0x12 CMakeFiles/print.dir/Users/siddp/Pico/pico-sdk/src/rp2_common/pico_stdio_usb/stdio_usb_descriptors.c.obj
 .rodata.str1.4
                0x1000d6aa       0x14 CMakeFiles/print.dir/Users/siddp/Pico/pico-sdk/lib/tinyusb/src/portable/raspberrypi/rp2040/dcd_rp2040.c.obj
 .rodata.str1.4
                0x1000d6aa       0x53 CMakeFiles/print.dir/Users/siddp/Pico/pico-sdk/lib/tinyusb/src/portable/raspberrypi/rp2040/rp2040_usb.c.obj
 *fill*         0x1000d6aa        0x2 
 .rodata.tud_task_ext
                0x1000d6ac       0x8c CMakeFiles/print.dir/Users/siddp/Pico/pico-sdk/lib/tinyusb/src/device/usbd.c.obj
 .rodata._usbd_driver
                0x1000d738       0x18 CMakeFiles/print.dir/Users/siddp/Pico/pico-sdk/lib/tinyusb/src/device/usbd.c.obj
 .rodata.__svfscanf_r.str1.4
                0x1000d750        0x9 /Applications/ArmGNUToolchain/13.2.Rel1/arm-none-eabi/bin/../lib/gcc/arm-none-eabi/13.2.1/../../../../arm-none-eabi/lib/thumb/v6-m/nofp/libc.a(libc_a-vfscanf.o)
 .rodata.__svfscanf_r
                0x1000d750      0x3cc /Applications/ArmGNUToolchain/13.2.Rel1/arm-none-eabi/bin/../lib/gcc/arm-none-eabi/13.2.1/../../../../arm-none-eabi/lib/thumb/v6-m/nofp/libc.a(libc_a-vfscanf.o)
 .rodata.basefix.0
                0x1000db1c       0x22 /Applications/ArmGNUToolchain/13.2.Rel1/arm-none-eabi/bin/../lib/gcc/arm-none-eabi/13.2.1/../../../../arm-none-eabi/lib/thumb/v6-m/nofp/libc.a(libc_a-vfscanf.o)
 .rodata._strtod_l.str1.4
                0x1000db3e       0x15 /Applications/ArmGNUToolchain/13.2.Rel1/arm-none-eabi/bin/../lib/gcc/arm-none-eabi/13.2.1/../../../../arm-none-eabi/lib/thumb/v6-m/nofp/libc.a(libc_a-strtod.o)
 *fill*         0x1000db3e        0x2 
 .rodata._strtod_l
                0x1000db40       0xd0 /Applications/ArmGNUToolchain/13.2.Rel1/arm-none-eabi/bin/../lib/gcc/arm-none-eabi/13.2.1/../../../../arm-none-eabi/lib/thumb/v6-m/nofp/libc.a(libc_a-strtod.o)
 .rodata.fpinan.0
                0x1000dc10       0x14 /Applications/ArmGNUToolchain/13.2.Rel1/arm-none-eabi/bin/../lib/gcc/arm-none-eabi/13.2.1/../../../../arm-none-eabi/lib/thumb/v6-m/nofp/libc.a(libc_a-strtod.o)
 .rodata.fpi.1  0x1000dc24       0x14 /Applications/ArmGNUToolchain/13.2.Rel1/arm-none-eabi/bin/../lib/gcc/arm-none-eabi/13.2.1/../../../../arm-none-eabi/lib/thumb/v6-m/nofp/libc.a(libc_a-strtod.o)
 .rodata.tinytens
                0x1000dc38       0x28 /Applications/ArmGNUToolchain/13.2.Rel1/arm-none-eabi/bin/../lib/gcc/arm-none-eabi/13.2.1/../../../../arm-none-eabi/lib/thumb/v6-m/nofp/libc.a(libc_a-strtod.o)
 .rodata.str1.4
                0x1000dc60       0x4c /Applications/ArmGNUToolchain/13.2.Rel1/arm-none-eabi/bin/../lib/gcc/arm-none-eabi/13.2.1/../../../../arm-none-eabi/lib/thumb/v6-m/nofp/libc.a(libc_a-locale.o)
 .rodata._mbrtowc_r.str1.4
                0x1000dc60        0x1 /Applications/ArmGNUToolchain/13.2.Rel1/arm-none-eabi/bin/../lib/gcc/arm-none-eabi/13.2.1/../../../../arm-none-eabi/lib/thumb/v6-m/nofp/libc.a(libc_a-mbrtowc.o)
 .rodata._ctype_
                0x1000dc60      0x101 /Applications/ArmGNUToolchain/13.2.Rel1/arm-none-eabi/bin/../lib/gcc/arm-none-eabi/13.2.1/../../../../arm-none-eabi/lib/thumb/v6-m/nofp/libc.a(libc_a-ctype_.o)
                0x1000dc60                _ctype_
 *fill*         0x1000dd61        0x3 
 .rodata.__jp2uc
                0x1000dd64       0x20 /Applications/ArmGNUToolchain/13.2.Rel1/arm-none-eabi/bin/../lib/gcc/arm-none-eabi/13.2.1/../../../../arm-none-eabi/lib/thumb/v6-m/nofp/libc.a(libc_a-jp2uc.o)
 .rodata._jp2uc_l.str1.4
                0x1000dd84       0x12 /Applications/ArmGNUToolchain/13.2.Rel1/arm-none-eabi/bin/../lib/gcc/arm-none-eabi/13.2.1/../../../../arm-none-eabi/lib/thumb/v6-m/nofp/libc.a(libc_a-jp2uc.o)
 .rodata.d02f4  0x1000dd84     0x1a7c /Applications/ArmGNUToolchain/13.2.Rel1/arm-none-eabi/bin/../lib/gcc/arm-none-eabi/13.2.1/../../../../arm-none-eabi/lib/thumb/v6-m/nofp/libc.a(libc_a-jp2uc.o)
 .rodata.b02cf  0x1000f800     0x172a /Applications/ArmGNUToolchain/13.2.Rel1/arm-none-eabi/bin/../lib/gcc/arm-none-eabi/13.2.1/../../../../arm-none-eabi/lib/thumb/v6-m/nofp/libc.a(libc_a-jp2uc.o)
 *fill*         0x10010f2a        0x2 
 .rodata.a8     0x10010f2c       0x40 /Applications/ArmGNUToolchain/13.2.Rel1/arm-none-eabi/bin/../lib/gcc/arm-none-eabi/13.2.1/../../../../arm-none-eabi/lib/thumb/v6-m/nofp/libc.a(libc_a-jp2uc.o)
 .rodata.a7     0x10010f6c       0xa2 /Applications/ArmGNUToolchain/13.2.Rel1/arm-none-eabi/bin/../lib/gcc/arm-none-eabi/13.2.1/../../../../arm-none-eabi/lib/thumb/v6-m/nofp/libc.a(libc_a-jp2uc.o)
 *fill*         0x1001100e        0x2 
 .rodata.a6     0x10011010       0x70 /Applications/ArmGNUToolchain/13.2.Rel1/arm-none-eabi/bin/../lib/gcc/arm-none-eabi/13.2.1/../../../../arm-none-eabi/lib/thumb/v6-m/nofp/libc.a(libc_a-jp2uc.o)
 .rodata.a3     0x10011080       0x5b /Applications/ArmGNUToolchain/13.2.Rel1/arm-none-eabi/bin/../lib/gcc/arm-none-eabi/13.2.1/../../../../arm-none-eabi/lib/thumb/v6-m/nofp/libc.a(libc_a-jp2uc.o)
 *fill*         0x100110db        0x1 
 .rodata.a2     0x100110dc       0xbc /Applications/ArmGNUToolchain/13.2.Rel1/arm-none-eabi/bin/../lib/gcc/arm-none-eabi/13.2.1/../../../../arm-none-eabi/lib/thumb/v6-m/nofp/libc.a(libc_a-jp2uc.o)
 .rodata.a1     0x10011198       0xbc /Applications/ArmGNUToolchain/13.2.Rel1/arm-none-eabi/bin/../lib/gcc/arm-none-eabi/13.2.1/../../../../arm-none-eabi/lib/thumb/v6-m/nofp/libc.a(libc_a-jp2uc.o)
 .rodata.categories
                0x10011254     0x35dc /Applications/ArmGNUToolchain/13.2.Rel1/arm-none-eabi/bin/../lib/gcc/arm-none-eabi/13.2.1/../../../../arm-none-eabi/lib/thumb/v6-m/nofp/libc.a(libc_a-categories.o)
 .rodata.__gethex.str1.4
                0x10014830       0x81 /Applications/ArmGNUToolchain/13.2.Rel1/arm-none-eabi/bin/../lib/gcc/arm-none-eabi/13.2.1/../../../../arm-none-eabi/lib/thumb/v6-m/nofp/libc.a(libc_a-gdtoa-gethex.o)
 .rodata.__hexdig
                0x10014830      0x100 /Applications/ArmGNUToolchain/13.2.Rel1/arm-none-eabi/bin/../lib/gcc/arm-none-eabi/13.2.1/../../../../arm-none-eabi/lib/thumb/v6-m/nofp/libc.a(libc_a-gdtoa-gethex.o)
                0x10014830                __hexdig
 .rodata.__multadd.str1.4
                0x10014930       0x76 /Applications/ArmGNUToolchain/13.2.Rel1/arm-none-eabi/bin/../lib/gcc/arm-none-eabi/13.2.1/../../../../arm-none-eabi/lib/thumb/v6-m/nofp/libc.a(libc_a-mprec.o)
 .rodata.p05.0  0x10014930        0xc /Applications/ArmGNUToolchain/13.2.Rel1/arm-none-eabi/bin/../lib/gcc/arm-none-eabi/13.2.1/../../../../arm-none-eabi/lib/thumb/v6-m/nofp/libc.a(libc_a-mprec.o)
 *fill*         0x1001493c        0x4 
 .rodata.__mprec_bigtens
                0x10014940       0x28 /Applications/ArmGNUToolchain/13.2.Rel1/arm-none-eabi/bin/../lib/gcc/arm-none-eabi/13.2.1/../../../../arm-none-eabi/lib/thumb/v6-m/nofp/libc.a(libc_a-mprec.o)
                0x10014940                __mprec_bigtens
 .rodata.__mprec_tens
                0x10014968       0xc8 /Applications/ArmGNUToolchain/13.2.Rel1/arm-none-eabi/bin/../lib/gcc/arm-none-eabi/13.2.1/../../../../arm-none-eabi/lib/thumb/v6-m/nofp/libc.a(libc_a-mprec.o)
                0x10014968                __mprec_tens
                0x10014a30                        . = ALIGN (0x4)
 *(SORT_BY_ALIGNMENT(SORT_BY_NAME(.flashdata*)))
                0x10014a30                        . = ALIGN (0x4)

.ARM.extab
 *(.ARM.extab* .gnu.linkonce.armextab.*)
                0x10014a30                        __exidx_start = .

.ARM.exidx
 *(.ARM.exidx* .gnu.linkonce.armexidx.*)
                0x10014a30                        __exidx_end = .
                0x10014a30                        . = ALIGN (0x4)
                0x10014a30                        __binary_info_start = .

.binary_info    0x10014a30       0x20
 *(.binary_info.keep.*)
 .binary_info.keep.__bi_ptr81
                0x10014a30        0x4 CMakeFiles/print.dir/Users/siddp/Pico/pico-sdk/src/rp2_common/pico_standard_link/binary_info.c.obj
 .binary_info.keep.__bi_ptr75
                0x10014a34        0x4 CMakeFiles/print.dir/Users/siddp/Pico/pico-sdk/src/rp2_common/pico_standard_link/binary_info.c.obj
 .binary_info.keep.__bi_ptr50
                0x10014a38        0x4 CMakeFiles/print.dir/Users/siddp/Pico/pico-sdk/src/rp2_common/pico_standard_link/binary_info.c.obj
 .binary_info.keep.__bi_ptr44
                0x10014a3c        0x4 CMakeFiles/print.dir/Users/siddp/Pico/pico-sdk/src/rp2_common/pico_standard_link/binary_info.c.obj
 .binary_info.keep.__bi_ptr38
                0x10014a40        0x4 CMakeFiles/print.dir/Users/siddp/Pico/pico-sdk/src/rp2_common/pico_standard_link/binary_info.c.obj
 .binary_info.keep.__bi_ptr30
                0x10014a44        0x4 CMakeFiles/print.dir/Users/siddp/Pico/pico-sdk/src/rp2_common/pico_standard_link/binary_info.c.obj
 .binary_info.keep.__bi_ptr22
                0x10014a48        0x4 CMakeFiles/print.dir/Users/siddp/Pico/pico-sdk/src/rp2_common/pico_standard_link/binary_info.c.obj
 *(.binary_info.*)
 .binary_info.__bi_ptr182
                0x10014a4c        0x4 CMakeFiles/print.dir/Users/siddp/Pico/pico-sdk/src/rp2_common/pico_stdio_usb/stdio_usb.c.obj
                0x10014a50                        __binary_info_end = .

.rel.dyn        0x10014a50        0x0
 .rel.iplt      0x10014a50        0x0 /Applications/ArmGNUToolchain/13.2.Rel1/arm-none-eabi/bin/../lib/gcc/arm-none-eabi/13.2.1/thumb/v6-m/nofp/crtbegin.o
                0x10014a50                        . = ALIGN (0x4)

.ram_vector_table
                0x20000000       0xc0
 *(.ram_vector_table)
 .ram_vector_table
                0x20000000       0xc0 CMakeFiles/print.dir/Users/siddp/Pico/pico-sdk/src/rp2_common/pico_runtime/runtime.c.obj
                0x20000000                ram_vector_table

.data           0x200000c0     0x14d0 load address 0x10014a50
                0x200000c0                        __data_start__ = .
 *(vtable)
 *(.time_critical*)
 .time_critical.mutex_try_enter
                0x200000c0       0x40 CMakeFiles/print.dir/Users/siddp/Pico/pico-sdk/src/common/pico_sync/mutex.c.obj
                0x200000c0                mutex_try_enter
 .time_critical.mutex_try_enter_block_until
                0x20000100       0x9c CMakeFiles/print.dir/Users/siddp/Pico/pico-sdk/src/common/pico_sync/mutex.c.obj
                0x20000100                mutex_try_enter_block_until
 .time_critical.mutex_enter_timeout_ms
                0x2000019c       0x90 CMakeFiles/print.dir/Users/siddp/Pico/pico-sdk/src/common/pico_sync/mutex.c.obj
                0x2000019c                mutex_enter_timeout_ms
 .time_critical.mutex_exit
                0x2000022c       0x28 CMakeFiles/print.dir/Users/siddp/Pico/pico-sdk/src/common/pico_sync/mutex.c.obj
                0x2000022c                mutex_exit
 .time_critical.flash_init_boot2_copyout
                0x20000254       0x30 CMakeFiles/print.dir/Users/siddp/Pico/pico-sdk/src/rp2_common/hardware_flash/flash.c.obj
 .time_critical.flash_enable_xip_via_boot2
                0x20000284        0xc CMakeFiles/print.dir/Users/siddp/Pico/pico-sdk/src/rp2_common/hardware_flash/flash.c.obj
 .time_critical.flash_cs_force
                0x20000290       0x38 CMakeFiles/print.dir/Users/siddp/Pico/pico-sdk/src/rp2_common/hardware_flash/flash.c.obj
 .time_critical.flash_do_cmd
                0x200002c8       0xc0 CMakeFiles/print.dir/Users/siddp/Pico/pico-sdk/src/rp2_common/hardware_flash/flash.c.obj
                0x200002c8                flash_do_cmd
 .time_critical.reset_non_control_endpoints
                0x20000388       0x68 CMakeFiles/print.dir/Users/siddp/Pico/pico-sdk/lib/tinyusb/src/portable/raspberrypi/rp2040/dcd_rp2040.c.obj
 .time_critical.hw_handle_buff_status
                0x200003f0       0xb0 CMakeFiles/print.dir/Users/siddp/Pico/pico-sdk/lib/tinyusb/src/portable/raspberrypi/rp2040/dcd_rp2040.c.obj
 .time_critical.dcd_rp2040_irq
                0x200004a0      0x510 CMakeFiles/print.dir/Users/siddp/Pico/pico-sdk/lib/tinyusb/src/portable/raspberrypi/rp2040/dcd_rp2040.c.obj
 .time_critical.e15_is_bulkin_ep
                0x200009b0       0x28 CMakeFiles/print.dir/Users/siddp/Pico/pico-sdk/lib/tinyusb/src/portable/raspberrypi/rp2040/rp2040_usb.c.obj
 .time_critical.e15_is_critical_frame_period
                0x200009d8       0x34 CMakeFiles/print.dir/Users/siddp/Pico/pico-sdk/lib/tinyusb/src/portable/raspberrypi/rp2040/rp2040_usb.c.obj
 .time_critical.prepare_ep_buffer
                0x20000a0c       0x6c CMakeFiles/print.dir/Users/siddp/Pico/pico-sdk/lib/tinyusb/src/portable/raspberrypi/rp2040/rp2040_usb.c.obj
 .time_critical.sync_ep_buffer
                0x20000a78       0x48 CMakeFiles/print.dir/Users/siddp/Pico/pico-sdk/lib/tinyusb/src/portable/raspberrypi/rp2040/rp2040_usb.c.obj
 .time_critical._hw_endpoint_xfer_sync
                0x20000ac0       0x28 CMakeFiles/print.dir/Users/siddp/Pico/pico-sdk/lib/tinyusb/src/portable/raspberrypi/rp2040/rp2040_usb.c.obj
 .time_critical.hw_endpoint_reset_transfer
                0x20000ae8        0xc CMakeFiles/print.dir/Users/siddp/Pico/pico-sdk/lib/tinyusb/src/portable/raspberrypi/rp2040/rp2040_usb.c.obj
                0x20000ae8                hw_endpoint_reset_transfer
 .time_critical._hw_endpoint_buffer_control_update32
                0x20000af4       0x58 CMakeFiles/print.dir/Users/siddp/Pico/pico-sdk/lib/tinyusb/src/portable/raspberrypi/rp2040/rp2040_usb.c.obj
                0x20000af4                _hw_endpoint_buffer_control_update32